Archive member included to satisfy reference by file (symbol)

/usr/lib/gcc/arm-none-eabi/10.3.1/../../../arm-none-eabi/lib/thumb/v6-m/nofp/libstdc++.a(functional.o)
                              CMakeFiles/wireless_attempt.dir/src/joybus.cpp.obj (std::__throw_bad_function_call())
/usr/lib/gcc/arm-none-eabi/10.3.1/../../../arm-none-eabi/lib/thumb/v6-m/nofp/libstdc++.a(eh_alloc.o)
                              /usr/lib/gcc/arm-none-eabi/10.3.1/../../../arm-none-eabi/lib/thumb/v6-m/nofp/libstdc++.a(functional.o) (__cxa_allocate_exception)
/usr/lib/gcc/arm-none-eabi/10.3.1/../../../arm-none-eabi/lib/thumb/v6-m/nofp/libstdc++.a(eh_exception.o)
                              /usr/lib/gcc/arm-none-eabi/10.3.1/../../../arm-none-eabi/lib/thumb/v6-m/nofp/libstdc++.a(functional.o) (std::exception::~exception())
/usr/lib/gcc/arm-none-eabi/10.3.1/../../../arm-none-eabi/lib/thumb/v6-m/nofp/libstdc++.a(eh_terminate.o)
                              /usr/lib/gcc/arm-none-eabi/10.3.1/../../../arm-none-eabi/lib/thumb/v6-m/nofp/libstdc++.a(eh_alloc.o) (std::terminate())
/usr/lib/gcc/arm-none-eabi/10.3.1/../../../arm-none-eabi/lib/thumb/v6-m/nofp/libstdc++.a(eh_throw.o)
                              /usr/lib/gcc/arm-none-eabi/10.3.1/../../../arm-none-eabi/lib/thumb/v6-m/nofp/libstdc++.a(functional.o) (__cxa_throw)
/usr/lib/gcc/arm-none-eabi/10.3.1/../../../arm-none-eabi/lib/thumb/v6-m/nofp/libstdc++.a(eh_unex_handler.o)
                              /usr/lib/gcc/arm-none-eabi/10.3.1/../../../arm-none-eabi/lib/thumb/v6-m/nofp/libstdc++.a(eh_terminate.o) (__cxxabiv1::__unexpected_handler)
/usr/lib/gcc/arm-none-eabi/10.3.1/../../../arm-none-eabi/lib/thumb/v6-m/nofp/libstdc++.a(pure.o)
                              /usr/lib/gcc/arm-none-eabi/10.3.1/../../../arm-none-eabi/lib/thumb/v6-m/nofp/libstdc++.a(eh_exception.o) (__cxa_pure_virtual)
/usr/lib/gcc/arm-none-eabi/10.3.1/../../../arm-none-eabi/lib/thumb/v6-m/nofp/libstdc++.a(si_class_type_info.o)
                              /usr/lib/gcc/arm-none-eabi/10.3.1/../../../arm-none-eabi/lib/thumb/v6-m/nofp/libstdc++.a(functional.o) (vtable for __cxxabiv1::__si_class_type_info)
/usr/lib/gcc/arm-none-eabi/10.3.1/../../../arm-none-eabi/lib/thumb/v6-m/nofp/libstdc++.a(tinfo.o)
                              /usr/lib/gcc/arm-none-eabi/10.3.1/../../../arm-none-eabi/lib/thumb/v6-m/nofp/libstdc++.a(si_class_type_info.o) (std::type_info::__is_pointer_p() const)
/usr/lib/gcc/arm-none-eabi/10.3.1/../../../arm-none-eabi/lib/thumb/v6-m/nofp/libstdc++.a(class_type_info.o)
                              /usr/lib/gcc/arm-none-eabi/10.3.1/../../../arm-none-eabi/lib/thumb/v6-m/nofp/libstdc++.a(si_class_type_info.o) (__cxxabiv1::__class_type_info::__do_upcast(__cxxabiv1::__class_type_info const*, void**) const)
/usr/lib/gcc/arm-none-eabi/10.3.1/../../../arm-none-eabi/lib/thumb/v6-m/nofp/libstdc++.a(eh_arm.o)
                              /usr/lib/gcc/arm-none-eabi/10.3.1/../../../arm-none-eabi/lib/thumb/v6-m/nofp/libstdc++.a(eh_terminate.o) (__cxa_end_cleanup)
/usr/lib/gcc/arm-none-eabi/10.3.1/../../../arm-none-eabi/lib/thumb/v6-m/nofp/libstdc++.a(eh_call.o)
                              /usr/lib/gcc/arm-none-eabi/10.3.1/../../../arm-none-eabi/lib/thumb/v6-m/nofp/libstdc++.a(eh_terminate.o) (__cxa_call_unexpected)
/usr/lib/gcc/arm-none-eabi/10.3.1/../../../arm-none-eabi/lib/thumb/v6-m/nofp/libstdc++.a(eh_catch.o)
                              /usr/lib/gcc/arm-none-eabi/10.3.1/../../../arm-none-eabi/lib/thumb/v6-m/nofp/libstdc++.a(eh_terminate.o) (__cxa_begin_catch)
/usr/lib/gcc/arm-none-eabi/10.3.1/../../../arm-none-eabi/lib/thumb/v6-m/nofp/libstdc++.a(eh_globals.o)
                              /usr/lib/gcc/arm-none-eabi/10.3.1/../../../arm-none-eabi/lib/thumb/v6-m/nofp/libstdc++.a(eh_call.o) (__cxa_get_globals_fast)
/usr/lib/gcc/arm-none-eabi/10.3.1/../../../arm-none-eabi/lib/thumb/v6-m/nofp/libstdc++.a(eh_personality.o)
                              /usr/lib/gcc/arm-none-eabi/10.3.1/../../../arm-none-eabi/lib/thumb/v6-m/nofp/libstdc++.a(eh_terminate.o) (__gxx_personality_v0)
/usr/lib/gcc/arm-none-eabi/10.3.1/../../../arm-none-eabi/lib/thumb/v6-m/nofp/libstdc++.a(eh_term_handler.o)
                              /usr/lib/gcc/arm-none-eabi/10.3.1/../../../arm-none-eabi/lib/thumb/v6-m/nofp/libstdc++.a(eh_terminate.o) (__cxxabiv1::__terminate_handler)
/usr/lib/gcc/arm-none-eabi/10.3.1/thumb/v6-m/nofp/libgcc.a(_dvmd_tls.o)
                              CMakeFiles/wireless_attempt.dir/home/heatherdev/pico/pico-sdk/src/rp2_common/pico_divider/divider.S.obj (__aeabi_idiv0)
/usr/lib/gcc/arm-none-eabi/10.3.1/thumb/v6-m/nofp/libgcc.a(unwind-arm.o)
                              /usr/lib/gcc/arm-none-eabi/10.3.1/../../../arm-none-eabi/lib/thumb/v6-m/nofp/libstdc++.a(si_class_type_info.o) (__aeabi_unwind_cpp_pr1)
/usr/lib/gcc/arm-none-eabi/10.3.1/thumb/v6-m/nofp/libgcc.a(libunwind.o)
                              /usr/lib/gcc/arm-none-eabi/10.3.1/thumb/v6-m/nofp/libgcc.a(unwind-arm.o) (restore_core_regs)
[...]
Memory Configuration

Name             Origin             Length             Attributes
FLASH            0x0000000010000000 0x0000000000200000 xr
RAM              0x0000000020000000 0x0000000000040000 xrw
SCRATCH_X        0x0000000020040000 0x0000000000001000 xrw
SCRATCH_Y        0x0000000020041000 0x0000000000001000 xrw
*default*        0x0000000000000000 0xffffffffffffffff

Linker script and memory map

LOAD /usr/lib/gcc/arm-none-eabi/10.3.1/thumb/v6-m/nofp/crti.o
LOAD /usr/lib/gcc/arm-none-eabi/10.3.1/thumb/v6-m/nofp/crtbegin.o
LOAD /usr/lib/gcc/arm-none-eabi/10.3.1/../../../arm-none-eabi/lib/thumb/v6-m/nofp/crt0.o

.flash_begin    0x0000000010000000        0x0
                0x0000000010000000                __flash_binary_start = .

.boot2          0x0000000010000000      0x100
                0x0000000010000000                __boot2_start__ = .
 *(.boot2)
 .boot2         0x0000000010000000      0x100 /tmp/cc4F693q.o
                0x0000000010000100                __boot2_end__ = .
                0x0000000000000001                ASSERT (((__boot2_end__ - __boot2_start__) == 0x100), ERROR: Pico second stage bootloader must be 256 bytes in size)

.text           0x0000000010000100     0x6c88
                0x0000000010000100                __logical_binary_start = .
 *(.vectors)
 .vectors       0x0000000010000100       0xd4 CMakeFiles/wireless_attempt.dir/home/heatherdev/pico/pico-sdk/src/rp2_common/pico_standard_link/crt0.S.obj
                0x0000000010000100                __vectors
                0x0000000010000100                __VECTOR_TABLE
                0x00000000100001c0                isr_invalid
                0x00000000100001c0                __default_isrs_start
                0x00000000100001c2                isr_nmi
                0x00000000100001c4                isr_hardfault
                0x00000000100001c6                isr_svcall
                0x00000000100001c8                isr_pendsv
                0x00000000100001ca                isr_systick
                0x00000000100001cc                isr_irq30
                0x00000000100001cc                __unhandled_user_irq
                0x00000000100001cc                isr_irq13
                0x00000000100001cc                isr_irq27
                0x00000000100001cc                isr_irq31
                0x00000000100001cc                isr_irq5
                0x00000000100001cc                isr_irq11
                0x00000000100001cc                isr_irq23
                0x00000000100001cc                isr_irq18
                0x00000000100001cc                isr_irq28
                0x00000000100001cc                isr_irq19
                0x00000000100001cc                isr_irq0
                0x00000000100001cc                isr_irq6
                0x00000000100001cc                isr_irq22
                0x00000000100001cc                isr_irq17
                0x00000000100001cc                isr_irq14
                0x00000000100001cc                isr_irq2
                0x00000000100001cc                isr_irq10
                0x00000000100001cc                isr_irq8
                0x00000000100001cc                isr_irq24
                0x00000000100001cc                isr_irq1
                0x00000000100001cc                isr_irq7
                0x00000000100001cc                isr_irq21
                0x00000000100001cc                isr_irq20
                0x00000000100001cc                isr_irq15
                0x00000000100001cc                isr_irq25
                0x00000000100001cc                isr_irq4
                0x00000000100001cc                isr_irq16
                0x00000000100001cc                isr_irq29
                0x00000000100001cc                isr_irq26
                0x00000000100001cc                __default_isrs_end
                0x00000000100001cc                isr_irq3
                0x00000000100001cc                isr_irq12
                0x00000000100001cc                isr_irq9
                0x00000000100001d2                unhandled_user_irq_num_in_r0
 *(.binary_info_header)
 .binary_info_header
                0x00000000100001d4       0x14 CMakeFiles/wireless_attempt.dir/home/heatherdev/pico/pico-sdk/src/rp2_common/pico_standard_link/crt0.S.obj
                0x00000000100001e8                __binary_info_header_end = .
 *(.reset)
 .reset         0x00000000100001e8       0xa0 CMakeFiles/wireless_attempt.dir/home/heatherdev/pico/pico-sdk/src/rp2_common/pico_standard_link/crt0.S.obj
                0x00000000100001e8                _entry_point
 .reset         0x0000000010000288       0x30 CMakeFiles/wireless_attempt.dir/home/heatherdev/pico/pico-sdk/src/rp2_common/pico_standard_link/binary_info.c.obj
 *(.init)
 .init          0x00000000100002b8        0x4 /usr/lib/gcc/arm-none-eabi/10.3.1/thumb/v6-m/nofp/crti.o
                0x00000000100002b8                _init
 *(EXCLUDE_FILE(*libm.a: *libc.a:*lib_a-mem*.o *libgcc.a:) .text*)
 .text          0x00000000100002bc       0x98 /usr/lib/gcc/arm-none-eabi/10.3.1/thumb/v6-m/nofp/crtbegin.o
 .text._ZNSt17_Function_handlerIF8GCReportvEPS1_E9_M_invokeERKSt9_Any_data
                0x0000000010000354        0xc CMakeFiles/wireless_attempt.dir/src/main.cpp.obj
                0x0000000010000354                std::_Function_handler<GCReport (), GCReport (*)()>::_M_invoke(std::_Any_data const&)
 .text._ZNSt17_Function_handlerIF8GCReportvEPS1_E10_M_managerERSt9_Any_dataRKS4_St18_Manager_operation
                0x0000000010000360       0x18 CMakeFiles/wireless_attempt.dir/src/main.cpp.obj
                0x0000000010000360                std::_Function_handler<GCReport (), GCReport (*)()>::_M_manager(std::_Any_data&, std::_Any_data const&, std::_Manager_operation)
 .text._Z11second_corev
                0x0000000010000378      0x184 CMakeFiles/wireless_attempt.dir/src/main.cpp.obj
                0x0000000010000378                second_core()
 .text._Z15setup_registersv
                0x00000000100004fc      0x248 CMakeFiles/wireless_attempt.dir/src/main.cpp.obj
                0x00000000100004fc                setup_registers()
 .text.startup.main
                0x0000000010000744       0xd4 CMakeFiles/wireless_attempt.dir/src/main.cpp.obj
                0x0000000010000744                main
 .text.gpio_set_function
                0x0000000010000818       0x30 CMakeFiles/wireless_attempt.dir/home/heatherdev/pico/pico-sdk/src/rp2_common/hardware_gpio/gpio.c.obj
                0x0000000010000818                gpio_set_function
 .text.gpio_set_pulls
                0x0000000010000848       0x30 CMakeFiles/wireless_attempt.dir/home/heatherdev/pico/pico-sdk/src/rp2_common/hardware_gpio/gpio.c.obj
                0x0000000010000848                gpio_set_pulls
 .text.gpio_init
                0x0000000010000878       0x3c CMakeFiles/wireless_attempt.dir/home/heatherdev/pico/pico-sdk/src/rp2_common/hardware_gpio/gpio.c.obj
                0x0000000010000878                gpio_init
 .text.running_on_fpga
                0x00000000100008b4       0x10 CMakeFiles/wireless_attempt.dir/home/heatherdev/pico/pico-sdk/src/rp2_common/pico_platform/platform.c.obj
                0x00000000100008b4                running_on_fpga
 .text.hw_claim_lock
                0x00000000100008c4       0x18 CMakeFiles/wireless_attempt.dir/home/heatherdev/pico/pico-sdk/src/rp2_common/hardware_claim/claim.c.obj
                0x00000000100008c4                hw_claim_lock
 .text.hw_claim_unlock
                0x00000000100008dc       0x14 CMakeFiles/wireless_attempt.dir/home/heatherdev/pico/pico-sdk/src/rp2_common/hardware_claim/claim.c.obj
                0x00000000100008dc                hw_claim_unlock
 .text.hw_claim_or_assert
                0x00000000100008f0       0x44 CMakeFiles/wireless_attempt.dir/home/heatherdev/pico/pico-sdk/src/rp2_common/hardware_claim/claim.c.obj
                0x00000000100008f0                hw_claim_or_assert
 .text.hw_claim_unused_from_range
                0x0000000010000934       0x9c CMakeFiles/wireless_attempt.dir/home/heatherdev/pico/pico-sdk/src/rp2_common/hardware_claim/claim.c.obj
                0x0000000010000934                hw_claim_unused_from_range
 .text.spin_locks_reset
                0x00000000100009d0       0x1c CMakeFiles/wireless_attempt.dir/home/heatherdev/pico/pico-sdk/src/rp2_common/hardware_sync/sync.c.obj
                0x00000000100009d0                spin_locks_reset
 .text.next_striped_spin_lock_num
                0x00000000100009ec       0x18 CMakeFiles/wireless_attempt.dir/home/heatherdev/pico/pico-sdk/src/rp2_common/hardware_sync/sync.c.obj
                0x00000000100009ec                next_striped_spin_lock_num
 .text.spin_lock_claim_unused
                0x0000000010000a04       0x20 CMakeFiles/wireless_attempt.dir/home/heatherdev/pico/pico-sdk/src/rp2_common/hardware_sync/sync.c.obj
                0x0000000010000a04                spin_lock_claim_unused
 .text.irq_set_enabled
                0x0000000010000a24       0x24 CMakeFiles/wireless_attempt.dir/home/heatherdev/pico/pico-sdk/src/rp2_common/hardware_irq/irq.c.obj
                0x0000000010000a24                irq_set_enabled
 .text.irq_is_enabled
                0x0000000010000a48       0x18 CMakeFiles/wireless_attempt.dir/home/heatherdev/pico/pico-sdk/src/rp2_common/hardware_irq/irq.c.obj
                0x0000000010000a48                irq_is_enabled
 .text.irq_set_pending
                0x0000000010000a60       0x10 CMakeFiles/wireless_attempt.dir/home/heatherdev/pico/pico-sdk/src/rp2_common/hardware_irq/irq.c.obj
                0x0000000010000a60                irq_set_pending
 .text.irq_has_shared_handler
                0x0000000010000a70       0x2c CMakeFiles/wireless_attempt.dir/home/heatherdev/pico/pico-sdk/src/rp2_common/hardware_irq/irq.c.obj
                0x0000000010000a70                irq_has_shared_handler
 .text.irq_get_vtable_handler
                0x0000000010000a9c       0x10 CMakeFiles/wireless_attempt.dir/home/heatherdev/pico/pico-sdk/src/rp2_common/hardware_irq/irq.c.obj
                0x0000000010000a9c                irq_get_vtable_handler
 .text.irq_set_exclusive_handler
                0x0000000010000aac       0x54 CMakeFiles/wireless_attempt.dir/home/heatherdev/pico/pico-sdk/src/rp2_common/hardware_irq/irq.c.obj
                0x0000000010000aac                irq_set_exclusive_handler
 .text.irq_add_shared_handler
                0x0000000010000b00      0x1e8 CMakeFiles/wireless_attempt.dir/home/heatherdev/pico/pico-sdk/src/rp2_common/hardware_irq/irq.c.obj
                0x0000000010000b00                irq_add_shared_handler
 .text.irq_remove_handler
                0x0000000010000ce8      0x1b0 CMakeFiles/wireless_attempt.dir/home/heatherdev/pico/pico-sdk/src/rp2_common/hardware_irq/irq.c.obj
                0x0000000010000ce8                irq_remove_handler
 .text.irq_add_tail_to_free_list
                0x0000000010000e98       0xb4 CMakeFiles/wireless_attempt.dir/home/heatherdev/pico/pico-sdk/src/rp2_common/hardware_irq/irq.c.obj
                0x0000000010000e98                irq_add_tail_to_free_list
 .text.irq_init_priorities
                0x0000000010000f4c       0x24 CMakeFiles/wireless_attempt.dir/home/heatherdev/pico/pico-sdk/src/rp2_common/hardware_irq/irq.c.obj
                0x0000000010000f4c                irq_init_priorities
 .text.user_irq_claim_unused
                0x0000000010000f70       0x28 CMakeFiles/wireless_attempt.dir/home/heatherdev/pico/pico-sdk/src/rp2_common/hardware_irq/irq.c.obj
                0x0000000010000f70                user_irq_claim_unused
 .text.lock_init
                0x0000000010000f98       0x10 CMakeFiles/wireless_attempt.dir/home/heatherdev/pico/pico-sdk/src/common/pico_sync/lock_core.c.obj
                0x0000000010000f98                lock_init
 .text.mutex_init
                0x0000000010000fa8       0x1c CMakeFiles/wireless_attempt.dir/home/heatherdev/pico/pico-sdk/src/common/pico_sync/mutex.c.obj
                0x0000000010000fa8                mutex_init
 .text.recursive_mutex_init
                0x0000000010000fc4       0x1c CMakeFiles/wireless_attempt.dir/home/heatherdev/pico/pico-sdk/src/common/pico_sync/mutex.c.obj
                0x0000000010000fc4                recursive_mutex_init
 .text.critical_section_init
                0x0000000010000fe0       0x20 CMakeFiles/wireless_attempt.dir/home/heatherdev/pico/pico-sdk/src/common/pico_sync/critical_section.c.obj
                0x0000000010000fe0                critical_section_init
 .text.critical_section_init_with_lock_num
                0x0000000010001000       0x14 CMakeFiles/wireless_attempt.dir/home/heatherdev/pico/pico-sdk/src/common/pico_sync/critical_section.c.obj
                0x0000000010001000                critical_section_init_with_lock_num
 .text.timer_pool_entry_comparator
                0x0000000010001014       0x34 CMakeFiles/wireless_attempt.dir/home/heatherdev/pico/pico-sdk/src/common/pico_time/time.c.obj
                0x0000000010001014                timer_pool_entry_comparator
 .text.sleep_until_callback
                0x0000000010001048       0x30 CMakeFiles/wireless_attempt.dir/home/heatherdev/pico/pico-sdk/src/common/pico_time/time.c.obj
 .text.add_alarm_under_lock.isra.0
                0x0000000010001078      0x100 CMakeFiles/wireless_attempt.dir/home/heatherdev/pico/pico-sdk/src/common/pico_time/time.c.obj
 .text.alarm_pool_alarm_callback
                0x0000000010001178      0x1bc CMakeFiles/wireless_attempt.dir/home/heatherdev/pico/pico-sdk/src/common/pico_time/time.c.obj
 .text.alarm_pool_init_default
                0x0000000010001334       0x6c CMakeFiles/wireless_attempt.dir/home/heatherdev/pico/pico-sdk/src/common/pico_time/time.c.obj
                0x0000000010001334                alarm_pool_init_default
 .text.alarm_pool_get_default
                0x00000000100013a0        0x8 CMakeFiles/wireless_attempt.dir/home/heatherdev/pico/pico-sdk/src/common/pico_time/time.c.obj
                0x00000000100013a0                alarm_pool_get_default
 .text.alarm_pool_add_alarm_at
                0x00000000100013a8      0x178 CMakeFiles/wireless_attempt.dir/home/heatherdev/pico/pico-sdk/src/common/pico_time/time.c.obj
                0x00000000100013a8                alarm_pool_add_alarm_at
 .text.alarm_pool_core_num
                0x0000000010001520        0x4 CMakeFiles/wireless_attempt.dir/home/heatherdev/pico/pico-sdk/src/common/pico_time/time.c.obj
                0x0000000010001520                alarm_pool_core_num
 .text.sleep_until
                0x0000000010001524       0xc4 CMakeFiles/wireless_attempt.dir/home/heatherdev/pico/pico-sdk/src/common/pico_time/time.c.obj
                0x0000000010001524                sleep_until
 .text.sleep_us
                0x00000000100015e8       0x24 CMakeFiles/wireless_attempt.dir/home/heatherdev/pico/pico-sdk/src/common/pico_time/time.c.obj
                0x00000000100015e8                sleep_us
 .text.sleep_ms
                0x000000001000160c       0x34 CMakeFiles/wireless_attempt.dir/home/heatherdev/pico/pico-sdk/src/common/pico_time/time.c.obj
                0x000000001000160c                sleep_ms
 .text.best_effort_wfe_or_timeout
                0x0000000010001640       0xd4 CMakeFiles/wireless_attempt.dir/home/heatherdev/pico/pico-sdk/src/common/pico_time/time.c.obj
                0x0000000010001640                best_effort_wfe_or_timeout
 .text.hardware_alarm_irq_handler
                0x0000000010001714       0xbc CMakeFiles/wireless_attempt.dir/home/heatherdev/pico/pico-sdk/src/rp2_common/hardware_timer/timer.c.obj
 .text.hardware_alarm_claim
                0x00000000100017d0       0x18 CMakeFiles/wireless_attempt.dir/home/heatherdev/pico/pico-sdk/src/rp2_common/hardware_timer/timer.c.obj
                0x00000000100017d0                hardware_alarm_claim
 .text.time_us_64
                0x00000000100017e8       0x14 CMakeFiles/wireless_attempt.dir/home/heatherdev/pico/pico-sdk/src/rp2_common/hardware_timer/timer.c.obj
                0x00000000100017e8                time_us_64
 .text.busy_wait_until
                0x00000000100017fc       0x20 CMakeFiles/wireless_attempt.dir/home/heatherdev/pico/pico-sdk/src/rp2_common/hardware_timer/timer.c.obj
                0x00000000100017fc                busy_wait_until
 .text.hardware_alarm_set_callback
                0x000000001000181c       0x8c CMakeFiles/wireless_attempt.dir/home/heatherdev/pico/pico-sdk/src/rp2_common/hardware_timer/timer.c.obj
                0x000000001000181c                hardware_alarm_set_callback
 .text.hardware_alarm_set_target
                0x00000000100018a8       0xd4 CMakeFiles/wireless_attempt.dir/home/heatherdev/pico/pico-sdk/src/rp2_common/hardware_timer/timer.c.obj
                0x00000000100018a8                hardware_alarm_set_target
 .text.hardware_alarm_cancel
                0x000000001000197c       0x3c CMakeFiles/wireless_attempt.dir/home/heatherdev/pico/pico-sdk/src/rp2_common/hardware_timer/timer.c.obj
                0x000000001000197c                hardware_alarm_cancel
 .text.ph_merge_nodes
                0x00000000100019b8       0x68 CMakeFiles/wireless_attempt.dir/home/heatherdev/pico/pico-sdk/src/common/pico_util/pheap.c.obj
 .text.ph_post_alloc_init
                0x0000000010001a20       0x3c CMakeFiles/wireless_attempt.dir/home/heatherdev/pico/pico-sdk/src/common/pico_util/pheap.c.obj
                0x0000000010001a20                ph_post_alloc_init
 .text.ph_merge_two_pass
                0x0000000010001a5c       0x90 CMakeFiles/wireless_attempt.dir/home/heatherdev/pico/pico-sdk/src/common/pico_util/pheap.c.obj
                0x0000000010001a5c                ph_merge_two_pass
 .text.ph_remove_any_head
                0x0000000010001aec      0x100 CMakeFiles/wireless_attempt.dir/home/heatherdev/pico/pico-sdk/src/common/pico_util/pheap.c.obj
 .text.ph_remove_head
                0x0000000010001bec      0x104 CMakeFiles/wireless_attempt.dir/home/heatherdev/pico/pico-sdk/src/common/pico_util/pheap.c.obj
                0x0000000010001bec                ph_remove_head
 .text.ph_remove_and_free_node
                0x0000000010001cf0       0x7c CMakeFiles/wireless_attempt.dir/home/heatherdev/pico/pico-sdk/src/common/pico_util/pheap.c.obj
                0x0000000010001cf0                ph_remove_and_free_node
 .text.clocks_init
                0x0000000010001d6c      0x2d0 CMakeFiles/wireless_attempt.dir/home/heatherdev/pico/pico-sdk/src/rp2_common/hardware_clocks/clocks.c.obj
                0x0000000010001d6c                clocks_init
 .text.clock_get_hz
                0x000000001000203c        0xc CMakeFiles/wireless_attempt.dir/home/heatherdev/pico/pico-sdk/src/rp2_common/hardware_clocks/clocks.c.obj
                0x000000001000203c                clock_get_hz
 .text.pll_init
                0x0000000010002048       0xa0 CMakeFiles/wireless_attempt.dir/home/heatherdev/pico/pico-sdk/src/rp2_common/hardware_pll/pll.c.obj
                0x0000000010002048                pll_init
 .text.watchdog_start_tick
                0x00000000100020e8       0x10 CMakeFiles/wireless_attempt.dir/home/heatherdev/pico/pico-sdk/src/rp2_common/hardware_watchdog/watchdog.c.obj
                0x00000000100020e8                watchdog_start_tick
 .text.watchdog_reboot
                0x00000000100020f8       0x98 CMakeFiles/wireless_attempt.dir/home/heatherdev/pico/pico-sdk/src/rp2_common/hardware_watchdog/watchdog.c.obj
                0x00000000100020f8                watchdog_reboot
 .text.xosc_init
                0x0000000010002190       0x28 CMakeFiles/wireless_attempt.dir/home/heatherdev/pico/pico-sdk/src/rp2_common/hardware_xosc/xosc.c.obj
                0x0000000010002190                xosc_init
 .text.runtime_init
                0x00000000100021b8       0xf0 CMakeFiles/wireless_attempt.dir/home/heatherdev/pico/pico-sdk/src/rp2_common/pico_runtime/runtime.c.obj
                0x00000000100021b8                runtime_init
 .text._exit    0x00000000100022a8        0x4 CMakeFiles/wireless_attempt.dir/home/heatherdev/pico/pico-sdk/src/rp2_common/pico_runtime/runtime.c.obj
                0x00000000100022a8                _exit
 .text._sbrk    0x00000000100022ac       0x34 CMakeFiles/wireless_attempt.dir/home/heatherdev/pico/pico-sdk/src/rp2_common/pico_runtime/runtime.c.obj
                0x00000000100022ac                _sbrk
 .text._getpid  0x00000000100022e0        0x4 CMakeFiles/wireless_attempt.dir/home/heatherdev/pico/pico-sdk/src/rp2_common/pico_runtime/runtime.c.obj
                0x00000000100022e0                _getpid
 .text._kill    0x00000000100022e4        0x8 CMakeFiles/wireless_attempt.dir/home/heatherdev/pico/pico-sdk/src/rp2_common/pico_runtime/runtime.c.obj
                0x00000000100022e4                _kill
 .text.exit     0x00000000100022ec        0x8 CMakeFiles/wireless_attempt.dir/home/heatherdev/pico/pico-sdk/src/rp2_common/pico_runtime/runtime.c.obj
                0x00000000100022ec                exit
 .text.panic    0x00000000100022f4       0x30 CMakeFiles/wireless_attempt.dir/home/heatherdev/pico/pico-sdk/src/rp2_common/pico_runtime/runtime.c.obj
                0x00000000100022f4                panic
 .text.hard_assertion_failure
                0x0000000010002324        0xc CMakeFiles/wireless_attempt.dir/home/heatherdev/pico/pico-sdk/src/rp2_common/pico_runtime/runtime.c.obj
                0x0000000010002324                hard_assertion_failure
 .text._out_char
                0x0000000010002330       0x10 CMakeFiles/wireless_attempt.dir/home/heatherdev/pico/pico-sdk/src/rp2_common/pico_printf/printf.c.obj
 .text.weak_raw_vprintf
                0x0000000010002340       0x30 CMakeFiles/wireless_attempt.dir/home/heatherdev/pico/pico-sdk/src/rp2_common/pico_printf/printf.c.obj
                0x0000000010002340                weak_raw_vprintf
 .text          0x0000000010002370       0x10 CMakeFiles/wireless_attempt.dir/home/heatherdev/pico/pico-sdk/src/rp2_common/pico_bit_ops/bit_ops_aeabi.S.obj
 .text.rom_func_lookup
                0x0000000010002380       0x10 CMakeFiles/wireless_attempt.dir/home/heatherdev/pico/pico-sdk/src/rp2_common/pico_bootrom/bootrom.c.obj
                0x0000000010002380                rom_func_lookup
 .text.rom_data_lookup
                0x0000000010002390       0x10 CMakeFiles/wireless_attempt.dir/home/heatherdev/pico/pico-sdk/src/rp2_common/pico_bootrom/bootrom.c.obj
                0x0000000010002390                rom_data_lookup
 .text.rom_funcs_lookup
                0x00000000100023a0       0x44 CMakeFiles/wireless_attempt.dir/home/heatherdev/pico/pico-sdk/src/rp2_common/pico_bootrom/bootrom.c.obj
                0x00000000100023a0                rom_funcs_lookup
 .text.__wrap___aeabi_uidiv
                0x00000000100023e4       0x4c CMakeFiles/wireless_attempt.dir/home/heatherdev/pico/pico-sdk/src/rp2_common/pico_divider/divider.S.obj
                0x00000000100023e4                __wrap___aeabi_uidiv
                0x00000000100023e4                __wrap___aeabi_uidivmod
                0x00000000100023e4                div_u32u32
                0x00000000100023e4                divmod_u32u32
                0x00000000100023ec                divmod_u32u32_unsafe
                0x0000000010002414                divmod_u32u32_savestate
 .text.__aeabi_double_init
                0x0000000010002430       0x94 CMakeFiles/wireless_attempt.dir/home/heatherdev/pico/pico-sdk/src/rp2_common/pico_double/double_init_rom.c.obj
                0x0000000010002430                __aeabi_double_init
 .text.double_table_shim_on_use_helper
                0x00000000100024c4       0x2c CMakeFiles/wireless_attempt.dir/home/heatherdev/pico/pico-sdk/src/rp2_common/pico_double/double_v1_rom_shim.S.obj
                0x00000000100024c4                double_table_shim_on_use_helper
 .text.__aeabi_lmul
                0x00000000100024f0       0x32 CMakeFiles/wireless_attempt.dir/home/heatherdev/pico/pico-sdk/src/rp2_common/pico_int64_ops/pico_int64_ops_aeabi.S.obj
                0x00000000100024f0                __wrap___aeabi_lmul
 *fill*         0x0000000010002522        0x2 
 .text.__aeabi_float_init
                0x0000000010002524       0x64 CMakeFiles/wireless_attempt.dir/home/heatherdev/pico/pico-sdk/src/rp2_common/pico_float/float_init_rom.c.obj
                0x0000000010002524                __aeabi_float_init
 .text.float_table_shim_on_use_helper
                0x0000000010002588       0x2c CMakeFiles/wireless_attempt.dir/home/heatherdev/pico/pico-sdk/src/rp2_common/pico_float/float_v1_rom_shim.S.obj
                0x0000000010002588                float_table_shim_on_use_helper
 .text.__wrap_malloc
                0x00000000100025b4       0x3c CMakeFiles/wireless_attempt.dir/home/heatherdev/pico/pico-sdk/src/rp2_common/pico_malloc/pico_malloc.c.obj
                0x00000000100025b4                __wrap_malloc
 .text.__wrap_free
                0x00000000100025f0       0x20 CMakeFiles/wireless_attempt.dir/home/heatherdev/pico/pico-sdk/src/rp2_common/pico_malloc/pico_malloc.c.obj
                0x00000000100025f0                __wrap_free
 .text          0x0000000010002610       0x10 CMakeFiles/wireless_attempt.dir/home/heatherdev/pico/pico-sdk/src/rp2_common/pico_mem_ops/mem_ops_aeabi.S.obj
                0x0000000010002610                __aeabi_mem_init
 .text.memset   0x0000000010002620        0xc CMakeFiles/wireless_attempt.dir/home/heatherdev/pico/pico-sdk/src/rp2_common/pico_mem_ops/mem_ops_aeabi.S.obj
                0x0000000010002620                __wrap_memset
 .text.memcpy   0x000000001000262c        0xc CMakeFiles/wireless_attempt.dir/home/heatherdev/pico/pico-sdk/src/rp2_common/pico_mem_ops/mem_ops_aeabi.S.obj
                0x000000001000262c                __wrap___aeabi_memcpy
                0x000000001000262c                __wrap_memcpy
 .text._ZdlPv   0x0000000010002638        0x8 CMakeFiles/wireless_attempt.dir/home/heatherdev/pico/pico-sdk/src/rp2_common/pico_standard_link/new_delete.cpp.obj
                0x0000000010002638                operator delete(void*)
 .text._ZdlPvj  0x0000000010002640        0x8 CMakeFiles/wireless_attempt.dir/home/heatherdev/pico/pico-sdk/src/rp2_common/pico_standard_link/new_delete.cpp.obj
                0x0000000010002640                operator delete(void*, unsigned int)
 .text.stdio_out_chars_no_crlf
                0x0000000010002648       0x10 CMakeFiles/wireless_attempt.dir/home/heatherdev/pico/pico-sdk/src/rp2_common/pico_stdio/stdio.c.obj
 .text.stdio_out_chars_crlf
                0x0000000010002658       0xb4 CMakeFiles/wireless_attempt.dir/home/heatherdev/pico/pico-sdk/src/rp2_common/pico_stdio/stdio.c.obj
 .text.stdio_put_string.isra.0
                0x000000001000270c       0xfc CMakeFiles/wireless_attempt.dir/home/heatherdev/pico/pico-sdk/src/rp2_common/pico_stdio/stdio.c.obj
 .text.__wrap_putchar
                0x0000000010002808       0x98 CMakeFiles/wireless_attempt.dir/home/heatherdev/pico/pico-sdk/src/rp2_common/pico_stdio/stdio.c.obj
                0x0000000010002808                __wrap_putchar
 .text.__wrap_puts
                0x00000000100028a0       0x3c CMakeFiles/wireless_attempt.dir/home/heatherdev/pico/pico-sdk/src/rp2_common/pico_stdio/stdio.c.obj
                0x00000000100028a0                __wrap_puts
 .text.stdio_set_driver_enabled
                0x00000000100028dc       0x30 CMakeFiles/wireless_attempt.dir/home/heatherdev/pico/pico-sdk/src/rp2_common/pico_stdio/stdio.c.obj
                0x00000000100028dc                stdio_set_driver_enabled
 .text.stdio_init_all
                0x000000001000290c        0x8 CMakeFiles/wireless_attempt.dir/home/heatherdev/pico/pico-sdk/src/rp2_common/pico_stdio/stdio.c.obj
                0x000000001000290c                stdio_init_all
 .text.resetd_init
                0x0000000010002914        0x4 CMakeFiles/wireless_attempt.dir/home/heatherdev/pico/pico-sdk/src/rp2_common/pico_stdio_usb/reset_interface.c.obj
 .text.resetd_reset
                0x0000000010002918        0xc CMakeFiles/wireless_attempt.dir/home/heatherdev/pico/pico-sdk/src/rp2_common/pico_stdio_usb/reset_interface.c.obj
 .text.resetd_open
                0x0000000010002924       0x28 CMakeFiles/wireless_attempt.dir/home/heatherdev/pico/pico-sdk/src/rp2_common/pico_stdio_usb/reset_interface.c.obj
 .text.resetd_xfer_cb
                0x000000001000294c        0x4 CMakeFiles/wireless_attempt.dir/home/heatherdev/pico/pico-sdk/src/rp2_common/pico_stdio_usb/reset_interface.c.obj
 .text.resetd_control_xfer_cb
                0x0000000010002950       0x64 CMakeFiles/wireless_attempt.dir/home/heatherdev/pico/pico-sdk/src/rp2_common/pico_stdio_usb/reset_interface.c.obj
 .text.usbd_app_driver_get_cb
                0x00000000100029b4        0xc CMakeFiles/wireless_attempt.dir/home/heatherdev/pico/pico-sdk/src/rp2_common/pico_stdio_usb/reset_interface.c.obj
                0x00000000100029b4                usbd_app_driver_get_cb
 .text.tud_cdc_line_coding_cb
                0x00000000100029c0       0x34 CMakeFiles/wireless_attempt.dir/home/heatherdev/pico/pico-sdk/src/rp2_common/pico_stdio_usb/reset_interface.c.obj
                0x00000000100029c0                tud_cdc_line_coding_cb
 .text.stdio_usb_set_chars_available_callback
                0x00000000100029f4       0x14 CMakeFiles/wireless_attempt.dir/home/heatherdev/pico/pico-sdk/src/rp2_common/pico_stdio_usb/stdio_usb.c.obj
                0x00000000100029f4                stdio_usb_set_chars_available_callback
 .text.usb_irq  0x0000000010002a08       0x10 CMakeFiles/wireless_attempt.dir/home/heatherdev/pico/pico-sdk/src/rp2_common/pico_stdio_usb/stdio_usb.c.obj
 .text.timer_task
                0x0000000010002a18       0x54 CMakeFiles/wireless_attempt.dir/home/heatherdev/pico/pico-sdk/src/rp2_common/pico_stdio_usb/stdio_usb.c.obj
 .text.stdio_usb_in_chars
                0x0000000010002a6c       0x90 CMakeFiles/wireless_attempt.dir/home/heatherdev/pico/pico-sdk/src/rp2_common/pico_stdio_usb/stdio_usb.c.obj
                0x0000000010002a6c                stdio_usb_in_chars
 .text.stdio_usb_out_chars
                0x0000000010002afc      0x100 CMakeFiles/wireless_attempt.dir/home/heatherdev/pico/pico-sdk/src/rp2_common/pico_stdio_usb/stdio_usb.c.obj
 .text.low_priority_worker_irq
                0x0000000010002bfc       0xa8 CMakeFiles/wireless_attempt.dir/home/heatherdev/pico/pico-sdk/src/rp2_common/pico_stdio_usb/stdio_usb.c.obj
 .text.tud_cdc_rx_cb
                0x0000000010002ca4       0x20 CMakeFiles/wireless_attempt.dir/home/heatherdev/pico/pico-sdk/src/rp2_common/pico_stdio_usb/stdio_usb.c.obj
                0x0000000010002ca4                tud_cdc_rx_cb
 .text.stdio_usb_init
                0x0000000010002cc4       0xdc CMakeFiles/wireless_attempt.dir/home/heatherdev/pico/pico-sdk/src/rp2_common/pico_stdio_usb/stdio_usb.c.obj
                0x0000000010002cc4                stdio_usb_init
 .text.tud_descriptor_device_cb
                0x0000000010002da0        0x8 CMakeFiles/wireless_attempt.dir/home/heatherdev/pico/pico-sdk/src/rp2_common/pico_stdio_usb/stdio_usb_descriptors.c.obj
                0x0000000010002da0                tud_descriptor_device_cb
 .text.tud_descriptor_configuration_cb
                0x0000000010002da8        0x8 CMakeFiles/wireless_attempt.dir/home/heatherdev/pico/pico-sdk/src/rp2_common/pico_stdio_usb/stdio_usb_descriptors.c.obj
                0x0000000010002da8                tud_descriptor_configuration_cb
 .text.tud_descriptor_string_cb
                0x0000000010002db0       0x74 CMakeFiles/wireless_attempt.dir/home/heatherdev/pico/pico-sdk/src/rp2_common/pico_stdio_usb/stdio_usb_descriptors.c.obj
                0x0000000010002db0                tud_descriptor_string_cb
 .text.startup._retrieve_unique_id_on_boot
                0x0000000010002e24       0x10 CMakeFiles/wireless_attempt.dir/home/heatherdev/pico/pico-sdk/src/rp2_common/pico_unique_id/unique_id.c.obj
 .text.pico_get_unique_board_id_string
                0x0000000010002e34      0x1a8 CMakeFiles/wireless_attempt.dir/home/heatherdev/pico/pico-sdk/src/rp2_common/pico_unique_id/unique_id.c.obj
                0x0000000010002e34                pico_get_unique_board_id_string
 .text.flash_get_unique_id
                0x0000000010002fdc       0x40 CMakeFiles/wireless_attempt.dir/home/heatherdev/pico/pico-sdk/src/rp2_common/hardware_flash/flash.c.obj
                0x0000000010002fdc                flash_get_unique_id
 .text.dcd_int_enable
                0x000000001000301c        0xc CMakeFiles/wireless_attempt.dir/home/heatherdev/pico/pico-sdk/lib/tinyusb/src/portable/raspberrypi/rp2040/dcd_rp2040.c.obj
                0x000000001000301c                dcd_int_enable
 .text.dcd_set_address
                0x0000000010003028       0x14 CMakeFiles/wireless_attempt.dir/home/heatherdev/pico/pico-sdk/lib/tinyusb/src/portable/raspberrypi/rp2040/dcd_rp2040.c.obj
                0x0000000010003028                dcd_set_address
 .text.dcd_connect
                0x000000001000303c       0x10 CMakeFiles/wireless_attempt.dir/home/heatherdev/pico/pico-sdk/lib/tinyusb/src/portable/raspberrypi/rp2040/dcd_rp2040.c.obj
                0x000000001000303c                dcd_connect
 .text.dcd_init
                0x000000001000304c       0x98 CMakeFiles/wireless_attempt.dir/home/heatherdev/pico/pico-sdk/lib/tinyusb/src/portable/raspberrypi/rp2040/dcd_rp2040.c.obj
                0x000000001000304c                dcd_init
 .text.dcd_edpt0_status_complete
                0x00000000100030e4       0x1c CMakeFiles/wireless_attempt.dir/home/heatherdev/pico/pico-sdk/lib/tinyusb/src/portable/raspberrypi/rp2040/dcd_rp2040.c.obj
                0x00000000100030e4                dcd_edpt0_status_complete
 .text.dcd_edpt_open
                0x0000000010003100      0x108 CMakeFiles/wireless_attempt.dir/home/heatherdev/pico/pico-sdk/lib/tinyusb/src/portable/raspberrypi/rp2040/dcd_rp2040.c.obj
                0x0000000010003100                dcd_edpt_open
 .text.dcd_edpt_close_all
                0x0000000010003208        0x8 CMakeFiles/wireless_attempt.dir/home/heatherdev/pico/pico-sdk/lib/tinyusb/src/portable/raspberrypi/rp2040/dcd_rp2040.c.obj
                0x0000000010003208                dcd_edpt_close_all
 .text.dcd_edpt_xfer
                0x0000000010003210       0x24 CMakeFiles/wireless_attempt.dir/home/heatherdev/pico/pico-sdk/lib/tinyusb/src/portable/raspberrypi/rp2040/dcd_rp2040.c.obj
                0x0000000010003210                dcd_edpt_xfer
 .text.dcd_edpt_stall
                0x0000000010003234       0x38 CMakeFiles/wireless_attempt.dir/home/heatherdev/pico/pico-sdk/lib/tinyusb/src/portable/raspberrypi/rp2040/dcd_rp2040.c.obj
                0x0000000010003234                dcd_edpt_stall
 .text.dcd_edpt_clear_stall
                0x000000001000326c       0x30 CMakeFiles/wireless_attempt.dir/home/heatherdev/pico/pico-sdk/lib/tinyusb/src/portable/raspberrypi/rp2040/dcd_rp2040.c.obj
                0x000000001000326c                dcd_edpt_clear_stall
 .text.rp2040_usb_init
                0x000000001000329c       0x4c CMakeFiles/wireless_attempt.dir/home/heatherdev/pico/pico-sdk/lib/tinyusb/src/portable/raspberrypi/rp2040/rp2040_usb.c.obj
                0x000000001000329c                rp2040_usb_init
 .text.hw_endpoint_xfer_start
                0x00000000100032e8       0x50 CMakeFiles/wireless_attempt.dir/home/heatherdev/pico/pico-sdk/lib/tinyusb/src/portable/raspberrypi/rp2040/rp2040_usb.c.obj
                0x00000000100032e8                hw_endpoint_xfer_start
 .text.tud_mounted
                0x0000000010003338       0x10 CMakeFiles/wireless_attempt.dir/home/heatherdev/pico/pico-sdk/lib/tinyusb/src/device/usbd.c.obj
                0x0000000010003338                tud_mounted
 .text.tud_suspended
                0x0000000010003348       0x10 CMakeFiles/wireless_attempt.dir/home/heatherdev/pico/pico-sdk/lib/tinyusb/src/device/usbd.c.obj
                0x0000000010003348                tud_suspended
 .text.tud_inited
                0x0000000010003358       0x14 CMakeFiles/wireless_attempt.dir/home/heatherdev/pico/pico-sdk/lib/tinyusb/src/device/usbd.c.obj
                0x0000000010003358                tud_inited
 .text.tud_init
                0x000000001000336c       0xe4 CMakeFiles/wireless_attempt.dir/home/heatherdev/pico/pico-sdk/lib/tinyusb/src/device/usbd.c.obj
                0x000000001000336c                tud_init
 .text.tud_task_ext
                0x0000000010003450      0x854 CMakeFiles/wireless_attempt.dir/home/heatherdev/pico/pico-sdk/lib/tinyusb/src/device/usbd.c.obj
                0x0000000010003450                tud_task_ext
 .text.usbd_open_edpt_pair
                0x0000000010003ca4       0x9c CMakeFiles/wireless_attempt.dir/home/heatherdev/pico/pico-sdk/lib/tinyusb/src/device/usbd.c.obj
                0x0000000010003ca4                usbd_open_edpt_pair
 .text.usbd_defer_func
                0x0000000010003d40       0x48 CMakeFiles/wireless_attempt.dir/home/heatherdev/pico/pico-sdk/lib/tinyusb/src/device/usbd.c.obj
                0x0000000010003d40                usbd_defer_func
 .text.usbd_edpt_open
                0x0000000010003d88       0x34 CMakeFiles/wireless_attempt.dir/home/heatherdev/pico/pico-sdk/lib/tinyusb/src/device/usbd.c.obj
                0x0000000010003d88                usbd_edpt_open
 .text.usbd_edpt_claim
                0x0000000010003dbc       0x28 CMakeFiles/wireless_attempt.dir/home/heatherdev/pico/pico-sdk/lib/tinyusb/src/device/usbd.c.obj
                0x0000000010003dbc                usbd_edpt_claim
 .text.usbd_edpt_release
                0x0000000010003de4       0x28 CMakeFiles/wireless_attempt.dir/home/heatherdev/pico/pico-sdk/lib/tinyusb/src/device/usbd.c.obj
                0x0000000010003de4                usbd_edpt_release
 .text.usbd_edpt_xfer
                0x0000000010003e0c       0x4c CMakeFiles/wireless_attempt.dir/home/heatherdev/pico/pico-sdk/lib/tinyusb/src/device/usbd.c.obj
                0x0000000010003e0c                usbd_edpt_xfer
 .text.tud_control_status
                0x0000000010003e58       0x30 CMakeFiles/wireless_attempt.dir/home/heatherdev/pico/pico-sdk/lib/tinyusb/src/device/usbd_control.c.obj
                0x0000000010003e58                tud_control_status
 .text.tud_control_xfer
                0x0000000010003e88       0xbc CMakeFiles/wireless_attempt.dir/home/heatherdev/pico/pico-sdk/lib/tinyusb/src/device/usbd_control.c.obj
                0x0000000010003e88                tud_control_xfer
 .text.usbd_control_reset
                0x0000000010003f44       0x14 CMakeFiles/wireless_attempt.dir/home/heatherdev/pico/pico-sdk/lib/tinyusb/src/device/usbd_control.c.obj
                0x0000000010003f44                usbd_control_reset
 .text.usbd_control_set_complete_callback
                0x0000000010003f58        0xc CMakeFiles/wireless_attempt.dir/home/heatherdev/pico/pico-sdk/lib/tinyusb/src/device/usbd_control.c.obj
                0x0000000010003f58                usbd_control_set_complete_callback
 .text.usbd_control_set_request
                0x0000000010003f64       0x1c CMakeFiles/wireless_attempt.dir/home/heatherdev/pico/pico-sdk/lib/tinyusb/src/device/usbd_control.c.obj
                0x0000000010003f64                usbd_control_set_request
 .text.usbd_control_xfer_cb
                0x0000000010003f80       0xfc CMakeFiles/wireless_attempt.dir/home/heatherdev/pico/pico-sdk/lib/tinyusb/src/device/usbd_control.c.obj
                0x0000000010003f80                usbd_control_xfer_cb
 .text.tud_cdc_n_connected
                0x000000001000407c       0x30 CMakeFiles/wireless_attempt.dir/home/heatherdev/pico/pico-sdk/lib/tinyusb/src/class/cdc/cdc_device.c.obj
                0x000000001000407c                tud_cdc_n_connected
 .text.tud_cdc_n_available
                0x00000000100040ac       0x18 CMakeFiles/wireless_attempt.dir/home/heatherdev/pico/pico-sdk/lib/tinyusb/src/class/cdc/cdc_device.c.obj
                0x00000000100040ac                tud_cdc_n_available
 .text.tud_cdc_n_read
                0x00000000100040c4       0x70 CMakeFiles/wireless_attempt.dir/home/heatherdev/pico/pico-sdk/lib/tinyusb/src/class/cdc/cdc_device.c.obj
                0x00000000100040c4                tud_cdc_n_read
 .text.tud_cdc_n_write_flush
                0x0000000010004134       0x78 CMakeFiles/wireless_attempt.dir/home/heatherdev/pico/pico-sdk/lib/tinyusb/src/class/cdc/cdc_device.c.obj
                0x0000000010004134                tud_cdc_n_write_flush
 .text.tud_cdc_n_write
                0x00000000100041ac       0x34 CMakeFiles/wireless_attempt.dir/home/heatherdev/pico/pico-sdk/lib/tinyusb/src/class/cdc/cdc_device.c.obj
                0x00000000100041ac                tud_cdc_n_write
 .text.tud_cdc_n_write_available
                0x00000000100041e0       0x18 CMakeFiles/wireless_attempt.dir/home/heatherdev/pico/pico-sdk/lib/tinyusb/src/class/cdc/cdc_device.c.obj
                0x00000000100041e0                tud_cdc_n_write_available
 .text.cdcd_init
                0x00000000100041f8       0x7c CMakeFiles/wireless_attempt.dir/home/heatherdev/pico/pico-sdk/lib/tinyusb/src/class/cdc/cdc_device.c.obj
                0x00000000100041f8                cdcd_init
 .text.cdcd_reset
                0x0000000010004274       0x2c CMakeFiles/wireless_attempt.dir/home/heatherdev/pico/pico-sdk/lib/tinyusb/src/class/cdc/cdc_device.c.obj
                0x0000000010004274                cdcd_reset
 .text.cdcd_open
                0x00000000100042a0       0xe8 CMakeFiles/wireless_attempt.dir/home/heatherdev/pico/pico-sdk/lib/tinyusb/src/class/cdc/cdc_device.c.obj
                0x00000000100042a0                cdcd_open
 .text.cdcd_control_xfer_cb
                0x0000000010004388       0xe4 CMakeFiles/wireless_attempt.dir/home/heatherdev/pico/pico-sdk/lib/tinyusb/src/class/cdc/cdc_device.c.obj
                0x0000000010004388                cdcd_control_xfer_cb
 .text.cdcd_xfer_cb
                0x000000001000446c      0x148 CMakeFiles/wireless_attempt.dir/home/heatherdev/pico/pico-sdk/lib/tinyusb/src/class/cdc/cdc_device.c.obj
                0x000000001000446c                cdcd_xfer_cb
 .text.tusb_init
                0x00000000100045b4        0xc CMakeFiles/wireless_attempt.dir/home/heatherdev/pico/pico-sdk/lib/tinyusb/src/tusb.c.obj
                0x00000000100045b4                tusb_init
 .text.tusb_inited
                0x00000000100045c0        0x8 CMakeFiles/wireless_attempt.dir/home/heatherdev/pico/pico-sdk/lib/tinyusb/src/tusb.c.obj
                0x00000000100045c0                tusb_inited
 .text.tu_edpt_claim
                0x00000000100045c8       0x50 CMakeFiles/wireless_attempt.dir/home/heatherdev/pico/pico-sdk/lib/tinyusb/src/tusb.c.obj
                0x00000000100045c8                tu_edpt_claim
 .text.tu_edpt_release
                0x0000000010004618       0x38 CMakeFiles/wireless_attempt.dir/home/heatherdev/pico/pico-sdk/lib/tinyusb/src/tusb.c.obj
                0x0000000010004618                tu_edpt_release
 .text.tu_edpt_validate
                0x0000000010004650       0x78 CMakeFiles/wireless_attempt.dir/home/heatherdev/pico/pico-sdk/lib/tinyusb/src/tusb.c.obj
                0x0000000010004650                tu_edpt_validate
 .text.tu_edpt_bind_driver
                0x00000000100046c8       0x34 CMakeFiles/wireless_attempt.dir/home/heatherdev/pico/pico-sdk/lib/tinyusb/src/tusb.c.obj
                0x00000000100046c8                tu_edpt_bind_driver
 .text.tu_fifo_config
                0x00000000100046fc       0x70 CMakeFiles/wireless_attempt.dir/home/heatherdev/pico/pico-sdk/lib/tinyusb/src/common/tusb_fifo.c.obj
                0x00000000100046fc                tu_fifo_config
 .text.tu_fifo_count
                0x000000001000476c       0x2c CMakeFiles/wireless_attempt.dir/home/heatherdev/pico/pico-sdk/lib/tinyusb/src/common/tusb_fifo.c.obj
                0x000000001000476c                tu_fifo_count
 .text.tu_fifo_empty
                0x0000000010004798       0x10 CMakeFiles/wireless_attempt.dir/home/heatherdev/pico/pico-sdk/lib/tinyusb/src/common/tusb_fifo.c.obj
                0x0000000010004798                tu_fifo_empty
 .text.tu_fifo_remaining
                0x00000000100047a8       0x2c CMakeFiles/wireless_attempt.dir/home/heatherdev/pico/pico-sdk/lib/tinyusb/src/common/tusb_fifo.c.obj
                0x00000000100047a8                tu_fifo_remaining
 .text.tu_fifo_read
                0x00000000100047d4       0xa0 CMakeFiles/wireless_attempt.dir/home/heatherdev/pico/pico-sdk/lib/tinyusb/src/common/tusb_fifo.c.obj
                0x00000000100047d4                tu_fifo_read
 .text.tu_fifo_read_n
                0x0000000010004874       0xec CMakeFiles/wireless_attempt.dir/home/heatherdev/pico/pico-sdk/lib/tinyusb/src/common/tusb_fifo.c.obj
                0x0000000010004874                tu_fifo_read_n
 .text.tu_fifo_write
                0x0000000010004960       0x88 CMakeFiles/wireless_attempt.dir/home/heatherdev/pico/pico-sdk/lib/tinyusb/src/common/tusb_fifo.c.obj
                0x0000000010004960                tu_fifo_write
 .text.tu_fifo_write_n
                0x00000000100049e8      0x168 CMakeFiles/wireless_attempt.dir/home/heatherdev/pico/pico-sdk/lib/tinyusb/src/common/tusb_fifo.c.obj
                0x00000000100049e8                tu_fifo_write_n
 .text.tu_fifo_clear
                0x0000000010004b50       0x40 CMakeFiles/wireless_attempt.dir/home/heatherdev/pico/pico-sdk/lib/tinyusb/src/common/tusb_fifo.c.obj
                0x0000000010004b50                tu_fifo_clear
 .text.tu_fifo_set_overwritable
                0x0000000010004b90       0x48 CMakeFiles/wireless_attempt.dir/home/heatherdev/pico/pico-sdk/lib/tinyusb/src/common/tusb_fifo.c.obj
                0x0000000010004b90                tu_fifo_set_overwritable
 .text.core1_trampoline
                0x0000000010004bd8        0x4 CMakeFiles/wireless_attempt.dir/home/heatherdev/pico/pico-sdk/src/rp2_common/pico_multicore/multicore.c.obj
 .text.core1_wrapper
                0x0000000010004bdc        0xc CMakeFiles/wireless_attempt.dir/home/heatherdev/pico/pico-sdk/src/rp2_common/pico_multicore/multicore.c.obj
                0x0000000010004bdc                core1_wrapper
 .text.multicore_launch_core1_raw
                0x0000000010004be8       0x84 CMakeFiles/wireless_attempt.dir/home/heatherdev/pico/pico-sdk/src/rp2_common/pico_multicore/multicore.c.obj
                0x0000000010004be8                multicore_launch_core1_raw
 .text.multicore_launch_core1
                0x0000000010004c6c       0x4c CMakeFiles/wireless_attempt.dir/home/heatherdev/pico/pico-sdk/src/rp2_common/pico_multicore/multicore.c.obj
                0x0000000010004c6c                multicore_launch_core1
 .text.pio_add_program
                0x0000000010004cb8       0xc8 CMakeFiles/wireless_attempt.dir/home/heatherdev/pico/pico-sdk/src/rp2_common/hardware_pio/pio.c.obj
                0x0000000010004cb8                pio_add_program
 .text.pio_sm_init
                0x0000000010004d80       0x8c CMakeFiles/wireless_attempt.dir/home/heatherdev/pico/pico-sdk/src/rp2_common/hardware_pio/pio.c.obj
                0x0000000010004d80                pio_sm_init
 .text.spi_init
                0x0000000010004e0c      0x138 CMakeFiles/wireless_attempt.dir/home/heatherdev/pico/pico-sdk/src/rp2_common/hardware_spi/spi.c.obj
                0x0000000010004e0c                spi_init
 .text._ZNKSt17bad_function_call4whatEv
                0x0000000010004f44        0x8 /usr/lib/gcc/arm-none-eabi/10.3.1/../../../arm-none-eabi/lib/thumb/v6-m/nofp/libstdc++.a(functional.o)
                0x0000000010004f44                std::bad_function_call::what() const
 .text._ZNSt17bad_function_callD2Ev
                0x0000000010004f4c       0x18 /usr/lib/gcc/arm-none-eabi/10.3.1/../../../arm-none-eabi/lib/thumb/v6-m/nofp/libstdc++.a(functional.o)
                0x0000000010004f4c                std::bad_function_call::~bad_function_call()
                0x0000000010004f4c                std::bad_function_call::~bad_function_call()
 .text._ZNSt17bad_function_callD0Ev
                0x0000000010004f64       0x1c /usr/lib/gcc/arm-none-eabi/10.3.1/../../../arm-none-eabi/lib/thumb/v6-m/nofp/libstdc++.a(functional.o)
                0x0000000010004f64                std::bad_function_call::~bad_function_call()
 .text.unlikely._ZSt25__throw_bad_function_callv
                0x0000000010004f80       0x24 /usr/lib/gcc/arm-none-eabi/10.3.1/../../../arm-none-eabi/lib/thumb/v6-m/nofp/libstdc++.a(functional.o)
                0x0000000010004f80                std::__throw_bad_function_call()
 .text._ZN12_GLOBAL__N_14pool4freeEPv.constprop.0
                0x0000000010004fa4       0x78 /usr/lib/gcc/arm-none-eabi/10.3.1/../../../arm-none-eabi/lib/thumb/v6-m/nofp/libstdc++.a(eh_alloc.o)
 .text._ZN12_GLOBAL__N_14pool8allocateEj.constprop.0
                0x000000001000501c       0x54 /usr/lib/gcc/arm-none-eabi/10.3.1/../../../arm-none-eabi/lib/thumb/v6-m/nofp/libstdc++.a(eh_alloc.o)
 .text.__cxa_allocate_exception
                0x0000000010005070       0x2c /usr/lib/gcc/arm-none-eabi/10.3.1/../../../arm-none-eabi/lib/thumb/v6-m/nofp/libstdc++.a(eh_alloc.o)
                0x0000000010005070                __cxa_allocate_exception
 .text.__cxa_free_exception
                0x000000001000509c       0x24 /usr/lib/gcc/arm-none-eabi/10.3.1/../../../arm-none-eabi/lib/thumb/v6-m/nofp/libstdc++.a(eh_alloc.o)
                0x000000001000509c                __cxa_free_exception
 .text.startup._GLOBAL__sub_I__ZN9__gnu_cxx9__freeresEv
                0x00000000100050c0       0x2c /usr/lib/gcc/arm-none-eabi/10.3.1/../../../arm-none-eabi/lib/thumb/v6-m/nofp/libstdc++.a(eh_alloc.o)
 .text._ZNSt9exceptionD2Ev
                0x00000000100050ec        0x4 /usr/lib/gcc/arm-none-eabi/10.3.1/../../../arm-none-eabi/lib/thumb/v6-m/nofp/libstdc++.a(eh_exception.o)
                0x00000000100050ec                std::exception::~exception()
                0x00000000100050ec                std::exception::~exception()
 .text._ZNSt13bad_exceptionD2Ev
                0x00000000100050f0        0x4 /usr/lib/gcc/arm-none-eabi/10.3.1/../../../arm-none-eabi/lib/thumb/v6-m/nofp/libstdc++.a(eh_exception.o)
                0x00000000100050f0                std::bad_exception::~bad_exception()
                0x00000000100050f0                std::bad_exception::~bad_exception()
 .text._ZNKSt13bad_exception4whatEv
                0x00000000100050f4        0x8 /usr/lib/gcc/arm-none-eabi/10.3.1/../../../arm-none-eabi/lib/thumb/v6-m/nofp/libstdc++.a(eh_exception.o)
                0x00000000100050f4                transaction clone for std::bad_exception::what() const
                0x00000000100050f4                std::bad_exception::what() const
 .text._ZNSt13bad_exceptionD0Ev
                0x00000000100050fc       0x10 /usr/lib/gcc/arm-none-eabi/10.3.1/../../../arm-none-eabi/lib/thumb/v6-m/nofp/libstdc++.a(eh_exception.o)
                0x00000000100050fc                std::bad_exception::~bad_exception()
 .text._ZN10__cxxabiv111__terminateEPFvvE
                0x000000001000510c       0x28 /usr/lib/gcc/arm-none-eabi/10.3.1/../../../arm-none-eabi/lib/thumb/v6-m/nofp/libstdc++.a(eh_terminate.o)
                0x000000001000510c                __cxxabiv1::__terminate(void (*)())
 .text._ZSt9terminatev
                0x0000000010005134       0x10 /usr/lib/gcc/arm-none-eabi/10.3.1/../../../arm-none-eabi/lib/thumb/v6-m/nofp/libstdc++.a(eh_terminate.o)
                0x0000000010005134                std::terminate()
 .text._ZN10__cxxabiv112__unexpectedEPFvvE
                0x0000000010005144        0x8 /usr/lib/gcc/arm-none-eabi/10.3.1/../../../arm-none-eabi/lib/thumb/v6-m/nofp/libstdc++.a(eh_terminate.o)
                0x0000000010005144                __cxxabiv1::__unexpected(void (*)())
 .text._ZSt10unexpectedv
                0x000000001000514c       0x10 /usr/lib/gcc/arm-none-eabi/10.3.1/../../../arm-none-eabi/lib/thumb/v6-m/nofp/libstdc++.a(eh_terminate.o)
                0x000000001000514c                std::unexpected()
 .text._ZSt13get_terminatev
                0x000000001000515c        0xc /usr/lib/gcc/arm-none-eabi/10.3.1/../../../arm-none-eabi/lib/thumb/v6-m/nofp/libstdc++.a(eh_terminate.o)
                0x000000001000515c                std::get_terminate()
 .text._ZSt14get_unexpectedv
                0x0000000010005168        0xc /usr/lib/gcc/arm-none-eabi/10.3.1/../../../arm-none-eabi/lib/thumb/v6-m/nofp/libstdc++.a(eh_terminate.o)
                0x0000000010005168                std::get_unexpected()
 .text._ZL23__gxx_exception_cleanup19_Unwind_Reason_CodeP21_Unwind_Control_Block
                0x0000000010005174       0x34 /usr/lib/gcc/arm-none-eabi/10.3.1/../../../arm-none-eabi/lib/thumb/v6-m/nofp/libstdc++.a(eh_throw.o)
 .text.__cxa_init_primary_exception
                0x00000000100051a8       0x4c /usr/lib/gcc/arm-none-eabi/10.3.1/../../../arm-none-eabi/lib/thumb/v6-m/nofp/libstdc++.a(eh_throw.o)
                0x00000000100051a8                __cxa_init_primary_exception
 .text.__cxa_throw
                0x00000000100051f4       0x34 /usr/lib/gcc/arm-none-eabi/10.3.1/../../../arm-none-eabi/lib/thumb/v6-m/nofp/libstdc++.a(eh_throw.o)
                0x00000000100051f4                __cxa_throw
 .text.__cxa_rethrow
                0x0000000010005228       0x70 /usr/lib/gcc/arm-none-eabi/10.3.1/../../../arm-none-eabi/lib/thumb/v6-m/nofp/libstdc++.a(eh_throw.o)
                0x0000000010005228                __cxa_rethrow
 .text._ZN10__cxxabiv120__si_class_type_infoD2Ev
                0x0000000010005298       0x18 /usr/lib/gcc/arm-none-eabi/10.3.1/../../../arm-none-eabi/lib/thumb/v6-m/nofp/libstdc++.a(si_class_type_info.o)
                0x0000000010005298                __cxxabiv1::__si_class_type_info::~__si_class_type_info()
                0x0000000010005298                __cxxabiv1::__si_class_type_info::~__si_class_type_info()
 .text._ZN10__cxxabiv120__si_class_type_infoD0Ev
                0x00000000100052b0       0x20 /usr/lib/gcc/arm-none-eabi/10.3.1/../../../arm-none-eabi/lib/thumb/v6-m/nofp/libstdc++.a(si_class_type_info.o)
                0x00000000100052b0                __cxxabiv1::__si_class_type_info::~__si_class_type_info()
 .text._ZNK10__cxxabiv120__si_class_type_info20__do_find_public_srcEiPKvPKNS_17__class_type_infoES2_
                0x00000000100052d0       0x38 /usr/lib/gcc/arm-none-eabi/10.3.1/../../../arm-none-eabi/lib/thumb/v6-m/nofp/libstdc++.a(si_class_type_info.o)
                0x00000000100052d0                __cxxabiv1::__si_class_type_info::__do_find_public_src(int, void const*, __cxxabiv1::__class_type_info const*, void const*) const
 .text._ZNK10__cxxabiv120__si_class_type_info12__do_dyncastEiNS_17__class_type_info10__sub_kindEPKS1_PKvS4_S6_RNS1_16__dyncast_resultE
                0x0000000010005308       0x9c /usr/lib/gcc/arm-none-eabi/10.3.1/../../../arm-none-eabi/lib/thumb/v6-m/nofp/libstdc++.a(si_class_type_info.o)
                0x0000000010005308                __cxxabiv1::__si_class_type_info::__do_dyncast(int, __cxxabiv1::__class_type_info::__sub_kind, __cxxabiv1::__class_type_info const*, void const*, __cxxabiv1::__class_type_info const*, void const*, __cxxabiv1::__class_type_info::__dyncast_result&) const
 .text._ZNK10__cxxabiv120__si_class_type_info11__do_upcastEPKNS_17__class_type_infoEPKvRNS1_15__upcast_resultE
                0x00000000100053a4       0x24 /usr/lib/gcc/arm-none-eabi/10.3.1/../../../arm-none-eabi/lib/thumb/v6-m/nofp/libstdc++.a(si_class_type_info.o)
                0x00000000100053a4                __cxxabiv1::__si_class_type_info::__do_upcast(__cxxabiv1::__class_type_info const*, void const*, __cxxabiv1::__class_type_info::__upcast_result&) const
 .text._ZNSt9type_infoD2Ev
                0x00000000100053c8        0x4 /usr/lib/gcc/arm-none-eabi/10.3.1/../../../arm-none-eabi/lib/thumb/v6-m/nofp/libstdc++.a(tinfo.o)
                0x00000000100053c8                std::type_info::~type_info()
                0x00000000100053c8                std::type_info::~type_info()
 .text._ZNKSt9type_info14__is_pointer_pEv
                0x00000000100053cc        0x4 /usr/lib/gcc/arm-none-eabi/10.3.1/../../../arm-none-eabi/lib/thumb/v6-m/nofp/libstdc++.a(tinfo.o)
                0x00000000100053cc                std::type_info::__is_function_p() const
                0x00000000100053cc                std::type_info::__is_pointer_p() const
 .text._ZNKSt9type_infoeqERKS_
                0x00000000100053d0       0x30 /usr/lib/gcc/arm-none-eabi/10.3.1/../../../arm-none-eabi/lib/thumb/v6-m/nofp/libstdc++.a(tinfo.o)
                0x00000000100053d0                std::type_info::operator==(std::type_info const&) const
 .text._ZNK10__cxxabiv117__class_type_info11__do_upcastEPKS0_PPv
                0x0000000010005400       0x34 /usr/lib/gcc/arm-none-eabi/10.3.1/../../../arm-none-eabi/lib/thumb/v6-m/nofp/libstdc++.a(class_type_info.o)
                0x0000000010005400                __cxxabiv1::__class_type_info::__do_upcast(__cxxabiv1::__class_type_info const*, void**) const
 .text._ZNK10__cxxabiv117__class_type_info20__do_find_public_srcEiPKvPKS0_S2_
                0x0000000010005434       0x14 /usr/lib/gcc/arm-none-eabi/10.3.1/../../../arm-none-eabi/lib/thumb/v6-m/nofp/libstdc++.a(class_type_info.o)
                0x0000000010005434                __cxxabiv1::__class_type_info::__do_find_public_src(int, void const*, __cxxabiv1::__class_type_info const*, void const*) const
 .text._ZN10__cxxabiv117__class_type_infoD2Ev
                0x0000000010005448       0x18 /usr/lib/gcc/arm-none-eabi/10.3.1/../../../arm-none-eabi/lib/thumb/v6-m/nofp/libstdc++.a(class_type_info.o)
                0x0000000010005448                __cxxabiv1::__class_type_info::~__class_type_info()
                0x0000000010005448                __cxxabiv1::__class_type_info::~__class_type_info()
 .text._ZN10__cxxabiv117__class_type_infoD0Ev
                0x0000000010005460       0x20 /usr/lib/gcc/arm-none-eabi/10.3.1/../../../arm-none-eabi/lib/thumb/v6-m/nofp/libstdc++.a(class_type_info.o)
                0x0000000010005460                __cxxabiv1::__class_type_info::~__class_type_info()
 .text._ZNK10__cxxabiv117__class_type_info12__do_dyncastEiNS0_10__sub_kindEPKS0_PKvS3_S5_RNS0_16__dyncast_resultE
                0x0000000010005480       0x40 /usr/lib/gcc/arm-none-eabi/10.3.1/../../../arm-none-eabi/lib/thumb/v6-m/nofp/libstdc++.a(class_type_info.o)
                0x0000000010005480                __cxxabiv1::__class_type_info::__do_dyncast(int, __cxxabiv1::__class_type_info::__sub_kind, __cxxabiv1::__class_type_info const*, void const*, __cxxabiv1::__class_type_info const*, void const*, __cxxabiv1::__class_type_info::__dyncast_result&) const
 .text._ZNK10__cxxabiv117__class_type_info11__do_upcastEPKS0_PKvRNS0_15__upcast_resultE
                0x00000000100054c0       0x1c /usr/lib/gcc/arm-none-eabi/10.3.1/../../../arm-none-eabi/lib/thumb/v6-m/nofp/libstdc++.a(class_type_info.o)
                0x00000000100054c0                __cxxabiv1::__class_type_info::__do_upcast(__cxxabiv1::__class_type_info const*, void const*, __cxxabiv1::__class_type_info::__upcast_result&) const
 .text._ZNK10__cxxabiv117__class_type_info10__do_catchEPKSt9type_infoPPvj
                0x00000000100054dc       0x24 /usr/lib/gcc/arm-none-eabi/10.3.1/../../../arm-none-eabi/lib/thumb/v6-m/nofp/libstdc++.a(class_type_info.o)
                0x00000000100054dc                __cxxabiv1::__class_type_info::__do_catch(std::type_info const*, void**, unsigned int) const
 .text.__cxa_end_cleanup
                0x0000000010005500        0xc /usr/lib/gcc/arm-none-eabi/10.3.1/../../../arm-none-eabi/lib/thumb/v6-m/nofp/libstdc++.a(eh_arm.o)
                0x0000000010005500                __cxa_end_cleanup
 .text.__cxa_type_match
                0x000000001000550c       0xc0 /usr/lib/gcc/arm-none-eabi/10.3.1/../../../arm-none-eabi/lib/thumb/v6-m/nofp/libstdc++.a(eh_arm.o)
                0x000000001000550c                __cxa_type_match
 .text.__cxa_begin_cleanup
                0x00000000100055cc       0x60 /usr/lib/gcc/arm-none-eabi/10.3.1/../../../arm-none-eabi/lib/thumb/v6-m/nofp/libstdc++.a(eh_arm.o)
                0x00000000100055cc                __cxa_begin_cleanup
 .text.__gnu_end_cleanup
                0x000000001000562c       0x70 /usr/lib/gcc/arm-none-eabi/10.3.1/../../../arm-none-eabi/lib/thumb/v6-m/nofp/libstdc++.a(eh_arm.o)
                0x000000001000562c                __gnu_end_cleanup
 .text._ZN10__cxxabiv1L24__is_gxx_exception_classEPc
                0x000000001000569c       0x3c /usr/lib/gcc/arm-none-eabi/10.3.1/../../../arm-none-eabi/lib/thumb/v6-m/nofp/libstdc++.a(eh_call.o)
 .text.__cxa_call_terminate
                0x00000000100056d8       0x20 /usr/lib/gcc/arm-none-eabi/10.3.1/../../../arm-none-eabi/lib/thumb/v6-m/nofp/libstdc++.a(eh_call.o)
                0x00000000100056d8                __cxa_call_terminate
 .text.unlikely.__cxa_call_unexpected
                0x00000000100056f8      0x100 /usr/lib/gcc/arm-none-eabi/10.3.1/../../../arm-none-eabi/lib/thumb/v6-m/nofp/libstdc++.a(eh_call.o)
                0x00000000100056f8                __cxa_call_unexpected
 .text.__cxa_begin_catch
                0x00000000100057f8       0x74 /usr/lib/gcc/arm-none-eabi/10.3.1/../../../arm-none-eabi/lib/thumb/v6-m/nofp/libstdc++.a(eh_catch.o)
                0x00000000100057f8                __cxa_begin_catch
 .text.__cxa_end_catch
                0x000000001000586c       0x90 /usr/lib/gcc/arm-none-eabi/10.3.1/../../../arm-none-eabi/lib/thumb/v6-m/nofp/libstdc++.a(eh_catch.o)
                0x000000001000586c                __cxa_end_catch
 .text.__cxa_get_globals_fast
                0x00000000100058fc        0x8 /usr/lib/gcc/arm-none-eabi/10.3.1/../../../arm-none-eabi/lib/thumb/v6-m/nofp/libstdc++.a(eh_globals.o)
                0x00000000100058fc                __cxa_get_globals_fast
 .text.__cxa_get_globals
                0x0000000010005904        0x8 /usr/lib/gcc/arm-none-eabi/10.3.1/../../../arm-none-eabi/lib/thumb/v6-m/nofp/libstdc++.a(eh_globals.o)
                0x0000000010005904                __cxa_get_globals
 .text._ZL28read_encoded_value_with_basehjPKhPj
                0x000000001000590c      0x114 /usr/lib/gcc/arm-none-eabi/10.3.1/../../../arm-none-eabi/lib/thumb/v6-m/nofp/libstdc++.a(eh_personality.o)
 .text._ZL21base_of_encoded_valuehP15_Unwind_Context
                0x0000000010005a20       0x48 /usr/lib/gcc/arm-none-eabi/10.3.1/../../../arm-none-eabi/lib/thumb/v6-m/nofp/libstdc++.a(eh_personality.o)
 .text._ZL17parse_lsda_headerP15_Unwind_ContextPKhP16lsda_header_info
                0x0000000010005a68       0x98 /usr/lib/gcc/arm-none-eabi/10.3.1/../../../arm-none-eabi/lib/thumb/v6-m/nofp/libstdc++.a(eh_personality.o)
 .text.__gxx_personality_v0
                0x0000000010005b00      0x4c8 /usr/lib/gcc/arm-none-eabi/10.3.1/../../../arm-none-eabi/lib/thumb/v6-m/nofp/libstdc++.a(eh_personality.o)
                0x0000000010005b00                __gxx_personality_v0
 .text          0x0000000010005fc8       0x10 /usr/lib/gcc/arm-none-eabi/10.3.1/../../../arm-none-eabi/lib/thumb/v6-m/nofp/libc.a(lib_a-abort.o)
                0x0000000010005fc8                abort
 .text          0x0000000010005fd8       0x28 /usr/lib/gcc/arm-none-eabi/10.3.1/../../../arm-none-eabi/lib/thumb/v6-m/nofp/libc.a(lib_a-malloc.o)
                0x0000000010005fd8                malloc
                0x0000000010005fec                free
 .text          0x0000000010006000      0x574 /usr/lib/gcc/arm-none-eabi/10.3.1/../../../arm-none-eabi/lib/thumb/v6-m/nofp/libc.a(lib_a-mallocr.o)
                0x0000000010006000                _malloc_r
 .text          0x0000000010006574        0x8 /usr/lib/gcc/arm-none-eabi/10.3.1/../../../arm-none-eabi/lib/thumb/v6-m/nofp/libc.a(lib_a-mlock.o)
                0x0000000010006574                __malloc_lock
                0x0000000010006578                __malloc_unlock
 .text          0x000000001000657c       0x24 /usr/lib/gcc/arm-none-eabi/10.3.1/../../../arm-none-eabi/lib/thumb/v6-m/nofp/libc.a(lib_a-sbrkr.o)
                0x000000001000657c                _sbrk_r
 .text          0x00000000100065a0      0x2a0 /usr/lib/gcc/arm-none-eabi/10.3.1/../../../arm-none-eabi/lib/thumb/v6-m/nofp/libc.a(lib_a-signal.o)
                0x00000000100065a0                _init_signal_r
                0x00000000100065d4                _signal_r
                0x000000001000662c                _raise_r
                0x0000000010006688                __sigtramp_r
                0x00000000100066e8                raise
                0x0000000010006748                signal
                0x000000001000679c                _init_signal
                0x00000000100067d8                __sigtramp
 .text          0x0000000010006840       0x30 /usr/lib/gcc/arm-none-eabi/10.3.1/../../../arm-none-eabi/lib/thumb/v6-m/nofp/libc.a(lib_a-signalr.o)
                0x0000000010006840                _kill_r
                0x0000000010006868                _getpid_r
 .text          0x0000000010006870       0x88 /usr/lib/gcc/arm-none-eabi/10.3.1/../../../arm-none-eabi/lib/thumb/v6-m/nofp/libc.a(lib_a-strcmp.o)
                0x0000000010006870                strcmp
 .text          0x00000000100068f8       0x5c /usr/lib/gcc/arm-none-eabi/10.3.1/../../../arm-none-eabi/lib/thumb/v6-m/nofp/libc.a(lib_a-strlen-stub.o)
                0x00000000100068f8                strlen
 .text          0x0000000010006954      0x260 /usr/lib/gcc/arm-none-eabi/10.3.1/../../../arm-none-eabi/lib/thumb/v6-m/nofp/libc.a(lib_a-freer.o)
                0x0000000010006954                _malloc_trim_r
                0x00000000100069f0                _free_r
 *(.fini)
 .fini          0x0000000010006bb4        0x4 /usr/lib/gcc/arm-none-eabi/10.3.1/thumb/v6-m/nofp/crti.o
                0x0000000010006bb4                _fini
 .fini.__stub   0x0000000010006bb8      0x1d0 linker stubs
 *crtbegin.o(.ctors)
 *crtbegin?.o(.ctors)
 *(EXCLUDE_FILE(*crtend.o *crtend?.o) .ctors)
 *(SORT_BY_NAME(.ctors.*))
 *(.ctors)
 *crtbegin.o(.dtors)
 *crtbegin?.o(.dtors)
 *(EXCLUDE_FILE(*crtend.o *crtend?.o) .dtors)
 *(SORT_BY_NAME(.dtors.*))
 *(.dtors)
 *(.eh_frame*)
 .eh_frame      0x0000000010006d88        0x0 /usr/lib/gcc/arm-none-eabi/10.3.1/thumb/v6-m/nofp/crtbegin.o
                0x0000000010006d88                . = ALIGN (0x4)

.glue_7         0x0000000010006d88        0x0
 .glue_7        0x0000000010006d88        0x0 linker stubs

.glue_7t        0x0000000010006d88        0x0
 .glue_7t       0x0000000010006d88        0x0 linker stubs

.vfp11_veneer   0x0000000010006d88        0x0
 .vfp11_veneer  0x0000000010006d88        0x0 linker stubs

.v4_bx          0x0000000010006d88        0x0
 .v4_bx         0x0000000010006d88        0x0 linker stubs

.iplt           0x0000000010006d88        0x0
 .iplt          0x0000000010006d88        0x0 /usr/lib/gcc/arm-none-eabi/10.3.1/thumb/v6-m/nofp/crtbegin.o

.rodata         0x0000000010006d88      0x540
 *(EXCLUDE_FILE(*libm.a: *libc.a:*lib_a-mem*.o *libgcc.a:) .rodata*)
 .rodata        0x0000000010006d88        0xa CMakeFiles/wireless_attempt.dir/src/joybus.cpp.obj
 *fill*         0x0000000010006d92        0x2 
 .rodata._ZL14joybus_program
                0x0000000010006d94        0x6 CMakeFiles/wireless_attempt.dir/src/joybus.cpp.obj
 *fill*         0x0000000010006d9a        0x2 
 .rodata._ZL27joybus_program_instructions
                0x0000000010006d9c       0x22 CMakeFiles/wireless_attempt.dir/src/joybus.cpp.obj
 *fill*         0x0000000010006dbe        0x2 
 .rodata.spin_lock_claim_unused.str1.4
                0x0000000010006dc0       0x1b CMakeFiles/wireless_attempt.dir/home/heatherdev/pico/pico-sdk/src/rp2_common/hardware_sync/sync.c.obj
 *fill*         0x0000000010006ddb        0x1 
 .rodata.user_irq_claim_unused.str1.4
                0x0000000010006ddc       0x1b CMakeFiles/wireless_attempt.dir/home/heatherdev/pico/pico-sdk/src/rp2_common/hardware_irq/irq.c.obj
 *fill*         0x0000000010006df7        0x1 
 .rodata.hardware_alarm_claim.str1.4
                0x0000000010006df8       0x22 CMakeFiles/wireless_attempt.dir/home/heatherdev/pico/pico-sdk/src/rp2_common/hardware_timer/timer.c.obj
 *fill*         0x0000000010006e1a        0x2 
 .rodata.panic.str1.4
                0x0000000010006e1c       0x12 CMakeFiles/wireless_attempt.dir/home/heatherdev/pico/pico-sdk/src/rp2_common/pico_runtime/runtime.c.obj
 *fill*         0x0000000010006e2e        0x2 
 .rodata.hard_assertion_failure.str1.4
                0x0000000010006e30        0xc CMakeFiles/wireless_attempt.dir/home/heatherdev/pico/pico-sdk/src/rp2_common/pico_runtime/runtime.c.obj
 .rodata.__wrap_malloc.str1.4
                0x0000000010006e3c        0xe CMakeFiles/wireless_attempt.dir/home/heatherdev/pico/pico-sdk/src/rp2_common/pico_malloc/pico_malloc.c.obj
 *fill*         0x0000000010006e4a        0x2 
 .rodata.str1.4
                0x0000000010006e4c       0x48 CMakeFiles/wireless_attempt.dir/home/heatherdev/pico/pico-sdk/src/rp2_common/pico_standard_link/binary_info.c.obj
 .rodata.__bi_44
                0x0000000010006e94        0xc CMakeFiles/wireless_attempt.dir/home/heatherdev/pico/pico-sdk/src/rp2_common/pico_standard_link/binary_info.c.obj
 .rodata.__bi_75
                0x0000000010006ea0        0xc CMakeFiles/wireless_attempt.dir/home/heatherdev/pico/pico-sdk/src/rp2_common/pico_standard_link/binary_info.c.obj
 .rodata.__bi_81
                0x0000000010006eac        0xc CMakeFiles/wireless_attempt.dir/home/heatherdev/pico/pico-sdk/src/rp2_common/pico_standard_link/binary_info.c.obj
 .rodata.crlf_str.0
                0x0000000010006eb8        0x2 CMakeFiles/wireless_attempt.dir/home/heatherdev/pico/pico-sdk/src/rp2_common/pico_stdio/stdio.c.obj
 *fill*         0x0000000010006eba        0x2 
 .rodata._resetd_driver
                0x0000000010006ebc       0x18 CMakeFiles/wireless_attempt.dir/home/heatherdev/pico/pico-sdk/src/rp2_common/pico_stdio_usb/reset_interface.c.obj
 .rodata.str1.4
                0x0000000010006ed4       0x13 CMakeFiles/wireless_attempt.dir/home/heatherdev/pico/pico-sdk/src/rp2_common/pico_stdio_usb/stdio_usb.c.obj
 *fill*         0x0000000010006ee7        0x1 
 .rodata.__bi_182.0
                0x0000000010006ee8        0xc CMakeFiles/wireless_attempt.dir/home/heatherdev/pico/pico-sdk/src/rp2_common/pico_stdio_usb/stdio_usb.c.obj
 .rodata.str1.4
                0x0000000010006ef4       0x2a CMakeFiles/wireless_attempt.dir/home/heatherdev/pico/pico-sdk/src/rp2_common/pico_stdio_usb/stdio_usb_descriptors.c.obj
 *fill*         0x0000000010006f1e        0x2 
 .rodata.usbd_desc_cfg
                0x0000000010006f20       0x54 CMakeFiles/wireless_attempt.dir/home/heatherdev/pico/pico-sdk/src/rp2_common/pico_stdio_usb/stdio_usb_descriptors.c.obj
 .rodata.usbd_desc_device
                0x0000000010006f74       0x12 CMakeFiles/wireless_attempt.dir/home/heatherdev/pico/pico-sdk/src/rp2_common/pico_stdio_usb/stdio_usb_descriptors.c.obj
 *fill*         0x0000000010006f86        0x2 
 .rodata.usbd_desc_str
                0x0000000010006f88       0x18 CMakeFiles/wireless_attempt.dir/home/heatherdev/pico/pico-sdk/src/rp2_common/pico_stdio_usb/stdio_usb_descriptors.c.obj
 .rodata.str1.4
                0x0000000010006fa0       0x14 CMakeFiles/wireless_attempt.dir/home/heatherdev/pico/pico-sdk/lib/tinyusb/src/portable/raspberrypi/rp2040/dcd_rp2040.c.obj
 .rodata.str1.4
                0x0000000010006fb4       0x53 CMakeFiles/wireless_attempt.dir/home/heatherdev/pico/pico-sdk/lib/tinyusb/src/portable/raspberrypi/rp2040/rp2040_usb.c.obj
 *fill*         0x0000000010007007        0x1 
 .rodata.tud_task_ext
                0x0000000010007008       0x8c CMakeFiles/wireless_attempt.dir/home/heatherdev/pico/pico-sdk/lib/tinyusb/src/device/usbd.c.obj
 .rodata._usbd_driver
                0x0000000010007094       0x18 CMakeFiles/wireless_attempt.dir/home/heatherdev/pico/pico-sdk/lib/tinyusb/src/device/usbd.c.obj
 .rodata.pio_add_program.str1.4
                0x00000000100070ac       0x11 CMakeFiles/wireless_attempt.dir/home/heatherdev/pico/pico-sdk/src/rp2_common/hardware_pio/pio.c.obj
 *fill*         0x00000000100070bd        0x3 
 .rodata._ZNKSt17bad_function_call4whatEv.str1.4
                0x00000000100070c0       0x12 /usr/lib/gcc/arm-none-eabi/10.3.1/../../../arm-none-eabi/lib/thumb/v6-m/nofp/libstdc++.a(functional.o)
 *fill*         0x00000000100070d2        0x2 
 .rodata._ZTISt17bad_function_call
                0x00000000100070d4        0xc /usr/lib/gcc/arm-none-eabi/10.3.1/../../../arm-none-eabi/lib/thumb/v6-m/nofp/libstdc++.a(functional.o)
                0x00000000100070d4                typeinfo for std::bad_function_call
 .rodata._ZTSSt17bad_function_call
                0x00000000100070e0       0x16 /usr/lib/gcc/arm-none-eabi/10.3.1/../../../arm-none-eabi/lib/thumb/v6-m/nofp/libstdc++.a(functional.o)
                0x00000000100070e0                typeinfo name for std::bad_function_call
 *fill*         0x00000000100070f6        0x2 
 .rodata._ZTVSt17bad_function_call
                0x00000000100070f8       0x14 /usr/lib/gcc/arm-none-eabi/10.3.1/../../../arm-none-eabi/lib/thumb/v6-m/nofp/libstdc++.a(functional.o)
                0x00000000100070f8                vtable for std::bad_function_call
 .rodata._ZNKSt13bad_exception4whatEv.str1.4
                0x000000001000710c       0x13 /usr/lib/gcc/arm-none-eabi/10.3.1/../../../arm-none-eabi/lib/thumb/v6-m/nofp/libstdc++.a(eh_exception.o)
 *fill*         0x000000001000711f        0x1 
 .rodata._ZTIN10__cxxabiv115__forced_unwindE
                0x0000000010007120        0x8 /usr/lib/gcc/arm-none-eabi/10.3.1/../../../arm-none-eabi/lib/thumb/v6-m/nofp/libstdc++.a(eh_exception.o)
                0x0000000010007120                typeinfo for __cxxabiv1::__forced_unwind
 .rodata._ZTIN10__cxxabiv119__foreign_exceptionE
                0x0000000010007128        0x8 /usr/lib/gcc/arm-none-eabi/10.3.1/../../../arm-none-eabi/lib/thumb/v6-m/nofp/libstdc++.a(eh_exception.o)
                0x0000000010007128                typeinfo for __cxxabiv1::__foreign_exception
 .rodata._ZTISt13bad_exception
                0x0000000010007130        0xc /usr/lib/gcc/arm-none-eabi/10.3.1/../../../arm-none-eabi/lib/thumb/v6-m/nofp/libstdc++.a(eh_exception.o)
                0x0000000010007130                typeinfo for std::bad_exception
 .rodata._ZTISt9exception
                0x000000001000713c        0x8 /usr/lib/gcc/arm-none-eabi/10.3.1/../../../arm-none-eabi/lib/thumb/v6-m/nofp/libstdc++.a(eh_exception.o)
                0x000000001000713c                typeinfo for std::exception
 .rodata._ZTSN10__cxxabiv115__forced_unwindE
                0x0000000010007144       0x20 /usr/lib/gcc/arm-none-eabi/10.3.1/../../../arm-none-eabi/lib/thumb/v6-m/nofp/libstdc++.a(eh_exception.o)
                0x0000000010007144                typeinfo name for __cxxabiv1::__forced_unwind
 .rodata._ZTSN10__cxxabiv119__foreign_exceptionE
                0x0000000010007164       0x24 /usr/lib/gcc/arm-none-eabi/10.3.1/../../../arm-none-eabi/lib/thumb/v6-m/nofp/libstdc++.a(eh_exception.o)
                0x0000000010007164                typeinfo name for __cxxabiv1::__foreign_exception
 .rodata._ZTSSt13bad_exception
                0x0000000010007188       0x12 /usr/lib/gcc/arm-none-eabi/10.3.1/../../../arm-none-eabi/lib/thumb/v6-m/nofp/libstdc++.a(eh_exception.o)
                0x0000000010007188                typeinfo name for std::bad_exception
 *fill*         0x000000001000719a        0x2 
 .rodata._ZTSSt9exception
                0x000000001000719c        0xd /usr/lib/gcc/arm-none-eabi/10.3.1/../../../arm-none-eabi/lib/thumb/v6-m/nofp/libstdc++.a(eh_exception.o)
                0x000000001000719c                typeinfo name for std::exception
 *fill*         0x00000000100071a9        0x3 
 .rodata._ZTVSt13bad_exception
                0x00000000100071ac       0x14 /usr/lib/gcc/arm-none-eabi/10.3.1/../../../arm-none-eabi/lib/thumb/v6-m/nofp/libstdc++.a(eh_exception.o)
                0x00000000100071ac                vtable for std::bad_exception
 .rodata._ZTIN10__cxxabiv120__si_class_type_infoE
                0x00000000100071c0        0xc /usr/lib/gcc/arm-none-eabi/10.3.1/../../../arm-none-eabi/lib/thumb/v6-m/nofp/libstdc++.a(si_class_type_info.o)
                0x00000000100071c0                typeinfo for __cxxabiv1::__si_class_type_info
 .rodata._ZTSN10__cxxabiv120__si_class_type_infoE
                0x00000000100071cc       0x25 /usr/lib/gcc/arm-none-eabi/10.3.1/../../../arm-none-eabi/lib/thumb/v6-m/nofp/libstdc++.a(si_class_type_info.o)
                0x00000000100071cc                typeinfo name for __cxxabiv1::__si_class_type_info
 *fill*         0x00000000100071f1        0x3 
 .rodata._ZTVN10__cxxabiv120__si_class_type_infoE
                0x00000000100071f4       0x2c /usr/lib/gcc/arm-none-eabi/10.3.1/../../../arm-none-eabi/lib/thumb/v6-m/nofp/libstdc++.a(si_class_type_info.o)
                0x00000000100071f4                vtable for __cxxabiv1::__si_class_type_info
 .rodata._ZTISt9type_info
                0x0000000010007220        0x8 /usr/lib/gcc/arm-none-eabi/10.3.1/../../../arm-none-eabi/lib/thumb/v6-m/nofp/libstdc++.a(tinfo.o)
                0x0000000010007220                typeinfo for std::type_info
 .rodata._ZTSSt9type_info
                0x0000000010007228        0xd /usr/lib/gcc/arm-none-eabi/10.3.1/../../../arm-none-eabi/lib/thumb/v6-m/nofp/libstdc++.a(tinfo.o)
                0x0000000010007228                typeinfo name for std::type_info
 *fill*         0x0000000010007235        0x3 
 .rodata._ZTIN10__cxxabiv117__class_type_infoE
                0x0000000010007238        0xc /usr/lib/gcc/arm-none-eabi/10.3.1/../../../arm-none-eabi/lib/thumb/v6-m/nofp/libstdc++.a(class_type_info.o)
                0x0000000010007238                typeinfo for __cxxabiv1::__class_type_info
 .rodata._ZTSN10__cxxabiv117__class_type_infoE
                0x0000000010007244       0x22 /usr/lib/gcc/arm-none-eabi/10.3.1/../../../arm-none-eabi/lib/thumb/v6-m/nofp/libstdc++.a(class_type_info.o)
                0x0000000010007244                typeinfo name for __cxxabiv1::__class_type_info
 *fill*         0x0000000010007266        0x2 
 .rodata._ZTVN10__cxxabiv117__class_type_infoE
                0x0000000010007268       0x2c /usr/lib/gcc/arm-none-eabi/10.3.1/../../../arm-none-eabi/lib/thumb/v6-m/nofp/libstdc++.a(class_type_info.o)
                0x0000000010007268                vtable for __cxxabiv1::__class_type_info
 .rodata._ZL28read_encoded_value_with_basehjPKhPj
                0x0000000010007294       0x34 /usr/lib/gcc/arm-none-eabi/10.3.1/../../../arm-none-eabi/lib/thumb/v6-m/nofp/libstdc++.a(eh_personality.o)
                0x00000000100072c8                . = ALIGN (0x4)
 *(SORT_BY_ALIGNMENT(SORT_BY_NAME(.flashdata*)))
                0x00000000100072c8                . = ALIGN (0x4)

.ARM.extab      0x00000000100072c8       0xd8
 *(.ARM.extab* .gnu.linkonce.armextab.*)
 .ARM.extab.text._ZN10__cxxabiv111__terminateEPFvvE
                0x00000000100072c8       0x28 /usr/lib/gcc/arm-none-eabi/10.3.1/../../../arm-none-eabi/lib/thumb/v6-m/nofp/libstdc++.a(eh_terminate.o)
 .ARM.extab.text._ZNK10__cxxabiv120__si_class_type_info12__do_dyncastEiNS_17__class_type_info10__sub_kindEPKS1_PKvS4_S6_RNS1_16__dyncast_resultE
                0x00000000100072f0        0xc /usr/lib/gcc/arm-none-eabi/10.3.1/../../../arm-none-eabi/lib/thumb/v6-m/nofp/libstdc++.a(si_class_type_info.o)
 .ARM.extab.text.__cxa_type_match
                0x00000000100072fc        0xc /usr/lib/gcc/arm-none-eabi/10.3.1/../../../arm-none-eabi/lib/thumb/v6-m/nofp/libstdc++.a(eh_arm.o)
 .ARM.extab.text.unlikely.__cxa_call_unexpected
                0x0000000010007308       0x28 /usr/lib/gcc/arm-none-eabi/10.3.1/../../../arm-none-eabi/lib/thumb/v6-m/nofp/libstdc++.a(eh_call.o)
 .ARM.extab.text.__cxa_begin_catch
                0x0000000010007330        0xc /usr/lib/gcc/arm-none-eabi/10.3.1/../../../arm-none-eabi/lib/thumb/v6-m/nofp/libstdc++.a(eh_catch.o)
 .ARM.extab.text._ZL28read_encoded_value_with_basehjPKhPj
                0x000000001000733c        0xc /usr/lib/gcc/arm-none-eabi/10.3.1/../../../arm-none-eabi/lib/thumb/v6-m/nofp/libstdc++.a(eh_personality.o)
 .ARM.extab.text.__gxx_personality_v0
                0x0000000010007348       0x28 /usr/lib/gcc/arm-none-eabi/10.3.1/../../../arm-none-eabi/lib/thumb/v6-m/nofp/libstdc++.a(eh_personality.o)
 .ARM.extab     0x0000000010007370       0x24 /usr/lib/gcc/arm-none-eabi/10.3.1/thumb/v6-m/nofp/libgcc.a(unwind-arm.o)
 .ARM.extab     0x0000000010007394        0xc /usr/lib/gcc/arm-none-eabi/10.3.1/thumb/v6-m/nofp/libgcc.a(pr-support.o)
                0x00000000100073a0                __exidx_start = .

.ARM.exidx      0x00000000100073a0      0x1b8
 *(.ARM.exidx* .gnu.linkonce.armexidx.*)
 .ARM.exidx.text._ZNKSt17bad_function_call4whatEv
                0x00000000100073a0        0x8 /usr/lib/gcc/arm-none-eabi/10.3.1/../../../arm-none-eabi/lib/thumb/v6-m/nofp/libstdc++.a(functional.o)
 .ARM.exidx.text._ZNSt17bad_function_callD2Ev
                0x00000000100073a8        0x0 /usr/lib/gcc/arm-none-eabi/10.3.1/../../../arm-none-eabi/lib/thumb/v6-m/nofp/libstdc++.a(functional.o)
                                          0x8 (size before relaxing)
 .ARM.exidx.text._ZNSt17bad_function_callD0Ev
                0x00000000100073a8        0x0 /usr/lib/gcc/arm-none-eabi/10.3.1/../../../arm-none-eabi/lib/thumb/v6-m/nofp/libstdc++.a(functional.o)
                                          0x8 (size before relaxing)
 .ARM.exidx.text.unlikely._ZSt25__throw_bad_function_callv
                0x00000000100073a8        0x8 /usr/lib/gcc/arm-none-eabi/10.3.1/../../../arm-none-eabi/lib/thumb/v6-m/nofp/libstdc++.a(functional.o)
 .ARM.exidx.text._ZN12_GLOBAL__N_14pool4freeEPv.constprop.0
                0x00000000100073b0        0x8 /usr/lib/gcc/arm-none-eabi/10.3.1/../../../arm-none-eabi/lib/thumb/v6-m/nofp/libstdc++.a(eh_alloc.o)
 .ARM.exidx.text._ZN12_GLOBAL__N_14pool8allocateEj.constprop.0
                0x00000000100073b8        0x0 /usr/lib/gcc/arm-none-eabi/10.3.1/../../../arm-none-eabi/lib/thumb/v6-m/nofp/libstdc++.a(eh_alloc.o)
                                          0x8 (size before relaxing)
 .ARM.exidx.text.__cxa_allocate_exception
                0x00000000100073b8        0x0 /usr/lib/gcc/arm-none-eabi/10.3.1/../../../arm-none-eabi/lib/thumb/v6-m/nofp/libstdc++.a(eh_alloc.o)
                                          0x8 (size before relaxing)
 .ARM.exidx.text.__cxa_free_exception
                0x00000000100073b8        0x0 /usr/lib/gcc/arm-none-eabi/10.3.1/../../../arm-none-eabi/lib/thumb/v6-m/nofp/libstdc++.a(eh_alloc.o)
                                          0x8 (size before relaxing)
 .ARM.exidx.text.startup._GLOBAL__sub_I__ZN9__gnu_cxx9__freeresEv
                0x00000000100073b8        0x0 /usr/lib/gcc/arm-none-eabi/10.3.1/../../../arm-none-eabi/lib/thumb/v6-m/nofp/libstdc++.a(eh_alloc.o)
                                          0x8 (size before relaxing)
 .ARM.exidx.text._ZNSt9exceptionD2Ev
                0x00000000100073b8        0x0 /usr/lib/gcc/arm-none-eabi/10.3.1/../../../arm-none-eabi/lib/thumb/v6-m/nofp/libstdc++.a(eh_exception.o)
                                          0x8 (size before relaxing)
 .ARM.exidx.text._ZNSt13bad_exceptionD2Ev
                0x00000000100073b8        0x0 /usr/lib/gcc/arm-none-eabi/10.3.1/../../../arm-none-eabi/lib/thumb/v6-m/nofp/libstdc++.a(eh_exception.o)
                                          0x8 (size before relaxing)
 .ARM.exidx.text._ZNKSt13bad_exception4whatEv
                0x00000000100073b8        0x0 /usr/lib/gcc/arm-none-eabi/10.3.1/../../../arm-none-eabi/lib/thumb/v6-m/nofp/libstdc++.a(eh_exception.o)
                                          0x8 (size before relaxing)
 .ARM.exidx.text._ZNSt13bad_exceptionD0Ev
                0x00000000100073b8        0x0 /usr/lib/gcc/arm-none-eabi/10.3.1/../../../arm-none-eabi/lib/thumb/v6-m/nofp/libstdc++.a(eh_exception.o)
                                          0x8 (size before relaxing)
 .ARM.exidx.text._ZN10__cxxabiv111__terminateEPFvvE
                0x00000000100073b8        0x8 /usr/lib/gcc/arm-none-eabi/10.3.1/../../../arm-none-eabi/lib/thumb/v6-m/nofp/libstdc++.a(eh_terminate.o)
 .ARM.exidx.text._ZSt9terminatev
                0x00000000100073c0        0x8 /usr/lib/gcc/arm-none-eabi/10.3.1/../../../arm-none-eabi/lib/thumb/v6-m/nofp/libstdc++.a(eh_terminate.o)
 .ARM.exidx.text._ZN10__cxxabiv112__unexpectedEPFvvE
                0x00000000100073c8        0x8 /usr/lib/gcc/arm-none-eabi/10.3.1/../../../arm-none-eabi/lib/thumb/v6-m/nofp/libstdc++.a(eh_terminate.o)
 .ARM.exidx.text._ZSt10unexpectedv
                0x00000000100073d0        0x0 /usr/lib/gcc/arm-none-eabi/10.3.1/../../../arm-none-eabi/lib/thumb/v6-m/nofp/libstdc++.a(eh_terminate.o)
                                          0x8 (size before relaxing)
 .ARM.exidx.text._ZSt13get_terminatev
                0x00000000100073d0        0x8 /usr/lib/gcc/arm-none-eabi/10.3.1/../../../arm-none-eabi/lib/thumb/v6-m/nofp/libstdc++.a(eh_terminate.o)
 .ARM.exidx.text._ZSt14get_unexpectedv
                0x00000000100073d8        0x0 /usr/lib/gcc/arm-none-eabi/10.3.1/../../../arm-none-eabi/lib/thumb/v6-m/nofp/libstdc++.a(eh_terminate.o)
                                          0x8 (size before relaxing)
 .ARM.exidx.text._ZL23__gxx_exception_cleanup19_Unwind_Reason_CodeP21_Unwind_Control_Block
                0x00000000100073d8        0x8 /usr/lib/gcc/arm-none-eabi/10.3.1/../../../arm-none-eabi/lib/thumb/v6-m/nofp/libstdc++.a(eh_throw.o)
 .ARM.exidx.text.__cxa_init_primary_exception
                0x00000000100073e0        0x8 /usr/lib/gcc/arm-none-eabi/10.3.1/../../../arm-none-eabi/lib/thumb/v6-m/nofp/libstdc++.a(eh_throw.o)
 .ARM.exidx.text.__cxa_throw
                0x00000000100073e8        0x8 /usr/lib/gcc/arm-none-eabi/10.3.1/../../../arm-none-eabi/lib/thumb/v6-m/nofp/libstdc++.a(eh_throw.o)
 .ARM.exidx.text.__cxa_rethrow
                0x00000000100073f0        0x8 /usr/lib/gcc/arm-none-eabi/10.3.1/../../../arm-none-eabi/lib/thumb/v6-m/nofp/libstdc++.a(eh_throw.o)
 .ARM.exidx.text._ZN10__cxxabiv120__si_class_type_infoD2Ev
                0x00000000100073f8        0x8 /usr/lib/gcc/arm-none-eabi/10.3.1/../../../arm-none-eabi/lib/thumb/v6-m/nofp/libstdc++.a(si_class_type_info.o)
 .ARM.exidx.text._ZN10__cxxabiv120__si_class_type_infoD0Ev
                0x0000000010007400        0x0 /usr/lib/gcc/arm-none-eabi/10.3.1/../../../arm-none-eabi/lib/thumb/v6-m/nofp/libstdc++.a(si_class_type_info.o)
                                          0x8 (size before relaxing)
 .ARM.exidx.text._ZNK10__cxxabiv120__si_class_type_info20__do_find_public_srcEiPKvPKNS_17__class_type_infoES2_
                0x0000000010007400        0x8 /usr/lib/gcc/arm-none-eabi/10.3.1/../../../arm-none-eabi/lib/thumb/v6-m/nofp/libstdc++.a(si_class_type_info.o)
 .ARM.exidx.text._ZNK10__cxxabiv120__si_class_type_info12__do_dyncastEiNS_17__class_type_info10__sub_kindEPKS1_PKvS4_S6_RNS1_16__dyncast_resultE
                0x0000000010007408        0x8 /usr/lib/gcc/arm-none-eabi/10.3.1/../../../arm-none-eabi/lib/thumb/v6-m/nofp/libstdc++.a(si_class_type_info.o)
 .ARM.exidx.text._ZNK10__cxxabiv120__si_class_type_info11__do_upcastEPKNS_17__class_type_infoEPKvRNS1_15__upcast_resultE
                0x0000000010007410        0x8 /usr/lib/gcc/arm-none-eabi/10.3.1/../../../arm-none-eabi/lib/thumb/v6-m/nofp/libstdc++.a(si_class_type_info.o)
 .ARM.exidx.text._ZNSt9type_infoD2Ev
                0x0000000010007418        0x8 /usr/lib/gcc/arm-none-eabi/10.3.1/../../../arm-none-eabi/lib/thumb/v6-m/nofp/libstdc++.a(tinfo.o)
 .ARM.exidx.text._ZNKSt9type_info14__is_pointer_pEv
                0x0000000010007420        0x0 /usr/lib/gcc/arm-none-eabi/10.3.1/../../../arm-none-eabi/lib/thumb/v6-m/nofp/libstdc++.a(tinfo.o)
                                          0x8 (size before relaxing)
 .ARM.exidx.text._ZNKSt9type_infoeqERKS_
                0x0000000010007420        0x0 /usr/lib/gcc/arm-none-eabi/10.3.1/../../../arm-none-eabi/lib/thumb/v6-m/nofp/libstdc++.a(tinfo.o)
                                          0x8 (size before relaxing)
 .ARM.exidx.text._ZNK10__cxxabiv117__class_type_info11__do_upcastEPKS0_PPv
                0x0000000010007420        0x8 /usr/lib/gcc/arm-none-eabi/10.3.1/../../../arm-none-eabi/lib/thumb/v6-m/nofp/libstdc++.a(class_type_info.o)
 .ARM.exidx.text._ZNK10__cxxabiv117__class_type_info20__do_find_public_srcEiPKvPKS0_S2_
                0x0000000010007428        0x8 /usr/lib/gcc/arm-none-eabi/10.3.1/../../../arm-none-eabi/lib/thumb/v6-m/nofp/libstdc++.a(class_type_info.o)
 .ARM.exidx.text._ZN10__cxxabiv117__class_type_infoD2Ev
                0x0000000010007430        0x0 /usr/lib/gcc/arm-none-eabi/10.3.1/../../../arm-none-eabi/lib/thumb/v6-m/nofp/libstdc++.a(class_type_info.o)
                                          0x8 (size before relaxing)
 .ARM.exidx.text._ZN10__cxxabiv117__class_type_infoD0Ev
                0x0000000010007430        0x0 /usr/lib/gcc/arm-none-eabi/10.3.1/../../../arm-none-eabi/lib/thumb/v6-m/nofp/libstdc++.a(class_type_info.o)
                                          0x8 (size before relaxing)
 .ARM.exidx.text._ZNK10__cxxabiv117__class_type_info12__do_dyncastEiNS0_10__sub_kindEPKS0_PKvS3_S5_RNS0_16__dyncast_resultE
                0x0000000010007430        0x0 /usr/lib/gcc/arm-none-eabi/10.3.1/../../../arm-none-eabi/lib/thumb/v6-m/nofp/libstdc++.a(class_type_info.o)
                                          0x8 (size before relaxing)
 .ARM.exidx.text._ZNK10__cxxabiv117__class_type_info11__do_upcastEPKS0_PKvRNS0_15__upcast_resultE
                0x0000000010007430        0x0 /usr/lib/gcc/arm-none-eabi/10.3.1/../../../arm-none-eabi/lib/thumb/v6-m/nofp/libstdc++.a(class_type_info.o)
                                          0x8 (size before relaxing)
 .ARM.exidx.text._ZNK10__cxxabiv117__class_type_info10__do_catchEPKSt9type_infoPPvj
                0x0000000010007430       0x10 /usr/lib/gcc/arm-none-eabi/10.3.1/../../../arm-none-eabi/lib/thumb/v6-m/nofp/libstdc++.a(class_type_info.o)
                                          0x8 (size before relaxing)
 .ARM.exidx.text.__cxa_type_match
                0x0000000010007440        0x8 /usr/lib/gcc/arm-none-eabi/10.3.1/../../../arm-none-eabi/lib/thumb/v6-m/nofp/libstdc++.a(eh_arm.o)
 .ARM.exidx.text.__cxa_begin_cleanup
                0x0000000010007448        0x8 /usr/lib/gcc/arm-none-eabi/10.3.1/../../../arm-none-eabi/lib/thumb/v6-m/nofp/libstdc++.a(eh_arm.o)
 .ARM.exidx.text.__gnu_end_cleanup
                0x0000000010007450        0x0 /usr/lib/gcc/arm-none-eabi/10.3.1/../../../arm-none-eabi/lib/thumb/v6-m/nofp/libstdc++.a(eh_arm.o)
                                          0x8 (size before relaxing)
 .ARM.exidx.text._ZN10__cxxabiv1L24__is_gxx_exception_classEPc
                0x0000000010007450        0x0 /usr/lib/gcc/arm-none-eabi/10.3.1/../../../arm-none-eabi/lib/thumb/v6-m/nofp/libstdc++.a(eh_call.o)
                                          0x8 (size before relaxing)
 .ARM.exidx.text.__cxa_call_terminate
                0x0000000010007450        0x0 /usr/lib/gcc/arm-none-eabi/10.3.1/../../../arm-none-eabi/lib/thumb/v6-m/nofp/libstdc++.a(eh_call.o)
                                          0x8 (size before relaxing)
 .ARM.exidx.text.unlikely.__cxa_call_unexpected
                0x0000000010007450        0x8 /usr/lib/gcc/arm-none-eabi/10.3.1/../../../arm-none-eabi/lib/thumb/v6-m/nofp/libstdc++.a(eh_call.o)
 .ARM.exidx.text.__cxa_begin_catch
                0x0000000010007458        0x8 /usr/lib/gcc/arm-none-eabi/10.3.1/../../../arm-none-eabi/lib/thumb/v6-m/nofp/libstdc++.a(eh_catch.o)
 .ARM.exidx.text.__cxa_end_catch
                0x0000000010007460        0x8 /usr/lib/gcc/arm-none-eabi/10.3.1/../../../arm-none-eabi/lib/thumb/v6-m/nofp/libstdc++.a(eh_catch.o)
 .ARM.exidx.text.__cxa_get_globals_fast
                0x0000000010007468        0x8 /usr/lib/gcc/arm-none-eabi/10.3.1/../../../arm-none-eabi/lib/thumb/v6-m/nofp/libstdc++.a(eh_globals.o)
 .ARM.exidx.text.__cxa_get_globals
                0x0000000010007470        0x0 /usr/lib/gcc/arm-none-eabi/10.3.1/../../../arm-none-eabi/lib/thumb/v6-m/nofp/libstdc++.a(eh_globals.o)
                                          0x8 (size before relaxing)
 .ARM.exidx.text._ZL28read_encoded_value_with_basehjPKhPj
                0x0000000010007470        0x8 /usr/lib/gcc/arm-none-eabi/10.3.1/../../../arm-none-eabi/lib/thumb/v6-m/nofp/libstdc++.a(eh_personality.o)
 .ARM.exidx.text._ZL21base_of_encoded_valuehP15_Unwind_Context
                0x0000000010007478        0x8 /usr/lib/gcc/arm-none-eabi/10.3.1/../../../arm-none-eabi/lib/thumb/v6-m/nofp/libstdc++.a(eh_personality.o)
 .ARM.exidx.text._ZL17parse_lsda_headerP15_Unwind_ContextPKhP16lsda_header_info
                0x0000000010007480        0x8 /usr/lib/gcc/arm-none-eabi/10.3.1/../../../arm-none-eabi/lib/thumb/v6-m/nofp/libstdc++.a(eh_personality.o)
 .ARM.exidx.text.__gxx_personality_v0
                0x0000000010007488       0x10 /usr/lib/gcc/arm-none-eabi/10.3.1/../../../arm-none-eabi/lib/thumb/v6-m/nofp/libstdc++.a(eh_personality.o)
                                          0x8 (size before relaxing)
 .ARM.exidx     0x0000000010007498       0x90 /usr/lib/gcc/arm-none-eabi/10.3.1/thumb/v6-m/nofp/libgcc.a(unwind-arm.o)
                                         0xd8 (size before relaxing)
 .ARM.exidx     0x0000000010007528       0x28 /usr/lib/gcc/arm-none-eabi/10.3.1/thumb/v6-m/nofp/libgcc.a(pr-support.o)
                                         0x38 (size before relaxing)
 .ARM.exidx.text.unlikely
                0x0000000010007550        0x8 /usr/lib/gcc/arm-none-eabi/10.3.1/thumb/v6-m/nofp/libgcc.a(pr-support.o)
                                         0x10 (size before relaxing)
                0x0000000010007558                __exidx_end = .
                0x0000000010007558                . = ALIGN (0x4)
                0x0000000010007558                __binary_info_start = .

.binary_info    0x0000000010007558       0x20
 *(.binary_info.keep.*)
 .binary_info.keep.__bi_ptr22