Archive member included to satisfy reference by file (symbol)

/usr/lib/gcc/arm-none-eabi/10.3.1/../../../arm-none-eabi/lib/thumb/v6-m/nofp/libstdc++.a(functional.o)
                              CMakeFiles/wireless_tx.dir/src/joybus.cpp.obj (std::__throw_bad_function_call())
/usr/lib/gcc/arm-none-eabi/10.3.1/../../../arm-none-eabi/lib/thumb/v6-m/nofp/libstdc++.a(eh_alloc.o)
                              /usr/lib/gcc/arm-none-eabi/10.3.1/../../../arm-none-eabi/lib/thumb/v6-m/nofp/libstdc++.a(functional.o) (__cxa_allocate_exception)
/usr/lib/gcc/arm-none-eabi/10.3.1/../../../arm-none-eabi/lib/thumb/v6-m/nofp/libstdc++.a(eh_exception.o)
                              /usr/lib/gcc/arm-none-eabi/10.3.1/../../../arm-none-eabi/lib/thumb/v6-m/nofp/libstdc++.a(functional.o) (std::exception::~exception())
/usr/lib/gcc/arm-none-eabi/10.3.1/../../../arm-none-eabi/lib/thumb/v6-m/nofp/libstdc++.a(eh_terminate.o)
                              /usr/lib/gcc/arm-none-eabi/10.3.1/../../../arm-none-eabi/lib/thumb/v6-m/nofp/libstdc++.a(eh_alloc.o) (std::terminate())
/usr/lib/gcc/arm-none-eabi/10.3.1/../../../arm-none-eabi/lib/thumb/v6-m/nofp/libstdc++.a(eh_throw.o)
                              /usr/lib/gcc/arm-none-eabi/10.3.1/../../../arm-none-eabi/lib/thumb/v6-m/nofp/libstdc++.a(functional.o) (__cxa_throw)
/usr/lib/gcc/arm-none-eabi/10.3.1/../../../arm-none-eabi/lib/thumb/v6-m/nofp/libstdc++.a(eh_unex_handler.o)
                              /usr/lib/gcc/arm-none-eabi/10.3.1/../../../arm-none-eabi/lib/thumb/v6-m/nofp/libstdc++.a(eh_terminate.o) (__cxxabiv1::__unexpected_handler)
/usr/lib/gcc/arm-none-eabi/10.3.1/../../../arm-none-eabi/lib/thumb/v6-m/nofp/libstdc++.a(pure.o)
                              /usr/lib/gcc/arm-none-eabi/10.3.1/../../../arm-none-eabi/lib/thumb/v6-m/nofp/libstdc++.a(eh_exception.o) (__cxa_pure_virtual)
/usr/lib/gcc/arm-none-eabi/10.3.1/../../../arm-none-eabi/lib/thumb/v6-m/nofp/libstdc++.a(si_class_type_info.o)
                              /usr/lib/gcc/arm-none-eabi/10.3.1/../../../arm-none-eabi/lib/thumb/v6-m/nofp/libstdc++.a(functional.o) (vtable for __cxxabiv1::__si_class_type_info)
/usr/lib/gcc/arm-none-eabi/10.3.1/../../../arm-none-eabi/lib/thumb/v6-m/nofp/libstdc++.a(tinfo.o)
                              /usr/lib/gcc/arm-none-eabi/10.3.1/../../../arm-none-eabi/lib/thumb/v6-m/nofp/libstdc++.a(si_class_type_info.o) (std::type_info::__is_pointer_p() const)
/usr/lib/gcc/arm-none-eabi/10.3.1/../../../arm-none-eabi/lib/thumb/v6-m/nofp/libstdc++.a(class_type_info.o)
                              /usr/lib/gcc/arm-none-eabi/10.3.1/../../../arm-none-eabi/lib/thumb/v6-m/nofp/libstdc++.a(si_class_type_info.o) (__cxxabiv1::__class_type_info::__do_upcast(__cxxabiv1::__class_type_info const*, void**) const)
/usr/lib/gcc/arm-none-eabi/10.3.1/../../../arm-none-eabi/lib/thumb/v6-m/nofp/libstdc++.a(eh_arm.o)
                              /usr/lib/gcc/arm-none-eabi/10.3.1/../../../arm-none-eabi/lib/thumb/v6-m/nofp/libstdc++.a(eh_terminate.o) (__cxa_end_cleanup)
/usr/lib/gcc/arm-none-eabi/10.3.1/../../../arm-none-eabi/lib/thumb/v6-m/nofp/libstdc++.a(eh_call.o)
                              /usr/lib/gcc/arm-none-eabi/10.3.1/../../../arm-none-eabi/lib/thumb/v6-m/nofp/libstdc++.a(eh_terminate.o) (__cxa_call_unexpected)
/usr/lib/gcc/arm-none-eabi/10.3.1/../../../arm-none-eabi/lib/thumb/v6-m/nofp/libstdc++.a(eh_catch.o)
                              /usr/lib/gcc/arm-none-eabi/10.3.1/../../../arm-none-eabi/lib/thumb/v6-m/nofp/libstdc++.a(eh_terminate.o) (__cxa_begin_catch)
/usr/lib/gcc/arm-none-eabi/10.3.1/../../../arm-none-eabi/lib/thumb/v6-m/nofp/libstdc++.a(eh_globals.o)
                              /usr/lib/gcc/arm-none-eabi/10.3.1/../../../arm-none-eabi/lib/thumb/v6-m/nofp/libstdc++.a(eh_call.o) (__cxa_get_globals_fast)
/usr/lib/gcc/arm-none-eabi/10.3.1/../../../arm-none-eabi/lib/thumb/v6-m/nofp/libstdc++.a(eh_personality.o)
                              /usr/lib/gcc/arm-none-eabi/10.3.1/../../../arm-none-eabi/lib/thumb/v6-m/nofp/libstdc++.a(eh_terminate.o) (__gxx_personality_v0)
/usr/lib/gcc/arm-none-eabi/10.3.1/../../../arm-none-eabi/lib/thumb/v6-m/nofp/libstdc++.a(eh_term_handler.o)
                              /usr/lib/gcc/arm-none-eabi/10.3.1/../../../arm-none-eabi/lib/thumb/v6-m/nofp/libstdc++.a(eh_terminate.o) (__cxxabiv1::__terminate_handler)
/usr/lib/gcc/arm-none-eabi/10.3.1/thumb/v6-m/nofp/libgcc.a(_dvmd_tls.o)
                              CMakeFiles/wireless_tx.dir/home/heatherdev/pico/pico-sdk/src/rp2_common/pico_divider/divider.S.obj (__aeabi_idiv0)
/usr/lib/gcc/arm-none-eabi/10.3.1/thumb/v6-m/nofp/libgcc.a(unwind-arm.o)
                              /usr/lib/gcc/arm-none-eabi/10.3.1/../../../arm-none-eabi/lib/thumb/v6-m/nofp/libstdc++.a(si_class_type_info.o) (__aeabi_unwind_cpp_pr1)
/usr/lib/gcc/arm-none-eabi/10.3.1/thumb/v6-m/nofp/libgcc.a(libunwind.o)
                              /usr/lib/gcc/arm-none-eabi/10.3.1/thumb/v6-m/nofp/libgcc.a(unwind-arm.o) (restore_core_regs)
[...]
Memory Configuration

Name             Origin             Length             Attributes
FLASH            0x0000000010000000 0x0000000000200000 xr
RAM              0x0000000020000000 0x0000000000040000 xrw
SCRATCH_X        0x0000000020040000 0x0000000000001000 xrw
SCRATCH_Y        0x0000000020041000 0x0000000000001000 xrw
*default*        0x0000000000000000 0xffffffffffffffff

Linker script and memory map

LOAD /usr/lib/gcc/arm-none-eabi/10.3.1/thumb/v6-m/nofp/crti.o
LOAD /usr/lib/gcc/arm-none-eabi/10.3.1/thumb/v6-m/nofp/crtbegin.o
LOAD /usr/lib/gcc/arm-none-eabi/10.3.1/../../../arm-none-eabi/lib/thumb/v6-m/nofp/crt0.o

.flash_begin    0x0000000010000000        0x0
                0x0000000010000000                __flash_binary_start = .

.boot2          0x0000000010000000      0x100
                0x0000000010000000                __boot2_start__ = .
 *(.boot2)
 .boot2         0x0000000010000000      0x100 /tmp/ccSWjZ3Q.o
                0x0000000010000100                __boot2_end__ = .
                0x0000000000000001                ASSERT (((__boot2_end__ - __boot2_start__) == 0x100), ERROR: Pico second stage bootloader must be 256 bytes in size)

.text           0x0000000010000100     0x7888
                0x0000000010000100                __logical_binary_start = .
 *(.vectors)
 .vectors       0x0000000010000100       0xd4 CMakeFiles/wireless_tx.dir/home/heatherdev/pico/pico-sdk/src/rp2_common/pico_standard_link/crt0.S.obj
                0x0000000010000100                __vectors
                0x0000000010000100                __VECTOR_TABLE
                0x00000000100001c0                isr_invalid
                0x00000000100001c0                __default_isrs_start
                0x00000000100001c2                isr_nmi
                0x00000000100001c4                isr_hardfault
                0x00000000100001c6                isr_svcall
                0x00000000100001c8                isr_pendsv
                0x00000000100001ca                isr_systick
                0x00000000100001cc                isr_irq30
                0x00000000100001cc                __unhandled_user_irq
                0x00000000100001cc                isr_irq13
                0x00000000100001cc                isr_irq27
                0x00000000100001cc                isr_irq31
                0x00000000100001cc                isr_irq5
                0x00000000100001cc                isr_irq11
                0x00000000100001cc                isr_irq23
                0x00000000100001cc                isr_irq18
                0x00000000100001cc                isr_irq28
                0x00000000100001cc                isr_irq19
                0x00000000100001cc                isr_irq0
                0x00000000100001cc                isr_irq6
                0x00000000100001cc                isr_irq22
                0x00000000100001cc                isr_irq17
                0x00000000100001cc                isr_irq14
                0x00000000100001cc                isr_irq2
                0x00000000100001cc                isr_irq10
                0x00000000100001cc                isr_irq8
                0x00000000100001cc                isr_irq24
                0x00000000100001cc                isr_irq1
                0x00000000100001cc                isr_irq7
                0x00000000100001cc                isr_irq21
                0x00000000100001cc                isr_irq20
                0x00000000100001cc                isr_irq15
                0x00000000100001cc                isr_irq25
                0x00000000100001cc                isr_irq4
                0x00000000100001cc                isr_irq16
                0x00000000100001cc                isr_irq29
                0x00000000100001cc                isr_irq26
                0x00000000100001cc                __default_isrs_end
                0x00000000100001cc                isr_irq3
                0x00000000100001cc                isr_irq12
                0x00000000100001cc                isr_irq9
                0x00000000100001d2                unhandled_user_irq_num_in_r0
 *(.binary_info_header)
 .binary_info_header
                0x00000000100001d4       0x14 CMakeFiles/wireless_tx.dir/home/heatherdev/pico/pico-sdk/src/rp2_common/pico_standard_link/crt0.S.obj
                0x00000000100001e8                __binary_info_header_end = .
 *(.reset)
 .reset         0x00000000100001e8       0xa0 CMakeFiles/wireless_tx.dir/home/heatherdev/pico/pico-sdk/src/rp2_common/pico_standard_link/crt0.S.obj
                0x00000000100001e8                _entry_point
 .reset         0x0000000010000288       0x30 CMakeFiles/wireless_tx.dir/home/heatherdev/pico/pico-sdk/src/rp2_common/pico_standard_link/binary_info.c.obj
 *(.init)
 .init          0x00000000100002b8        0x4 /usr/lib/gcc/arm-none-eabi/10.3.1/thumb/v6-m/nofp/crti.o
                0x00000000100002b8                _init
 *(EXCLUDE_FILE(*libm.a: *libc.a:*lib_a-mem*.o *libgcc.a:) .text*)
 .text          0x00000000100002bc       0x98 /usr/lib/gcc/arm-none-eabi/10.3.1/thumb/v6-m/nofp/crtbegin.o
 .text._ZL13read_registerhPh
                0x0000000010000354       0x54 CMakeFiles/wireless_tx.dir/src/main.cpp.obj
 .text._Z21memory_dump_to_screenv
                0x00000000100003a8       0x80 CMakeFiles/wireless_tx.dir/src/main.cpp.obj
                0x00000000100003a8                memory_dump_to_screen()
 .text._Z15setup_registersv
                0x0000000010000428      0x228 CMakeFiles/wireless_tx.dir/src/main.cpp.obj
                0x0000000010000428                setup_registers()
 .text.startup.main
                0x0000000010000650      0x2c4 CMakeFiles/wireless_tx.dir/src/main.cpp.obj
                0x0000000010000650                main
 .text.gpio_set_function
                0x0000000010000914       0x30 CMakeFiles/wireless_tx.dir/home/heatherdev/pico/pico-sdk/src/rp2_common/hardware_gpio/gpio.c.obj
                0x0000000010000914                gpio_set_function
 .text.gpio_init
                0x0000000010000944       0x3c CMakeFiles/wireless_tx.dir/home/heatherdev/pico/pico-sdk/src/rp2_common/hardware_gpio/gpio.c.obj
                0x0000000010000944                gpio_init
 .text.running_on_fpga
                0x0000000010000980       0x10 CMakeFiles/wireless_tx.dir/home/heatherdev/pico/pico-sdk/src/rp2_common/pico_platform/platform.c.obj
                0x0000000010000980                running_on_fpga
 .text.hw_claim_or_assert
                0x0000000010000990       0x44 CMakeFiles/wireless_tx.dir/home/heatherdev/pico/pico-sdk/src/rp2_common/hardware_claim/claim.c.obj
                0x0000000010000990                hw_claim_or_assert
 .text.hw_claim_unused_from_range
                0x00000000100009d4       0x9c CMakeFiles/wireless_tx.dir/home/heatherdev/pico/pico-sdk/src/rp2_common/hardware_claim/claim.c.obj
                0x00000000100009d4                hw_claim_unused_from_range
 .text.spin_locks_reset
                0x0000000010000a70       0x1c CMakeFiles/wireless_tx.dir/home/heatherdev/pico/pico-sdk/src/rp2_common/hardware_sync/sync.c.obj
                0x0000000010000a70                spin_locks_reset
 .text.next_striped_spin_lock_num
                0x0000000010000a8c       0x18 CMakeFiles/wireless_tx.dir/home/heatherdev/pico/pico-sdk/src/rp2_common/hardware_sync/sync.c.obj
                0x0000000010000a8c                next_striped_spin_lock_num
 .text.spin_lock_claim_unused
                0x0000000010000aa4       0x20 CMakeFiles/wireless_tx.dir/home/heatherdev/pico/pico-sdk/src/rp2_common/hardware_sync/sync.c.obj
                0x0000000010000aa4                spin_lock_claim_unused
 .text.irq_set_enabled
                0x0000000010000ac4       0x24 CMakeFiles/wireless_tx.dir/home/heatherdev/pico/pico-sdk/src/rp2_common/hardware_irq/irq.c.obj
                0x0000000010000ac4                irq_set_enabled
 .text.irq_set_pending
                0x0000000010000ae8       0x10 CMakeFiles/wireless_tx.dir/home/heatherdev/pico/pico-sdk/src/rp2_common/hardware_irq/irq.c.obj
                0x0000000010000ae8                irq_set_pending
 .text.irq_has_shared_handler
                0x0000000010000af8       0x2c CMakeFiles/wireless_tx.dir/home/heatherdev/pico/pico-sdk/src/rp2_common/hardware_irq/irq.c.obj
                0x0000000010000af8                irq_has_shared_handler
 .text.irq_get_vtable_handler
                0x0000000010000b24       0x10 CMakeFiles/wireless_tx.dir/home/heatherdev/pico/pico-sdk/src/rp2_common/hardware_irq/irq.c.obj
                0x0000000010000b24                irq_get_vtable_handler
 .text.irq_set_exclusive_handler
                0x0000000010000b34       0x54 CMakeFiles/wireless_tx.dir/home/heatherdev/pico/pico-sdk/src/rp2_common/hardware_irq/irq.c.obj
                0x0000000010000b34                irq_set_exclusive_handler
 .text.irq_add_shared_handler
                0x0000000010000b88      0x1e8 CMakeFiles/wireless_tx.dir/home/heatherdev/pico/pico-sdk/src/rp2_common/hardware_irq/irq.c.obj
                0x0000000010000b88                irq_add_shared_handler
 .text.irq_remove_handler
                0x0000000010000d70      0x1b0 CMakeFiles/wireless_tx.dir/home/heatherdev/pico/pico-sdk/src/rp2_common/hardware_irq/irq.c.obj
                0x0000000010000d70                irq_remove_handler
 .text.irq_add_tail_to_free_list
                0x0000000010000f20       0xb4 CMakeFiles/wireless_tx.dir/home/heatherdev/pico/pico-sdk/src/rp2_common/hardware_irq/irq.c.obj
                0x0000000010000f20                irq_add_tail_to_free_list
 .text.irq_init_priorities
                0x0000000010000fd4       0x24 CMakeFiles/wireless_tx.dir/home/heatherdev/pico/pico-sdk/src/rp2_common/hardware_irq/irq.c.obj
                0x0000000010000fd4                irq_init_priorities
 .text.user_irq_claim_unused
                0x0000000010000ff8       0x28 CMakeFiles/wireless_tx.dir/home/heatherdev/pico/pico-sdk/src/rp2_common/hardware_irq/irq.c.obj
                0x0000000010000ff8                user_irq_claim_unused
 .text.lock_init
                0x0000000010001020       0x10 CMakeFiles/wireless_tx.dir/home/heatherdev/pico/pico-sdk/src/common/pico_sync/lock_core.c.obj
                0x0000000010001020                lock_init
 .text.mutex_init
                0x0000000010001030       0x1c CMakeFiles/wireless_tx.dir/home/heatherdev/pico/pico-sdk/src/common/pico_sync/mutex.c.obj
                0x0000000010001030                mutex_init
 .text.recursive_mutex_init
                0x000000001000104c       0x1c CMakeFiles/wireless_tx.dir/home/heatherdev/pico/pico-sdk/src/common/pico_sync/mutex.c.obj
                0x000000001000104c                recursive_mutex_init
 .text.critical_section_init
                0x0000000010001068       0x20 CMakeFiles/wireless_tx.dir/home/heatherdev/pico/pico-sdk/src/common/pico_sync/critical_section.c.obj
                0x0000000010001068                critical_section_init
 .text.critical_section_init_with_lock_num
                0x0000000010001088       0x14 CMakeFiles/wireless_tx.dir/home/heatherdev/pico/pico-sdk/src/common/pico_sync/critical_section.c.obj
                0x0000000010001088                critical_section_init_with_lock_num
 .text.timer_pool_entry_comparator
                0x000000001000109c       0x34 CMakeFiles/wireless_tx.dir/home/heatherdev/pico/pico-sdk/src/common/pico_time/time.c.obj
                0x000000001000109c                timer_pool_entry_comparator
 .text.sleep_until_callback
                0x00000000100010d0       0x30 CMakeFiles/wireless_tx.dir/home/heatherdev/pico/pico-sdk/src/common/pico_time/time.c.obj
 .text.add_alarm_under_lock.isra.0
                0x0000000010001100      0x100 CMakeFiles/wireless_tx.dir/home/heatherdev/pico/pico-sdk/src/common/pico_time/time.c.obj
 .text.alarm_pool_alarm_callback
                0x0000000010001200      0x1bc CMakeFiles/wireless_tx.dir/home/heatherdev/pico/pico-sdk/src/common/pico_time/time.c.obj
 .text.alarm_pool_init_default
                0x00000000100013bc       0x6c CMakeFiles/wireless_tx.dir/home/heatherdev/pico/pico-sdk/src/common/pico_time/time.c.obj
                0x00000000100013bc                alarm_pool_init_default
 .text.alarm_pool_get_default
                0x0000000010001428        0x8 CMakeFiles/wireless_tx.dir/home/heatherdev/pico/pico-sdk/src/common/pico_time/time.c.obj
                0x0000000010001428                alarm_pool_get_default
 .text.alarm_pool_add_alarm_at
                0x0000000010001430      0x178 CMakeFiles/wireless_tx.dir/home/heatherdev/pico/pico-sdk/src/common/pico_time/time.c.obj
                0x0000000010001430                alarm_pool_add_alarm_at
 .text.alarm_pool_core_num
                0x00000000100015a8        0x4 CMakeFiles/wireless_tx.dir/home/heatherdev/pico/pico-sdk/src/common/pico_time/time.c.obj
                0x00000000100015a8                alarm_pool_core_num
 .text.sleep_until
                0x00000000100015ac       0xc4 CMakeFiles/wireless_tx.dir/home/heatherdev/pico/pico-sdk/src/common/pico_time/time.c.obj
                0x00000000100015ac                sleep_until
 .text.sleep_us
                0x0000000010001670       0x24 CMakeFiles/wireless_tx.dir/home/heatherdev/pico/pico-sdk/src/common/pico_time/time.c.obj
                0x0000000010001670                sleep_us
 .text.sleep_ms
                0x0000000010001694       0x34 CMakeFiles/wireless_tx.dir/home/heatherdev/pico/pico-sdk/src/common/pico_time/time.c.obj
                0x0000000010001694                sleep_ms
 .text.best_effort_wfe_or_timeout
                0x00000000100016c8       0xd4 CMakeFiles/wireless_tx.dir/home/heatherdev/pico/pico-sdk/src/common/pico_time/time.c.obj
                0x00000000100016c8                best_effort_wfe_or_timeout
 .text.hardware_alarm_irq_handler
                0x000000001000179c       0xbc CMakeFiles/wireless_tx.dir/home/heatherdev/pico/pico-sdk/src/rp2_common/hardware_timer/timer.c.obj
 .text.hardware_alarm_claim
                0x0000000010001858       0x18 CMakeFiles/wireless_tx.dir/home/heatherdev/pico/pico-sdk/src/rp2_common/hardware_timer/timer.c.obj
                0x0000000010001858                hardware_alarm_claim
 .text.time_us_64
                0x0000000010001870       0x14 CMakeFiles/wireless_tx.dir/home/heatherdev/pico/pico-sdk/src/rp2_common/hardware_timer/timer.c.obj
                0x0000000010001870                time_us_64
 .text.busy_wait_until
                0x0000000010001884       0x20 CMakeFiles/wireless_tx.dir/home/heatherdev/pico/pico-sdk/src/rp2_common/hardware_timer/timer.c.obj
                0x0000000010001884                busy_wait_until
 .text.hardware_alarm_set_callback
                0x00000000100018a4       0x8c CMakeFiles/wireless_tx.dir/home/heatherdev/pico/pico-sdk/src/rp2_common/hardware_timer/timer.c.obj
                0x00000000100018a4                hardware_alarm_set_callback
 .text.hardware_alarm_set_target
                0x0000000010001930       0xd4 CMakeFiles/wireless_tx.dir/home/heatherdev/pico/pico-sdk/src/rp2_common/hardware_timer/timer.c.obj
                0x0000000010001930                hardware_alarm_set_target
 .text.hardware_alarm_cancel
                0x0000000010001a04       0x3c CMakeFiles/wireless_tx.dir/home/heatherdev/pico/pico-sdk/src/rp2_common/hardware_timer/timer.c.obj
                0x0000000010001a04                hardware_alarm_cancel
 .text.ph_merge_nodes
                0x0000000010001a40       0x68 CMakeFiles/wireless_tx.dir/home/heatherdev/pico/pico-sdk/src/common/pico_util/pheap.c.obj
 .text.ph_post_alloc_init
                0x0000000010001aa8       0x3c CMakeFiles/wireless_tx.dir/home/heatherdev/pico/pico-sdk/src/common/pico_util/pheap.c.obj
                0x0000000010001aa8                ph_post_alloc_init
 .text.ph_merge_two_pass
                0x0000000010001ae4       0x90 CMakeFiles/wireless_tx.dir/home/heatherdev/pico/pico-sdk/src/common/pico_util/pheap.c.obj
                0x0000000010001ae4                ph_merge_two_pass
 .text.ph_remove_any_head
                0x0000000010001b74      0x100 CMakeFiles/wireless_tx.dir/home/heatherdev/pico/pico-sdk/src/common/pico_util/pheap.c.obj
 .text.ph_remove_head
                0x0000000010001c74      0x104 CMakeFiles/wireless_tx.dir/home/heatherdev/pico/pico-sdk/src/common/pico_util/pheap.c.obj
                0x0000000010001c74                ph_remove_head
 .text.ph_remove_and_free_node
                0x0000000010001d78       0x7c CMakeFiles/wireless_tx.dir/home/heatherdev/pico/pico-sdk/src/common/pico_util/pheap.c.obj
                0x0000000010001d78                ph_remove_and_free_node
 .text.clocks_init
                0x0000000010001df4      0x2d0 CMakeFiles/wireless_tx.dir/home/heatherdev/pico/pico-sdk/src/rp2_common/hardware_clocks/clocks.c.obj
                0x0000000010001df4                clocks_init
 .text.clock_get_hz
                0x00000000100020c4        0xc CMakeFiles/wireless_tx.dir/home/heatherdev/pico/pico-sdk/src/rp2_common/hardware_clocks/clocks.c.obj
                0x00000000100020c4                clock_get_hz
 .text.pll_init
                0x00000000100020d0       0xa0 CMakeFiles/wireless_tx.dir/home/heatherdev/pico/pico-sdk/src/rp2_common/hardware_pll/pll.c.obj
                0x00000000100020d0                pll_init
 .text.watchdog_start_tick
                0x0000000010002170       0x10 CMakeFiles/wireless_tx.dir/home/heatherdev/pico/pico-sdk/src/rp2_common/hardware_watchdog/watchdog.c.obj
                0x0000000010002170                watchdog_start_tick
 .text.watchdog_reboot
                0x0000000010002180       0x98 CMakeFiles/wireless_tx.dir/home/heatherdev/pico/pico-sdk/src/rp2_common/hardware_watchdog/watchdog.c.obj
                0x0000000010002180                watchdog_reboot
 .text.xosc_init
                0x0000000010002218       0x28 CMakeFiles/wireless_tx.dir/home/heatherdev/pico/pico-sdk/src/rp2_common/hardware_xosc/xosc.c.obj
                0x0000000010002218                xosc_init
 .text.runtime_init
                0x0000000010002240       0xf0 CMakeFiles/wireless_tx.dir/home/heatherdev/pico/pico-sdk/src/rp2_common/pico_runtime/runtime.c.obj
                0x0000000010002240                runtime_init
 .text._exit    0x0000000010002330        0x4 CMakeFiles/wireless_tx.dir/home/heatherdev/pico/pico-sdk/src/rp2_common/pico_runtime/runtime.c.obj
                0x0000000010002330                _exit
 .text._sbrk    0x0000000010002334       0x34 CMakeFiles/wireless_tx.dir/home/heatherdev/pico/pico-sdk/src/rp2_common/pico_runtime/runtime.c.obj
                0x0000000010002334                _sbrk
 .text.exit     0x0000000010002368        0x8 CMakeFiles/wireless_tx.dir/home/heatherdev/pico/pico-sdk/src/rp2_common/pico_runtime/runtime.c.obj
                0x0000000010002368                exit
 .text.panic    0x0000000010002370       0x30 CMakeFiles/wireless_tx.dir/home/heatherdev/pico/pico-sdk/src/rp2_common/pico_runtime/runtime.c.obj
                0x0000000010002370                panic
 .text.hard_assertion_failure
                0x00000000100023a0        0xc CMakeFiles/wireless_tx.dir/home/heatherdev/pico/pico-sdk/src/rp2_common/pico_runtime/runtime.c.obj
                0x00000000100023a0                hard_assertion_failure
 .text._out_null
                0x00000000100023ac        0x4 CMakeFiles/wireless_tx.dir/home/heatherdev/pico/pico-sdk/src/rp2_common/pico_printf/printf.c.obj
 .text._out_rev
                0x00000000100023b0       0x9c CMakeFiles/wireless_tx.dir/home/heatherdev/pico/pico-sdk/src/rp2_common/pico_printf/printf.c.obj
 .text._ntoa_format
                0x000000001000244c      0x1cc CMakeFiles/wireless_tx.dir/home/heatherdev/pico/pico-sdk/src/rp2_common/pico_printf/printf.c.obj
 .text._out_char
                0x0000000010002618       0x10 CMakeFiles/wireless_tx.dir/home/heatherdev/pico/pico-sdk/src/rp2_common/pico_printf/printf.c.obj
 .text._out_fct
                0x0000000010002628       0x10 CMakeFiles/wireless_tx.dir/home/heatherdev/pico/pico-sdk/src/rp2_common/pico_printf/printf.c.obj
 .text._etoa    0x0000000010002638      0x44c CMakeFiles/wireless_tx.dir/home/heatherdev/pico/pico-sdk/src/rp2_common/pico_printf/printf.c.obj
 .text._ftoa    0x0000000010002a84      0x398 CMakeFiles/wireless_tx.dir/home/heatherdev/pico/pico-sdk/src/rp2_common/pico_printf/printf.c.obj
 .text._vsnprintf
                0x0000000010002e1c      0xb04 CMakeFiles/wireless_tx.dir/home/heatherdev/pico/pico-sdk/src/rp2_common/pico_printf/printf.c.obj
 .text.vfctprintf
                0x0000000010003920       0x20 CMakeFiles/wireless_tx.dir/home/heatherdev/pico/pico-sdk/src/rp2_common/pico_printf/printf.c.obj
                0x0000000010003920                vfctprintf
 .text.weak_raw_vprintf
                0x0000000010003940       0x30 CMakeFiles/wireless_tx.dir/home/heatherdev/pico/pico-sdk/src/rp2_common/pico_printf/printf.c.obj
                0x0000000010003940                weak_raw_vprintf
 .text          0x0000000010003970       0x10 CMakeFiles/wireless_tx.dir/home/heatherdev/pico/pico-sdk/src/rp2_common/pico_bit_ops/bit_ops_aeabi.S.obj
 .text.rom_func_lookup
                0x0000000010003980       0x10 CMakeFiles/wireless_tx.dir/home/heatherdev/pico/pico-sdk/src/rp2_common/pico_bootrom/bootrom.c.obj
                0x0000000010003980                rom_func_lookup
 .text.rom_data_lookup
                0x0000000010003990       0x10 CMakeFiles/wireless_tx.dir/home/heatherdev/pico/pico-sdk/src/rp2_common/pico_bootrom/bootrom.c.obj
                0x0000000010003990                rom_data_lookup
 .text.rom_funcs_lookup
                0x00000000100039a0       0x44 CMakeFiles/wireless_tx.dir/home/heatherdev/pico/pico-sdk/src/rp2_common/pico_bootrom/bootrom.c.obj
                0x00000000100039a0                rom_funcs_lookup
 .text.__wrap___aeabi_idiv
                0x00000000100039e4       0x50 CMakeFiles/wireless_tx.dir/home/heatherdev/pico/pico-sdk/src/rp2_common/pico_divider/divider.S.obj
                0x00000000100039e4                __wrap___aeabi_idivmod
                0x00000000100039e4                divmod_s32s32
                0x00000000100039e4                div_s32s32
                0x00000000100039e4                __wrap___aeabi_idiv
                0x00000000100039ec                divmod_s32s32_unsafe
                0x0000000010003a18                divmod_s32s32_savestate
 .text.__wrap___aeabi_uidiv
                0x0000000010003a34       0x4c CMakeFiles/wireless_tx.dir/home/heatherdev/pico/pico-sdk/src/rp2_common/pico_divider/divider.S.obj
                0x0000000010003a34                __wrap___aeabi_uidiv
                0x0000000010003a34                __wrap___aeabi_uidivmod
                0x0000000010003a34                div_u32u32
                0x0000000010003a34                divmod_u32u32
                0x0000000010003a3c                divmod_u32u32_unsafe
                0x0000000010003a64                divmod_u32u32_savestate
 .text.__wrap___aeabi_ldiv
                0x0000000010003a80      0x424 CMakeFiles/wireless_tx.dir/home/heatherdev/pico/pico-sdk/src/rp2_common/pico_divider/divider.S.obj
                0x0000000010003a80                div_s64s64
                0x0000000010003a80                divmod_s64s64
                0x0000000010003a80                __wrap___aeabi_ldivmod
                0x0000000010003ab0                div_u64u64
                0x0000000010003ab0                divmod_u64u64
                0x0000000010003ab0                __wrap___aeabi_uldivmod
                0x0000000010003ac0                divmod_u64u64_savestate
                0x0000000010003ae0                divmod_s64s64_unsafe
                0x0000000010003b68                divmod_u64u64_unsafe
 .text.__wrap___aeabi_darithmetic
                0x0000000010003ea4       0x80 CMakeFiles/wireless_tx.dir/home/heatherdev/pico/pico-sdk/src/rp2_common/pico_double/double_aeabi.S.obj
                0x0000000010003ea4                __wrap___aeabi_drsub
                0x0000000010003eaa                __wrap___aeabi_dsub
                0x0000000010003ebc                __wrap___aeabi_dadd
                0x0000000010003ece                __wrap___aeabi_ddiv
                0x0000000010003f0a                __wrap___aeabi_dmul
 .text.__wrap___aeabi_cdcmple
                0x0000000010003f24       0x6c CMakeFiles/wireless_tx.dir/home/heatherdev/pico/pico-sdk/src/rp2_common/pico_double/double_aeabi.S.obj
                0x0000000010003f24                __wrap___aeabi_cdrcmple
                0x0000000010003f34                __wrap___aeabi_cdcmple
                0x0000000010003f34                __wrap___aeabi_cdcmpeq
 .text.__wrap___aeabi_dcmplt
                0x0000000010003f90        0xc CMakeFiles/wireless_tx.dir/home/heatherdev/pico/pico-sdk/src/rp2_common/pico_double/double_aeabi.S.obj
                0x0000000010003f90                __wrap___aeabi_dcmplt
 .text.__wrap___aeabi_dcmple
                0x0000000010003f9c       0x10 CMakeFiles/wireless_tx.dir/home/heatherdev/pico/pico-sdk/src/rp2_common/pico_double/double_aeabi.S.obj
                0x0000000010003f9c                __wrap___aeabi_dcmple
 .text.__wrap___aeabi_dcmpge
                0x0000000010003fac       0x10 CMakeFiles/wireless_tx.dir/home/heatherdev/pico/pico-sdk/src/rp2_common/pico_double/double_aeabi.S.obj
                0x0000000010003fac                __wrap___aeabi_dcmpge
 .text.__wrap___aeabi_dcmpgt
                0x0000000010003fbc        0xa CMakeFiles/wireless_tx.dir/home/heatherdev/pico/pico-sdk/src/rp2_common/pico_double/double_aeabi.S.obj
                0x0000000010003fbc                __wrap___aeabi_dcmpgt
 .text.__wrap___aeabi_dcmpun
                0x0000000010003fc6       0x1c CMakeFiles/wireless_tx.dir/home/heatherdev/pico/pico-sdk/src/rp2_common/pico_double/double_aeabi.S.obj
                0x0000000010003fc6                __wrap___aeabi_dcmpun
 *fill*         0x0000000010003fe2        0x2 
 .text.__wrap___aeabi_i2d
                0x0000000010003fe4       0x38 CMakeFiles/wireless_tx.dir/home/heatherdev/pico/pico-sdk/src/rp2_common/pico_double/double_aeabi.S.obj
                0x0000000010003fe4                __wrap___aeabi_ui2d
                0x0000000010003fec                __wrap___aeabi_i2d
 .text.__wrap___aeabi_d2iz
                0x000000001000401c       0x48 CMakeFiles/wireless_tx.dir/home/heatherdev/pico/pico-sdk/src/rp2_common/pico_double/double_aeabi.S.obj
                0x000000001000401c                __wrap___aeabi_d2iz
                0x000000001000401c                double2int_z
 .text.__wrap___aeabi_d2uiz
                0x0000000010004064       0x18 CMakeFiles/wireless_tx.dir/home/heatherdev/pico/pico-sdk/src/rp2_common/pico_double/double_aeabi.S.obj
                0x0000000010004064                double2uint
                0x0000000010004064                __wrap___aeabi_d2uiz
 .text.__aeabi_double_init
                0x000000001000407c       0x94 CMakeFiles/wireless_tx.dir/home/heatherdev/pico/pico-sdk/src/rp2_common/pico_double/double_init_rom.c.obj
                0x000000001000407c                __aeabi_double_init
 .text.double_table_shim_on_use_helper
                0x0000000010004110       0x2c CMakeFiles/wireless_tx.dir/home/heatherdev/pico/pico-sdk/src/rp2_common/pico_double/double_v1_rom_shim.S.obj
                0x0000000010004110                double_table_shim_on_use_helper
 .text.__wrap___aeabi_dsub
                0x000000001000413c       0x10 CMakeFiles/wireless_tx.dir/home/heatherdev/pico/pico-sdk/src/rp2_common/pico_double/double_v1_rom_shim.S.obj
                0x000000001000413c                drsub_shim
                0x0000000010004142                dsub_shim
 .text.dadd_shim
                0x000000001000414c      0x15c CMakeFiles/wireless_tx.dir/home/heatherdev/pico/pico-sdk/src/rp2_common/pico_double/double_v1_rom_shim.S.obj
                0x000000001000414c                dadd_shim
 .text.dmul_shim
                0x00000000100042a8      0x15c CMakeFiles/wireless_tx.dir/home/heatherdev/pico/pico-sdk/src/rp2_common/pico_double/double_v1_rom_shim.S.obj
                0x00000000100042a8                dmul_shim
 .text.ddiv_shim
                0x0000000010004404      0x1b0 CMakeFiles/wireless_tx.dir/home/heatherdev/pico/pico-sdk/src/rp2_common/pico_double/double_v1_rom_shim.S.obj
                0x0000000010004404                ddiv_shim
 .text.double2uint_shim
                0x00000000100045b4        0xe CMakeFiles/wireless_tx.dir/home/heatherdev/pico/pico-sdk/src/rp2_common/pico_double/double_v1_rom_shim.S.obj
                0x00000000100045b4                double2uint_shim
                0x00000000100045b6                double2ufix_shim
 *fill*         0x00000000100045c2        0x2 
 .text.double2uint64_shim
                0x00000000100045c4       0x70 CMakeFiles/wireless_tx.dir/home/heatherdev/pico/pico-sdk/src/rp2_common/pico_double/double_v1_rom_shim.S.obj
                0x00000000100045c4                double2uint64_shim
                0x00000000100045c6                double2ufix64_shim
                0x00000000100045e6                d2fix_a
 .text.dunpacks
                0x0000000010004634       0x3c CMakeFiles/wireless_tx.dir/home/heatherdev/pico/pico-sdk/src/rp2_common/pico_double/double_v1_rom_shim.S.obj
                0x0000000010004634                dunpacks
 .text.__aeabi_lmul
                0x0000000010004670       0x32 CMakeFiles/wireless_tx.dir/home/heatherdev/pico/pico-sdk/src/rp2_common/pico_int64_ops/pico_int64_ops_aeabi.S.obj
                0x0000000010004670                __wrap___aeabi_lmul
 *fill*         0x00000000100046a2        0x2 
 .text.__aeabi_float_init
                0x00000000100046a4       0x64 CMakeFiles/wireless_tx.dir/home/heatherdev/pico/pico-sdk/src/rp2_common/pico_float/float_init_rom.c.obj
                0x00000000100046a4                __aeabi_float_init
 .text.float_table_shim_on_use_helper
                0x0000000010004708       0x2c CMakeFiles/wireless_tx.dir/home/heatherdev/pico/pico-sdk/src/rp2_common/pico_float/float_v1_rom_shim.S.obj
                0x0000000010004708                float_table_shim_on_use_helper
 .text.__wrap_malloc
                0x0000000010004734       0x3c CMakeFiles/wireless_tx.dir/home/heatherdev/pico/pico-sdk/src/rp2_common/pico_malloc/pico_malloc.c.obj
                0x0000000010004734                __wrap_malloc
 .text          0x0000000010004770       0x10 CMakeFiles/wireless_tx.dir/home/heatherdev/pico/pico-sdk/src/rp2_common/pico_mem_ops/mem_ops_aeabi.S.obj
                0x0000000010004770                __aeabi_mem_init
 .text.memset   0x0000000010004780        0xc CMakeFiles/wireless_tx.dir/home/heatherdev/pico/pico-sdk/src/rp2_common/pico_mem_ops/mem_ops_aeabi.S.obj
                0x0000000010004780                __wrap_memset
 .text.memcpy   0x000000001000478c        0xc CMakeFiles/wireless_tx.dir/home/heatherdev/pico/pico-sdk/src/rp2_common/pico_mem_ops/mem_ops_aeabi.S.obj
                0x000000001000478c                __wrap___aeabi_memcpy
                0x000000001000478c                __wrap_memcpy
 .text.stdio_out_chars_no_crlf
                0x0000000010004798       0x10 CMakeFiles/wireless_tx.dir/home/heatherdev/pico/pico-sdk/src/rp2_common/pico_stdio/stdio.c.obj
 .text.stdio_out_chars_crlf
                0x00000000100047a8       0xb4 CMakeFiles/wireless_tx.dir/home/heatherdev/pico/pico-sdk/src/rp2_common/pico_stdio/stdio.c.obj
 .text.stdio_buffered_printer
                0x000000001000485c       0x64 CMakeFiles/wireless_tx.dir/home/heatherdev/pico/pico-sdk/src/rp2_common/pico_stdio/stdio.c.obj
 .text.stdio_put_string.isra.0
                0x00000000100048c0       0xfc CMakeFiles/wireless_tx.dir/home/heatherdev/pico/pico-sdk/src/rp2_common/pico_stdio/stdio.c.obj
 .text.__wrap_putchar
                0x00000000100049bc       0x98 CMakeFiles/wireless_tx.dir/home/heatherdev/pico/pico-sdk/src/rp2_common/pico_stdio/stdio.c.obj
                0x00000000100049bc                __wrap_putchar
 .text.__wrap_puts
                0x0000000010004a54       0x3c CMakeFiles/wireless_tx.dir/home/heatherdev/pico/pico-sdk/src/rp2_common/pico_stdio/stdio.c.obj
                0x0000000010004a54                __wrap_puts
 .text.stdio_set_driver_enabled
                0x0000000010004a90       0x30 CMakeFiles/wireless_tx.dir/home/heatherdev/pico/pico-sdk/src/rp2_common/pico_stdio/stdio.c.obj
                0x0000000010004a90                stdio_set_driver_enabled
 .text.__wrap_vprintf
                0x0000000010004ac0       0xd8 CMakeFiles/wireless_tx.dir/home/heatherdev/pico/pico-sdk/src/rp2_common/pico_stdio/stdio.c.obj
                0x0000000010004ac0                __wrap_vprintf
 .text.__wrap_printf
                0x0000000010004b98       0x18 CMakeFiles/wireless_tx.dir/home/heatherdev/pico/pico-sdk/src/rp2_common/pico_stdio/stdio.c.obj
                0x0000000010004b98                __wrap_printf
 .text.stdio_init_all
                0x0000000010004bb0        0x8 CMakeFiles/wireless_tx.dir/home/heatherdev/pico/pico-sdk/src/rp2_common/pico_stdio/stdio.c.obj
                0x0000000010004bb0                stdio_init_all
 .text.resetd_init
                0x0000000010004bb8        0x4 CMakeFiles/wireless_tx.dir/home/heatherdev/pico/pico-sdk/src/rp2_common/pico_stdio_usb/reset_interface.c.obj
 .text.resetd_reset
                0x0000000010004bbc        0xc CMakeFiles/wireless_tx.dir/home/heatherdev/pico/pico-sdk/src/rp2_common/pico_stdio_usb/reset_interface.c.obj
 .text.resetd_open
                0x0000000010004bc8       0x28 CMakeFiles/wireless_tx.dir/home/heatherdev/pico/pico-sdk/src/rp2_common/pico_stdio_usb/reset_interface.c.obj
 .text.resetd_xfer_cb
                0x0000000010004bf0        0x4 CMakeFiles/wireless_tx.dir/home/heatherdev/pico/pico-sdk/src/rp2_common/pico_stdio_usb/reset_interface.c.obj
 .text.resetd_control_xfer_cb
                0x0000000010004bf4       0x64 CMakeFiles/wireless_tx.dir/home/heatherdev/pico/pico-sdk/src/rp2_common/pico_stdio_usb/reset_interface.c.obj
 .text.usbd_app_driver_get_cb
                0x0000000010004c58        0xc CMakeFiles/wireless_tx.dir/home/heatherdev/pico/pico-sdk/src/rp2_common/pico_stdio_usb/reset_interface.c.obj
                0x0000000010004c58                usbd_app_driver_get_cb
 .text.tud_cdc_line_coding_cb
                0x0000000010004c64       0x34 CMakeFiles/wireless_tx.dir/home/heatherdev/pico/pico-sdk/src/rp2_common/pico_stdio_usb/reset_interface.c.obj
                0x0000000010004c64                tud_cdc_line_coding_cb
 .text.stdio_usb_set_chars_available_callback
                0x0000000010004c98       0x14 CMakeFiles/wireless_tx.dir/home/heatherdev/pico/pico-sdk/src/rp2_common/pico_stdio_usb/stdio_usb.c.obj
                0x0000000010004c98                stdio_usb_set_chars_available_callback
 .text.usb_irq  0x0000000010004cac       0x10 CMakeFiles/wireless_tx.dir/home/heatherdev/pico/pico-sdk/src/rp2_common/pico_stdio_usb/stdio_usb.c.obj
 .text.timer_task
                0x0000000010004cbc       0x54 CMakeFiles/wireless_tx.dir/home/heatherdev/pico/pico-sdk/src/rp2_common/pico_stdio_usb/stdio_usb.c.obj
 .text.stdio_usb_in_chars
                0x0000000010004d10       0x90 CMakeFiles/wireless_tx.dir/home/heatherdev/pico/pico-sdk/src/rp2_common/pico_stdio_usb/stdio_usb.c.obj
                0x0000000010004d10                stdio_usb_in_chars
 .text.stdio_usb_out_chars
                0x0000000010004da0      0x100 CMakeFiles/wireless_tx.dir/home/heatherdev/pico/pico-sdk/src/rp2_common/pico_stdio_usb/stdio_usb.c.obj
 .text.low_priority_worker_irq
                0x0000000010004ea0       0xa8 CMakeFiles/wireless_tx.dir/home/heatherdev/pico/pico-sdk/src/rp2_common/pico_stdio_usb/stdio_usb.c.obj
 .text.tud_cdc_rx_cb
                0x0000000010004f48       0x20 CMakeFiles/wireless_tx.dir/home/heatherdev/pico/pico-sdk/src/rp2_common/pico_stdio_usb/stdio_usb.c.obj
                0x0000000010004f48                tud_cdc_rx_cb
 .text.stdio_usb_init
                0x0000000010004f68       0xdc CMakeFiles/wireless_tx.dir/home/heatherdev/pico/pico-sdk/src/rp2_common/pico_stdio_usb/stdio_usb.c.obj
                0x0000000010004f68                stdio_usb_init
 .text.tud_descriptor_device_cb
                0x0000000010005044        0x8 CMakeFiles/wireless_tx.dir/home/heatherdev/pico/pico-sdk/src/rp2_common/pico_stdio_usb/stdio_usb_descriptors.c.obj
                0x0000000010005044                tud_descriptor_device_cb
 .text.tud_descriptor_configuration_cb
                0x000000001000504c        0x8 CMakeFiles/wireless_tx.dir/home/heatherdev/pico/pico-sdk/src/rp2_common/pico_stdio_usb/stdio_usb_descriptors.c.obj
                0x000000001000504c                tud_descriptor_configuration_cb
 .text.tud_descriptor_string_cb
                0x0000000010005054       0x74 CMakeFiles/wireless_tx.dir/home/heatherdev/pico/pico-sdk/src/rp2_common/pico_stdio_usb/stdio_usb_descriptors.c.obj
                0x0000000010005054                tud_descriptor_string_cb
 .text.startup._retrieve_unique_id_on_boot
                0x00000000100050c8       0x10 CMakeFiles/wireless_tx.dir/home/heatherdev/pico/pico-sdk/src/rp2_common/pico_unique_id/unique_id.c.obj
 .text.pico_get_unique_board_id_string
                0x00000000100050d8      0x1a8 CMakeFiles/wireless_tx.dir/home/heatherdev/pico/pico-sdk/src/rp2_common/pico_unique_id/unique_id.c.obj
                0x00000000100050d8                pico_get_unique_board_id_string
 .text.flash_get_unique_id
                0x0000000010005280       0x40 CMakeFiles/wireless_tx.dir/home/heatherdev/pico/pico-sdk/src/rp2_common/hardware_flash/flash.c.obj
                0x0000000010005280                flash_get_unique_id
 .text.dcd_int_enable
                0x00000000100052c0        0xc CMakeFiles/wireless_tx.dir/home/heatherdev/pico/pico-sdk/lib/tinyusb/src/portable/raspberrypi/rp2040/dcd_rp2040.c.obj
                0x00000000100052c0                dcd_int_enable
 .text.dcd_set_address
                0x00000000100052cc       0x14 CMakeFiles/wireless_tx.dir/home/heatherdev/pico/pico-sdk/lib/tinyusb/src/portable/raspberrypi/rp2040/dcd_rp2040.c.obj
                0x00000000100052cc                dcd_set_address
 .text.dcd_connect
                0x00000000100052e0       0x10 CMakeFiles/wireless_tx.dir/home/heatherdev/pico/pico-sdk/lib/tinyusb/src/portable/raspberrypi/rp2040/dcd_rp2040.c.obj
                0x00000000100052e0                dcd_connect
 .text.dcd_init
                0x00000000100052f0       0x98 CMakeFiles/wireless_tx.dir/home/heatherdev/pico/pico-sdk/lib/tinyusb/src/portable/raspberrypi/rp2040/dcd_rp2040.c.obj
                0x00000000100052f0                dcd_init
 .text.dcd_edpt0_status_complete
                0x0000000010005388       0x1c CMakeFiles/wireless_tx.dir/home/heatherdev/pico/pico-sdk/lib/tinyusb/src/portable/raspberrypi/rp2040/dcd_rp2040.c.obj
                0x0000000010005388                dcd_edpt0_status_complete
 .text.dcd_edpt_open
                0x00000000100053a4      0x108 CMakeFiles/wireless_tx.dir/home/heatherdev/pico/pico-sdk/lib/tinyusb/src/portable/raspberrypi/rp2040/dcd_rp2040.c.obj
                0x00000000100053a4                dcd_edpt_open
 .text.dcd_edpt_close_all
                0x00000000100054ac        0x8 CMakeFiles/wireless_tx.dir/home/heatherdev/pico/pico-sdk/lib/tinyusb/src/portable/raspberrypi/rp2040/dcd_rp2040.c.obj
                0x00000000100054ac                dcd_edpt_close_all
 .text.dcd_edpt_xfer
                0x00000000100054b4       0x24 CMakeFiles/wireless_tx.dir/home/heatherdev/pico/pico-sdk/lib/tinyusb/src/portable/raspberrypi/rp2040/dcd_rp2040.c.obj
                0x00000000100054b4                dcd_edpt_xfer
 .text.dcd_edpt_stall
                0x00000000100054d8       0x38 CMakeFiles/wireless_tx.dir/home/heatherdev/pico/pico-sdk/lib/tinyusb/src/portable/raspberrypi/rp2040/dcd_rp2040.c.obj
                0x00000000100054d8                dcd_edpt_stall
 .text.dcd_edpt_clear_stall
                0x0000000010005510       0x30 CMakeFiles/wireless_tx.dir/home/heatherdev/pico/pico-sdk/lib/tinyusb/src/portable/raspberrypi/rp2040/dcd_rp2040.c.obj
                0x0000000010005510                dcd_edpt_clear_stall
 .text.rp2040_usb_init
                0x0000000010005540       0x4c CMakeFiles/wireless_tx.dir/home/heatherdev/pico/pico-sdk/lib/tinyusb/src/portable/raspberrypi/rp2040/rp2040_usb.c.obj
                0x0000000010005540                rp2040_usb_init
 .text.hw_endpoint_xfer_start
                0x000000001000558c       0x50 CMakeFiles/wireless_tx.dir/home/heatherdev/pico/pico-sdk/lib/tinyusb/src/portable/raspberrypi/rp2040/rp2040_usb.c.obj
                0x000000001000558c                hw_endpoint_xfer_start
 .text.tud_mounted
                0x00000000100055dc       0x10 CMakeFiles/wireless_tx.dir/home/heatherdev/pico/pico-sdk/lib/tinyusb/src/device/usbd.c.obj
                0x00000000100055dc                tud_mounted
 .text.tud_suspended
                0x00000000100055ec       0x10 CMakeFiles/wireless_tx.dir/home/heatherdev/pico/pico-sdk/lib/tinyusb/src/device/usbd.c.obj
                0x00000000100055ec                tud_suspended
 .text.tud_inited
                0x00000000100055fc       0x14 CMakeFiles/wireless_tx.dir/home/heatherdev/pico/pico-sdk/lib/tinyusb/src/device/usbd.c.obj
                0x00000000100055fc                tud_inited
 .text.tud_init
                0x0000000010005610       0xe4 CMakeFiles/wireless_tx.dir/home/heatherdev/pico/pico-sdk/lib/tinyusb/src/device/usbd.c.obj
                0x0000000010005610                tud_init
 .text.tud_task_ext
                0x00000000100056f4      0x854 CMakeFiles/wireless_tx.dir/home/heatherdev/pico/pico-sdk/lib/tinyusb/src/device/usbd.c.obj
                0x00000000100056f4                tud_task_ext
 .text.usbd_open_edpt_pair
                0x0000000010005f48       0x9c CMakeFiles/wireless_tx.dir/home/heatherdev/pico/pico-sdk/lib/tinyusb/src/device/usbd.c.obj
                0x0000000010005f48                usbd_open_edpt_pair
 .text.usbd_defer_func
                0x0000000010005fe4       0x48 CMakeFiles/wireless_tx.dir/home/heatherdev/pico/pico-sdk/lib/tinyusb/src/device/usbd.c.obj
                0x0000000010005fe4                usbd_defer_func
 .text.usbd_edpt_open
                0x000000001000602c       0x34 CMakeFiles/wireless_tx.dir/home/heatherdev/pico/pico-sdk/lib/tinyusb/src/device/usbd.c.obj
                0x000000001000602c                usbd_edpt_open
 .text.usbd_edpt_claim
                0x0000000010006060       0x28 CMakeFiles/wireless_tx.dir/home/heatherdev/pico/pico-sdk/lib/tinyusb/src/device/usbd.c.obj
                0x0000000010006060                usbd_edpt_claim
 .text.usbd_edpt_release
                0x0000000010006088       0x28 CMakeFiles/wireless_tx.dir/home/heatherdev/pico/pico-sdk/lib/tinyusb/src/device/usbd.c.obj
                0x0000000010006088                usbd_edpt_release
 .text.usbd_edpt_xfer
                0x00000000100060b0       0x4c CMakeFiles/wireless_tx.dir/home/heatherdev/pico/pico-sdk/lib/tinyusb/src/device/usbd.c.obj
                0x00000000100060b0                usbd_edpt_xfer
 .text.tud_control_status
                0x00000000100060fc       0x30 CMakeFiles/wireless_tx.dir/home/heatherdev/pico/pico-sdk/lib/tinyusb/src/device/usbd_control.c.obj
                0x00000000100060fc                tud_control_status
 .text.tud_control_xfer
                0x000000001000612c       0xbc CMakeFiles/wireless_tx.dir/home/heatherdev/pico/pico-sdk/lib/tinyusb/src/device/usbd_control.c.obj
                0x000000001000612c                tud_control_xfer
 .text.usbd_control_reset
                0x00000000100061e8       0x14 CMakeFiles/wireless_tx.dir/home/heatherdev/pico/pico-sdk/lib/tinyusb/src/device/usbd_control.c.obj
                0x00000000100061e8                usbd_control_reset
 .text.usbd_control_set_complete_callback
                0x00000000100061fc        0xc CMakeFiles/wireless_tx.dir/home/heatherdev/pico/pico-sdk/lib/tinyusb/src/device/usbd_control.c.obj
                0x00000000100061fc                usbd_control_set_complete_callback
 .text.usbd_control_set_request
                0x0000000010006208       0x1c CMakeFiles/wireless_tx.dir/home/heatherdev/pico/pico-sdk/lib/tinyusb/src/device/usbd_control.c.obj
                0x0000000010006208                usbd_control_set_request
 .text.usbd_control_xfer_cb
                0x0000000010006224       0xfc CMakeFiles/wireless_tx.dir/home/heatherdev/pico/pico-sdk/lib/tinyusb/src/device/usbd_control.c.obj
                0x0000000010006224                usbd_control_xfer_cb
 .text.tud_cdc_n_connected
                0x0000000010006320       0x30 CMakeFiles/wireless_tx.dir/home/heatherdev/pico/pico-sdk/lib/tinyusb/src/class/cdc/cdc_device.c.obj
                0x0000000010006320                tud_cdc_n_connected
 .text.tud_cdc_n_available
                0x0000000010006350       0x18 CMakeFiles/wireless_tx.dir/home/heatherdev/pico/pico-sdk/lib/tinyusb/src/class/cdc/cdc_device.c.obj
                0x0000000010006350                tud_cdc_n_available
 .text.tud_cdc_n_read
                0x0000000010006368       0x70 CMakeFiles/wireless_tx.dir/home/heatherdev/pico/pico-sdk/lib/tinyusb/src/class/cdc/cdc_device.c.obj
                0x0000000010006368                tud_cdc_n_read
 .text.tud_cdc_n_write_flush
                0x00000000100063d8       0x78 CMakeFiles/wireless_tx.dir/home/heatherdev/pico/pico-sdk/lib/tinyusb/src/class/cdc/cdc_device.c.obj
                0x00000000100063d8                tud_cdc_n_write_flush
 .text.tud_cdc_n_write
                0x0000000010006450       0x34 CMakeFiles/wireless_tx.dir/home/heatherdev/pico/pico-sdk/lib/tinyusb/src/class/cdc/cdc_device.c.obj
                0x0000000010006450                tud_cdc_n_write
 .text.tud_cdc_n_write_available
                0x0000000010006484       0x18 CMakeFiles/wireless_tx.dir/home/heatherdev/pico/pico-sdk/lib/tinyusb/src/class/cdc/cdc_device.c.obj
                0x0000000010006484                tud_cdc_n_write_available
 .text.cdcd_init
                0x000000001000649c       0x7c CMakeFiles/wireless_tx.dir/home/heatherdev/pico/pico-sdk/lib/tinyusb/src/class/cdc/cdc_device.c.obj
                0x000000001000649c                cdcd_init
 .text.cdcd_reset
                0x0000000010006518       0x2c CMakeFiles/wireless_tx.dir/home/heatherdev/pico/pico-sdk/lib/tinyusb/src/class/cdc/cdc_device.c.obj
                0x0000000010006518                cdcd_reset
 .text.cdcd_open
                0x0000000010006544       0xe8 CMakeFiles/wireless_tx.dir/home/heatherdev/pico/pico-sdk/lib/tinyusb/src/class/cdc/cdc_device.c.obj
                0x0000000010006544                cdcd_open
 .text.cdcd_control_xfer_cb
                0x000000001000662c       0xe4 CMakeFiles/wireless_tx.dir/home/heatherdev/pico/pico-sdk/lib/tinyusb/src/class/cdc/cdc_device.c.obj
                0x000000001000662c                cdcd_control_xfer_cb
 .text.cdcd_xfer_cb
                0x0000000010006710      0x148 CMakeFiles/wireless_tx.dir/home/heatherdev/pico/pico-sdk/lib/tinyusb/src/class/cdc/cdc_device.c.obj
                0x0000000010006710                cdcd_xfer_cb
 .text.tusb_init
                0x0000000010006858        0xc CMakeFiles/wireless_tx.dir/home/heatherdev/pico/pico-sdk/lib/tinyusb/src/tusb.c.obj
                0x0000000010006858                tusb_init
 .text.tusb_inited
                0x0000000010006864        0x8 CMakeFiles/wireless_tx.dir/home/heatherdev/pico/pico-sdk/lib/tinyusb/src/tusb.c.obj
                0x0000000010006864                tusb_inited
 .text.tu_edpt_claim
                0x000000001000686c       0x50 CMakeFiles/wireless_tx.dir/home/heatherdev/pico/pico-sdk/lib/tinyusb/src/tusb.c.obj
                0x000000001000686c                tu_edpt_claim
 .text.tu_edpt_release
                0x00000000100068bc       0x38 CMakeFiles/wireless_tx.dir/home/heatherdev/pico/pico-sdk/lib/tinyusb/src/tusb.c.obj
                0x00000000100068bc                tu_edpt_release
 .text.tu_edpt_validate
                0x00000000100068f4       0x78 CMakeFiles/wireless_tx.dir/home/heatherdev/pico/pico-sdk/lib/tinyusb/src/tusb.c.obj
                0x00000000100068f4                tu_edpt_validate
 .text.tu_edpt_bind_driver
                0x000000001000696c       0x34 CMakeFiles/wireless_tx.dir/home/heatherdev/pico/pico-sdk/lib/tinyusb/src/tusb.c.obj
                0x000000001000696c                tu_edpt_bind_driver
 .text.tu_fifo_config
                0x00000000100069a0       0x70 CMakeFiles/wireless_tx.dir/home/heatherdev/pico/pico-sdk/lib/tinyusb/src/common/tusb_fifo.c.obj
                0x00000000100069a0                tu_fifo_config
 .text.tu_fifo_count
                0x0000000010006a10       0x2c CMakeFiles/wireless_tx.dir/home/heatherdev/pico/pico-sdk/lib/tinyusb/src/common/tusb_fifo.c.obj
                0x0000000010006a10                tu_fifo_count
 .text.tu_fifo_empty
                0x0000000010006a3c       0x10 CMakeFiles/wireless_tx.dir/home/heatherdev/pico/pico-sdk/lib/tinyusb/src/common/tusb_fifo.c.obj
                0x0000000010006a3c                tu_fifo_empty
 .text.tu_fifo_remaining
                0x0000000010006a4c       0x2c CMakeFiles/wireless_tx.dir/home/heatherdev/pico/pico-sdk/lib/tinyusb/src/common/tusb_fifo.c.obj
                0x0000000010006a4c                tu_fifo_remaining
 .text.tu_fifo_read
                0x0000000010006a78       0xa0 CMakeFiles/wireless_tx.dir/home/heatherdev/pico/pico-sdk/lib/tinyusb/src/common/tusb_fifo.c.obj
                0x0000000010006a78                tu_fifo_read
 .text.tu_fifo_read_n
                0x0000000010006b18       0xec CMakeFiles/wireless_tx.dir/home/heatherdev/pico/pico-sdk/lib/tinyusb/src/common/tusb_fifo.c.obj
                0x0000000010006b18                tu_fifo_read_n
 .text.tu_fifo_write
                0x0000000010006c04       0x88 CMakeFiles/wireless_tx.dir/home/heatherdev/pico/pico-sdk/lib/tinyusb/src/common/tusb_fifo.c.obj
                0x0000000010006c04                tu_fifo_write
 .text.tu_fifo_write_n
                0x0000000010006c8c      0x168 CMakeFiles/wireless_tx.dir/home/heatherdev/pico/pico-sdk/lib/tinyusb/src/common/tusb_fifo.c.obj
                0x0000000010006c8c                tu_fifo_write_n
 .text.tu_fifo_clear
                0x0000000010006df4       0x40 CMakeFiles/wireless_tx.dir/home/heatherdev/pico/pico-sdk/lib/tinyusb/src/common/tusb_fifo.c.obj
                0x0000000010006df4                tu_fifo_clear
 .text.tu_fifo_set_overwritable
                0x0000000010006e34       0x48 CMakeFiles/wireless_tx.dir/home/heatherdev/pico/pico-sdk/lib/tinyusb/src/common/tusb_fifo.c.obj
                0x0000000010006e34                tu_fifo_set_overwritable
 .text.spi_init
                0x0000000010006e7c      0x138 CMakeFiles/wireless_tx.dir/home/heatherdev/pico/pico-sdk/src/rp2_common/hardware_spi/spi.c.obj
                0x0000000010006e7c                spi_init
 .text.startup._GLOBAL__sub_I__ZN9__gnu_cxx9__freeresEv
                0x0000000010006fb4       0x2c /usr/lib/gcc/arm-none-eabi/10.3.1/../../../arm-none-eabi/lib/thumb/v6-m/nofp/libstdc++.a(eh_alloc.o)
 .text          0x0000000010006fe0       0x28 /usr/lib/gcc/arm-none-eabi/10.3.1/../../../arm-none-eabi/lib/thumb/v6-m/nofp/libc.a(lib_a-malloc.o)
                0x0000000010006fe0                malloc
                0x0000000010006ff4                free
 .text          0x0000000010007008      0x574 /usr/lib/gcc/arm-none-eabi/10.3.1/../../../arm-none-eabi/lib/thumb/v6-m/nofp/libc.a(lib_a-mallocr.o)
                0x0000000010007008                _malloc_r
 .text          0x000000001000757c        0x8 /usr/lib/gcc/arm-none-eabi/10.3.1/../../../arm-none-eabi/lib/thumb/v6-m/nofp/libc.a(lib_a-mlock.o)
                0x000000001000757c                __malloc_lock
                0x0000000010007580                __malloc_unlock
 .text          0x0000000010007584       0x24 /usr/lib/gcc/arm-none-eabi/10.3.1/../../../arm-none-eabi/lib/thumb/v6-m/nofp/libc.a(lib_a-sbrkr.o)
                0x0000000010007584                _sbrk_r
 .text          0x00000000100075a8       0x5c /usr/lib/gcc/arm-none-eabi/10.3.1/../../../arm-none-eabi/lib/thumb/v6-m/nofp/libc.a(lib_a-strlen-stub.o)
                0x00000000100075a8                strlen
 .text          0x0000000010007604      0x260 /usr/lib/gcc/arm-none-eabi/10.3.1/../../../arm-none-eabi/lib/thumb/v6-m/nofp/libc.a(lib_a-freer.o)
                0x0000000010007604                _malloc_trim_r
                0x00000000100076a0                _free_r
 *(.fini)
 .fini          0x0000000010007864        0x4 /usr/lib/gcc/arm-none-eabi/10.3.1/thumb/v6-m/nofp/crti.o
                0x0000000010007864                _fini
 .fini.__stub   0x0000000010007868      0x120 linker stubs
 *crtbegin.o(.ctors)
 *crtbegin?.o(.ctors)
 *(EXCLUDE_FILE(*crtend.o *crtend?.o) .ctors)
 *(SORT_BY_NAME(.ctors.*))
 *(.ctors)
 *crtbegin.o(.dtors)
 *crtbegin?.o(.dtors)
 *(EXCLUDE_FILE(*crtend.o *crtend?.o) .dtors)
 *(SORT_BY_NAME(.dtors.*))
 *(.dtors)
 *(.eh_frame*)
 .eh_frame      0x0000000010007988        0x0 /usr/lib/gcc/arm-none-eabi/10.3.1/thumb/v6-m/nofp/crtbegin.o
                0x0000000010007988                . = ALIGN (0x4)

.glue_7         0x0000000010007988        0x0
 .glue_7        0x0000000010007988        0x0 linker stubs

.glue_7t        0x0000000010007988        0x0
 .glue_7t       0x0000000010007988        0x0 linker stubs

.vfp11_veneer   0x0000000010007988        0x0
 .vfp11_veneer  0x0000000010007988        0x0 linker stubs

.v4_bx          0x0000000010007988        0x0
 .v4_bx         0x0000000010007988        0x0 linker stubs

.iplt           0x0000000010007988        0x0
 .iplt          0x0000000010007988        0x0 /usr/lib/gcc/arm-none-eabi/10.3.1/thumb/v6-m/nofp/crtbegin.o

.rodata         0x0000000010007988      0x648
 *(EXCLUDE_FILE(*libm.a: *libc.a:*lib_a-mem*.o *libgcc.a:) .rodata*)
 .rodata._Z21memory_dump_to_screenv.str1.4
                0x0000000010007988       0x12 CMakeFiles/wireless_tx.dir/src/main.cpp.obj
 *fill*         0x000000001000799a        0x2 
 .rodata._Z15setup_registersv.str1.4
                0x000000001000799c        0x2 CMakeFiles/wireless_tx.dir/src/main.cpp.obj
 *fill*         0x000000001000799e        0x2 
 .rodata.main.str1.4
                0x00000000100079a0       0xfb CMakeFiles/wireless_tx.dir/src/main.cpp.obj
 *fill*         0x0000000010007a9b        0x1 
 .rodata        0x0000000010007a9c        0x8 CMakeFiles/wireless_tx.dir/src/main.cpp.obj
 .rodata.spin_lock_claim_unused.str1.4
                0x0000000010007aa4       0x1b CMakeFiles/wireless_tx.dir/home/heatherdev/pico/pico-sdk/src/rp2_common/hardware_sync/sync.c.obj
 *fill*         0x0000000010007abf        0x1 
 .rodata.user_irq_claim_unused.str1.4
                0x0000000010007ac0       0x1b CMakeFiles/wireless_tx.dir/home/heatherdev/pico/pico-sdk/src/rp2_common/hardware_irq/irq.c.obj
 *fill*         0x0000000010007adb        0x1 
 .rodata.hardware_alarm_claim.str1.4
                0x0000000010007adc       0x22 CMakeFiles/wireless_tx.dir/home/heatherdev/pico/pico-sdk/src/rp2_common/hardware_timer/timer.c.obj
 *fill*         0x0000000010007afe        0x2 
 .rodata.panic.str1.4
                0x0000000010007b00       0x12 CMakeFiles/wireless_tx.dir/home/heatherdev/pico/pico-sdk/src/rp2_common/pico_runtime/runtime.c.obj
 *fill*         0x0000000010007b12        0x2 
 .rodata.hard_assertion_failure.str1.4
                0x0000000010007b14        0xc CMakeFiles/wireless_tx.dir/home/heatherdev/pico/pico-sdk/src/rp2_common/pico_runtime/runtime.c.obj
 .rodata._ftoa.str1.4
                0x0000000010007b20       0x15 CMakeFiles/wireless_tx.dir/home/heatherdev/pico/pico-sdk/src/rp2_common/pico_printf/printf.c.obj
 *fill*         0x0000000010007b35        0x3 
 .rodata._vsnprintf
                0x0000000010007b38      0x1e0 CMakeFiles/wireless_tx.dir/home/heatherdev/pico/pico-sdk/src/rp2_common/pico_printf/printf.c.obj
 .rodata.pow10.0
                0x0000000010007d18       0x50 CMakeFiles/wireless_tx.dir/home/heatherdev/pico/pico-sdk/src/rp2_common/pico_printf/printf.c.obj
 .rodata.__wrap_malloc.str1.4
                0x0000000010007d68        0xe CMakeFiles/wireless_tx.dir/home/heatherdev/pico/pico-sdk/src/rp2_common/pico_malloc/pico_malloc.c.obj
 *fill*         0x0000000010007d76        0x2 
 .rodata.str1.4
                0x0000000010007d78       0x40 CMakeFiles/wireless_tx.dir/home/heatherdev/pico/pico-sdk/src/rp2_common/pico_standard_link/binary_info.c.obj
 .rodata.__bi_44
                0x0000000010007db8        0xc CMakeFiles/wireless_tx.dir/home/heatherdev/pico/pico-sdk/src/rp2_common/pico_standard_link/binary_info.c.obj
 .rodata.__bi_75
                0x0000000010007dc4        0xc CMakeFiles/wireless_tx.dir/home/heatherdev/pico/pico-sdk/src/rp2_common/pico_standard_link/binary_info.c.obj
 .rodata.__bi_81
                0x0000000010007dd0        0xc CMakeFiles/wireless_tx.dir/home/heatherdev/pico/pico-sdk/src/rp2_common/pico_standard_link/binary_info.c.obj
 .rodata.crlf_str.0
                0x0000000010007ddc        0x2 CMakeFiles/wireless_tx.dir/home/heatherdev/pico/pico-sdk/src/rp2_common/pico_stdio/stdio.c.obj
 *fill*         0x0000000010007dde        0x2 
 .rodata._resetd_driver
                0x0000000010007de0       0x18 CMakeFiles/wireless_tx.dir/home/heatherdev/pico/pico-sdk/src/rp2_common/pico_stdio_usb/reset_interface.c.obj
 .rodata.str1.4
                0x0000000010007df8       0x13 CMakeFiles/wireless_tx.dir/home/heatherdev/pico/pico-sdk/src/rp2_common/pico_stdio_usb/stdio_usb.c.obj
 *fill*         0x0000000010007e0b        0x1 
 .rodata.__bi_182.0
                0x0000000010007e0c        0xc CMakeFiles/wireless_tx.dir/home/heatherdev/pico/pico-sdk/src/rp2_common/pico_stdio_usb/stdio_usb.c.obj
 .rodata.str1.4
                0x0000000010007e18       0x2a CMakeFiles/wireless_tx.dir/home/heatherdev/pico/pico-sdk/src/rp2_common/pico_stdio_usb/stdio_usb_descriptors.c.obj
 *fill*         0x0000000010007e42        0x2 
 .rodata.usbd_desc_cfg
                0x0000000010007e44       0x54 CMakeFiles/wireless_tx.dir/home/heatherdev/pico/pico-sdk/src/rp2_common/pico_stdio_usb/stdio_usb_descriptors.c.obj
 .rodata.usbd_desc_device
                0x0000000010007e98       0x12 CMakeFiles/wireless_tx.dir/home/heatherdev/pico/pico-sdk/src/rp2_common/pico_stdio_usb/stdio_usb_descriptors.c.obj
 *fill*         0x0000000010007eaa        0x2 
 .rodata.usbd_desc_str
                0x0000000010007eac       0x18 CMakeFiles/wireless_tx.dir/home/heatherdev/pico/pico-sdk/src/rp2_common/pico_stdio_usb/stdio_usb_descriptors.c.obj
 .rodata.str1.4
                0x0000000010007ec4       0x14 CMakeFiles/wireless_tx.dir/home/heatherdev/pico/pico-sdk/lib/tinyusb/src/portable/raspberrypi/rp2040/dcd_rp2040.c.obj
 .rodata.str1.4
                0x0000000010007ed8       0x53 CMakeFiles/wireless_tx.dir/home/heatherdev/pico/pico-sdk/lib/tinyusb/src/portable/raspberrypi/rp2040/rp2040_usb.c.obj
 *fill*         0x0000000010007f2b        0x1 
 .rodata.tud_task_ext
                0x0000000010007f2c       0x8c CMakeFiles/wireless_tx.dir/home/heatherdev/pico/pico-sdk/lib/tinyusb/src/device/usbd.c.obj
 .rodata._usbd_driver
                0x0000000010007fb8       0x18 CMakeFiles/wireless_tx.dir/home/heatherdev/pico/pico-sdk/lib/tinyusb/src/device/usbd.c.obj
                0x0000000010007fd0                . = ALIGN (0x4)
 *(SORT_BY_ALIGNMENT(SORT_BY_NAME(.flashdata*)))
                0x0000000010007fd0                . = ALIGN (0x4)

.ARM.extab
 *(.ARM.extab* .gnu.linkonce.armextab.*)
                0x0000000010007fd0                __exidx_start = .

.ARM.exidx      0x0000000010007fd0        0x8
 *(.ARM.exidx* .gnu.linkonce.armexidx.*)
 .ARM.exidx.text.startup._GLOBAL__sub_I__ZN9__gnu_cxx9__freeresEv
                0x0000000010007fd0        0x8 /usr/lib/gcc/arm-none-eabi/10.3.1/../../../arm-none-eabi/lib/thumb/v6-m/nofp/libstdc++.a(eh_alloc.o)
                0x0000000010007fd8                __exidx_end = .
                0x0000000010007fd8                . = ALIGN (0x4)
                0x0000000010007fd8                __binary_info_start = .

.binary_info    0x0000000010007fd8       0x20
 *(.binary_info.keep.*)
 .binary_info.keep.__bi_ptr22
                0x0000000010007fd8        0x4 CMakeFiles/wireless_tx.dir/home/heatherdev/pico/pico-sdk/src/rp2_common/pico_standard_link/binary_info.c.obj
 .binary_info.keep.__bi_ptr30
                0x0000000010007fdc        0x4 CMakeFiles/wireless_tx.dir/home/heatherdev/pico/pico-sdk/src/rp2_common/pico_standard_link/binary_info.c.obj
 .binary_info.keep.__bi_ptr38
                0x0000000010007fe0        0x4 CMakeFiles/wireless_tx.dir/home/heatherdev/pico/pico-sdk/src/rp2_common/pico_standard_link/binary_info.c.obj
 .binary_info.keep.__bi_ptr44
                0x0000000010007fe4        0x4 CMakeFiles/wireless_tx.dir/home/heatherdev/pico/pico-sdk/src/rp2_common/pico_standard_link/binary_info.c.obj
 .binary_info.keep.__bi_ptr50
                0x0000000010007fe8        0x4 CMakeFiles/wireless_tx.dir/home/heatherdev/pico/pico-sdk/src/rp2_common/pico_standard_link/binary_info.c.obj
 .binary_info.keep.__bi_ptr75
                0x0000000010007fec        0x4 CMakeFiles/wireless_tx.dir/home/heatherdev/pico/pico-sdk/src/rp2_common/pico_standard_link/binary_info.c.obj
 .binary_info.keep.__bi_ptr81
                0x0000000010007ff0        0x4 CMakeFiles/wireless_tx.dir/home/heatherdev/pico/pico-sdk/src/rp2_common/pico_standard_link/binary_info.c.obj
 *(.binary_info.*)
 .binary_info.__bi_ptr182
                0x0000000010007ff4        0x4 CMakeFiles/wireless_tx.dir/home/heatherdev/pico/pico-sdk/src/rp2_common/pico_stdio_usb/stdio_usb.c.obj
                0x0000000010007ff8                __binary_info_end = .

.rel.dyn        0x0000000010007ff8        0x0
 .rel.iplt      0x0000000010007ff8        0x0 /usr/lib/gcc/arm-none-eabi/10.3.1/thumb/v6-m/nofp/crtbegin.o
                0x0000000010007ff8                . = ALIGN (0x4)

.ram_vector_table
                0x0000000020000000       0xc0
 *(.ram_vector_table)
 .ram_vector_table
                0x0000000020000000       0xc0 CMakeFiles/wireless_tx.dir/home/heatherdev/pico/pico-sdk/src/rp2_common/pico_runtime/runtime.c.obj
                0x0000000020000000                ram_vector_table

.data           0x00000000200000c0     0x182c load address 0x0000000010007ff8
                0x00000000200000c0                __data_start__ = .
 *(vtable)
 *(.time_critical*)
 .time_critical.buttonsToGCReport
                0x00000000200000c0       0x14 CMakeFiles/wireless_tx.dir/src/main.cpp.obj
                0x00000000200000c0                buttonsToGCReport()
 .time_critical.mutex_enter_blocking
                0x00000000200000d4       0x48 CMakeFiles/wireless_tx.dir/home/heatherdev/pico/pico-sdk/src/common/pico_sync/mutex.c.obj
                0x00000000200000d4                mutex_enter_blocking
 .time_critical.mutex_try_enter
                0x000000002000011c       0x44 CMakeFiles/wireless_tx.dir/home/heatherdev/pico/pico-sdk/src/common/pico_sync/mutex.c.obj
                0x000000002000011c                mutex_try_enter
 .time_critical.mutex_try_enter_block_until
                0x0000000020000160       0x9c CMakeFiles/wireless_tx.dir/home/heatherdev/pico/pico-sdk/src/common/pico_sync/mutex.c.obj
                0x0000000020000160                mutex_try_enter_block_until
 .time_critical.mutex_enter_timeout_ms
                0x00000000200001fc       0x90 CMakeFiles/wireless_tx.dir/home/heatherdev/pico/pico-sdk/src/common/pico_sync/mutex.c.obj
                0x00000000200001fc                mutex_enter_timeout_ms
 .time_critical.mutex_exit
                0x000000002000028c       0x28 CMakeFiles/wireless_tx.dir/home/heatherdev/pico/pico-sdk/src/common/pico_sync/mutex.c.obj
                0x000000002000028c                mutex_exit
 .time_critical.flash_init_boot2_copyout
                0x00000000200002b4       0x30 CMakeFiles/wireless_tx.dir/home/heatherdev/pico/pico-sdk/src/rp2_common/hardware_flash/flash.c.obj
 .time_critical.flash_enable_xip_via_boot2
                0x00000000200002e4       0x10 CMakeFiles/wireless_tx.dir/home/heatherdev/pico/pico-sdk/src/rp2_common/hardware_flash/flash.c.obj
 .time_critical.flash_cs_force
                0x00000000200002f4       0x38 CMakeFiles/wireless_tx.dir/home/heatherdev/pico/pico-sdk/src/rp2_common/hardware_flash/flash.c.obj
 .time_critical.flash_do_cmd
                0x000000002000032c       0xc4 CMakeFiles/wireless_tx.dir/home/heatherdev/pico/pico-sdk/src/rp2_common/hardware_flash/flash.c.obj
                0x000000002000032c                flash_do_cmd
 .time_critical.reset_non_control_endpoints
                0x00000000200003f0       0xbc CMakeFiles/wireless_tx.dir/home/heatherdev/pico/pico-sdk/lib/tinyusb/src/portable/raspberrypi/rp2040/dcd_rp2040.c.obj
 .time_critical.hw_handle_buff_status
                0x00000000200004ac       0xa8 CMakeFiles/wireless_tx.dir/home/heatherdev/pico/pico-sdk/lib/tinyusb/src/portable/raspberrypi/rp2040/dcd_rp2040.c.obj
 .time_critical.dcd_rp2040_irq
                0x0000000020000554      0x4d8 CMakeFiles/wireless_tx.dir/home/heatherdev/pico/pico-sdk/lib/tinyusb/src/portable/raspberrypi/rp2040/dcd_rp2040.c.obj
 .time_critical.e15_is_bulkin_ep
                0x0000000020000a2c       0x28 CMakeFiles/wireless_tx.dir/home/heatherdev/pico/pico-sdk/lib/tinyusb/src/portable/raspberrypi/rp2040/rp2040_usb.c.obj
 .time_critical.e15_is_critical_frame_period
                0x0000000020000a54       0x34 CMakeFiles/wireless_tx.dir/home/heatherdev/pico/pico-sdk/lib/tinyusb/src/portable/raspberrypi/rp2040/rp2040_usb.c.obj
 .time_critical.prepare_ep_buffer
                0x0000000020000a88       0x70 CMakeFiles/wireless_tx.dir/home/heatherdev/pico/pico-sdk/lib/tinyusb/src/portable/raspberrypi/rp2040/rp2040_usb.c.obj
 .time_critical.sync_ep_buffer
                0x0000000020000af8       0x4c CMakeFiles/wireless_tx.dir/home/heatherdev/pico/pico-sdk/lib/tinyusb/src/portable/raspberrypi/rp2040/rp2040_usb.c.obj
 .time_critical._hw_endpoint_xfer_sync
                0x0000000020000b44       0x28 CMakeFiles/wireless_tx.dir/home/heatherdev/pico/pico-sdk/lib/tinyusb/src/portable/raspberrypi/rp2040/rp2040_usb.c.obj
 .time_critical.hw_endpoint_reset_transfer
                0x0000000020000b6c        0xc CMakeFiles/wireless_tx.dir/home/heatherdev/pico/pico-sdk/lib/tinyusb/src/portable/raspberrypi/rp2040/rp2040_usb.c.obj
                0x0000000020000b6c                hw_endpoint_reset_transfer
 .time_critical._hw_endpoint_buffer_control_update32
                0x0000000020000b78       0x58 CMakeFiles/wireless_tx.dir/home/heatherdev/pico/pico-sdk/lib/tinyusb/src/portable/raspberrypi/rp2040/rp2040_usb.c.obj
                0x0000000020000b78                _hw_endpoint_buffer_control_update32
 .time_critical.hw_endpoint_start_next_buffer
                0x0000000020000bd0       0x6c CMakeFiles/wireless_tx.dir/home/heatherdev/pico/pico-sdk/lib/tinyusb/src/portable/raspberrypi/rp2040/rp2040_usb.c.obj
                0x0000000020000bd0                hw_endpoint_start_next_buffer
 .time_critical.hw_endpoint_xfer_continue
                0x0000000020000c3c       0x50 CMakeFiles/wireless_tx.dir/home/heatherdev/pico/pico-sdk/lib/tinyusb/src/portable/raspberrypi/rp2040/rp2040_usb.c.obj
                0x0000000020000c3c                hw_endpoint_xfer_continue
 .time_critical.tinyusb
                0x0000000020000c8c      0x170 CMakeFiles/wireless_tx.dir/home/heatherdev/pico/pico-sdk/lib/tinyusb/src/device/usbd.c.obj
                0x0000000020000c8c                dcd_event_handler
 .time_critical.spi_write_read_blocking
                0x0000000020000dfc       0x74 CMakeFiles/wireless_tx.dir/home/heatherdev/pico/pico-sdk/src/rp2_common/hardware_spi/spi.c.obj
                0x0000000020000dfc                spi_write_read_blocking
 .time_critical.spi_write_blocking
                0x0000000020000e70       0x4c CMakeFiles/wireless_tx.dir/home/heatherdev/pico/pico-sdk/src/rp2_common/hardware_spi/spi.c.obj
                0x0000000020000e70                spi_write_blocking
 .time_critical.spi_read_blocking
                0x0000000020000ebc       0x74 CMakeFiles/wireless_tx.dir/home/heatherdev/pico/pico-sdk/src/rp2_common/hardware_spi/spi.c.obj
                0x0000000020000ebc                spi_read_blocking
 *(.text*)
 .text          0x0000000020000f30        0x4 /usr/lib/gcc/arm-none-eabi/10.3.1/thumb/v6-m/nofp/libgcc.a(_dvmd_tls.o)
                0x0000000020000f30                __aeabi_ldiv0
                0x0000000020000f30                __aeabi_idiv0
 *fill*         0x0000000020000f34        0x4 
 .text.__stub   0x0000000020000f38       0x70 linker stubs
                0x0000000020000fa8                . = ALIGN (0x4)
 *(.rodata*)
                0x0000000020000fa8                . = ALIGN (0x4)
 *(.data*)
 .data.striped_spin_lock_num
                0x0000000020000fa8        0x1 CMakeFiles/wireless_tx.dir/home/heatherdev/pico/pico-sdk/src/rp2_common/hardware_sync/sync.c.obj
 *fill*         0x0000000020000fa9        0x3 
 .data          0x0000000020000fac       0x48 CMakeFiles/wireless_tx.dir/home/heatherdev/pico/pico-sdk/src/rp2_common/hardware_irq/irq_handler_chain.S.obj
                0x0000000020000fac                irq_handler_chain_slots
                0x0000000020000fdc                irq_handler_chain_first_slot
                0x0000000020000fe6                irq_handler_chain_remove_tail
 .data.default_alarm_pool
                0x0000000020000ff4       0x18 CMakeFiles/wireless_tx.dir/home/heatherdev/pico/pico-sdk/src/common/pico_time/time.c.obj
 .data.default_alarm_pool_heap
                0x000000002000100c       0x10 CMakeFiles/wireless_tx.dir/home/heatherdev/pico/pico-sdk/src/common/pico_time/time.c.obj
 *fill*         0x000000002000101c        0x4 
 .data.aeabi_bits_funcs
                0x0000000020001020       0x10 CMakeFiles/wireless_tx.dir/home/heatherdev/pico/pico-sdk/src/rp2_common/pico_bit_ops/bit_ops_aeabi.S.obj
                0x0000000020001020                aeabi_bits_funcs
                0x0000000020001030                aeabi_bits_funcs_end
 .data.aeabi_mem_funcs
                0x0000000020001030       0x10 CMakeFiles/wireless_tx.dir/home/heatherdev/pico/pico-sdk/src/rp2_common/pico_mem_ops/mem_ops_aeabi.S.obj
                0x0000000020001030                aeabi_mem_funcs
                0x0000000020001040                aeabi_mem_funcs_end
 .data.stdio_usb
                0x0000000020001040       0x18 CMakeFiles/wireless_tx.dir/home/heatherdev/pico/pico-sdk/src/rp2_common/pico_stdio_usb/stdio_usb.c.obj
                0x0000000020001040                stdio_usb
 .data.ep_dir_string
                0x0000000020001058        0x8 CMakeFiles/wireless_tx.dir/home/heatherdev/pico/pico-sdk/lib/tinyusb/src/portable/raspberrypi/rp2040/rp2040_usb.c.obj
                0x0000000020001058                ep_dir_string
 .data._usbd_qdef
                0x0000000020001060       0x1c CMakeFiles/wireless_tx.dir/home/heatherdev/pico/pico-sdk/lib/tinyusb/src/device/usbd.c.obj
                0x0000000020001060                _usbd_qdef
 .data._usbd_rhport
                0x000000002000107c        0x1 CMakeFiles/wireless_tx.dir/home/heatherdev/pico/pico-sdk/lib/tinyusb/src/device/usbd.c.obj
 *fill*         0x000000002000107d        0x3 
 .data          0x0000000020001080      0x430 /usr/lib/gcc/arm-none-eabi/10.3.1/../../../arm-none-eabi/lib/thumb/v6-m/nofp/libc.a(lib_a-impure.o)
                0x0000000020001080                _impure_ptr
 .data          0x00000000200014b0      0x410 /usr/lib/gcc/arm-none-eabi/10.3.1/../../../arm-none-eabi/lib/thumb/v6-m/nofp/libc.a(lib_a-mallocr.o)
                0x00000000200014b0                __malloc_sbrk_base
                0x00000000200014b4                __malloc_trim_threshold
                0x00000000200014b8                __malloc_av_
                0x00000000200018c0                . = ALIGN (0x4)
 *(.after_data.*)
                0x00000000200018c0                . = ALIGN (0x4)
                0x00000000200018c0                PROVIDE (__mutex_array_start = .)
 *(SORT_BY_NAME(.mutex_array.*))
 *(.mutex_array)
 .mutex_array   0x00000000200018c0        0x8 CMakeFiles/wireless_tx.dir/home/heatherdev/pico/pico-sdk/src/rp2_common/pico_malloc/pico_malloc.c.obj
 .mutex_array   0x00000000200018c8        0x8 CMakeFiles/wireless_tx.dir/home/heatherdev/pico/pico-sdk/src/rp2_common/pico_stdio/stdio.c.obj
                0x00000000200018d0                PROVIDE (__mutex_array_end = .)
                0x00000000200018d0                . = ALIGN (0x4)
                0x00000000200018d0                PROVIDE (__preinit_array_start = .)
 *(SORT_BY_NAME(.preinit_array.*))
 .preinit_array.00001
                0x00000000200018d0        0x4 CMakeFiles/wireless_tx.dir/home/heatherdev/pico/pico-sdk/src/rp2_common/pico_mem_ops/mem_ops_aeabi.S.obj
 .preinit_array.00010
                0x00000000200018d4        0x4 CMakeFiles/wireless_tx.dir/home/heatherdev/pico/pico-sdk/src/rp2_common/pico_bit_ops/bit_ops_aeabi.S.obj
 .preinit_array.00020
                0x00000000200018d8        0x4 CMakeFiles/wireless_tx.dir/home/heatherdev/pico/pico-sdk/src/rp2_common/pico_double/double_aeabi.S.obj
 .preinit_array.00020
                0x00000000200018dc        0x4 CMakeFiles/wireless_tx.dir/home/heatherdev/pico/pico-sdk/src/rp2_common/pico_float/float_aeabi.S.obj
 *(.preinit_array)
                0x00000000200018e0                PROVIDE (__preinit_array_end = .)
                0x00000000200018e0                . = ALIGN (0x4)
                0x00000000200018e0                PROVIDE (__init_array_start = .)
 *(SORT_BY_NAME(.init_array.*))
 *(.init_array)
 .init_array    0x00000000200018e0        0x4 /usr/lib/gcc/arm-none-eabi/10.3.1/thumb/v6-m/nofp/crtbegin.o
 .init_array    0x00000000200018e4        0x4 CMakeFiles/wireless_tx.dir/home/heatherdev/pico/pico-sdk/src/rp2_common/pico_unique_id/unique_id.c.obj
 .init_array    0x00000000200018e8        0x4 /usr/lib/gcc/arm-none-eabi/10.3.1/../../../arm-none-eabi/lib/thumb/v6-m/nofp/libstdc++.a(eh_alloc.o)
                0x00000000200018ec                PROVIDE (__init_array_end = .)
                0x00000000200018ec                . = ALIGN (0x4)
                0x00000000200018ec                PROVIDE (__fini_array_start = .)
 *(SORT_BY_NAME(.fini_array.*))
 *(.fini_array)
                0x00000000200018ec                PROVIDE (__fini_array_end = .)
 *(.jcr)
                0x00000000200018ec                . = ALIGN (0x4)
                0x00000000200018ec                __data_end__ = .
                0x0000000010007ff8                __etext = LOADADDR (.data)

.tm_clone_table
                0x00000000200018ec        0x0 load address 0x0000000010009824
 .tm_clone_table
                0x00000000200018ec        0x0 /usr/lib/gcc/arm-none-eabi/10.3.1/thumb/v6-m/nofp/crtbegin.o
 .tm_clone_table
                0x00000000200018ec        0x0 /usr/lib/gcc/arm-none-eabi/10.3.1/thumb/v6-m/nofp/crtend.o

.igot.plt       0x00000000200018ec        0x0 load address 0x0000000010009824
 .igot.plt      0x00000000200018ec        0x0 /usr/lib/gcc/arm-none-eabi/10.3.1/thumb/v6-m/nofp/crtbegin.o

.uninitialized_data
                0x00000000200018ec        0x0 load address 0x0000000010009824
                0x00000000200018ec                . = ALIGN (0x4)
 *(.uninitialized_data*)

.scratch_x      0x0000000020040000        0x0 load address 0x0000000010009824
                0x0000000020040000                __scratch_x_start__ = .
 *(.scratch_x.*)
                0x0000000020040000                . = ALIGN (0x4)
                0x0000000020040000                __scratch_x_end__ = .
                0x0000000010009824                __scratch_x_source__ = LOADADDR (.scratch_x)

.scratch_y      0x0000000020041000        0x0 load address 0x0000000010009824
                0x0000000020041000                __scratch_y_start__ = .
 *(.scratch_y.*)
                0x0000000020041000                . = ALIGN (0x4)
                0x0000000020041000                __scratch_y_end__ = .
                0x0000000010009824                __scratch_y_source__ = LOADADDR (.scratch_y)

.bss            0x00000000200018f0      0xdd4
                0x00000000200018f0                . = ALIGN (0x4)
                0x00000000200018f0                __bss_start__ = .
 *(SORT_BY_ALIGNMENT(SORT_BY_NAME(.bss*)))
 .bss.default_alarm_pool_entries
                0x00000000200018f0      0x100 CMakeFiles/wireless_tx.dir/home/heatherdev/pico/pico-sdk/src/common/pico_time/time.c.obj
 .bss.last_avail_time.1
                0x00000000200019f0        0x8 CMakeFiles/wireless_tx.dir/home/heatherdev/pico/pico-sdk/src/rp2_common/pico_stdio_usb/stdio_usb.c.obj
 .bss.sd_table  0x00000000200019f8      0x100 CMakeFiles/wireless_tx.dir/home/heatherdev/pico/pico-sdk/src/rp2_common/pico_double/double_init_rom.c.obj
                0x00000000200019f8                sd_table
 .bss.sf_table  0x0000000020001af8      0x100 CMakeFiles/wireless_tx.dir/home/heatherdev/pico/pico-sdk/src/rp2_common/pico_float/float_init_rom.c.obj
                0x0000000020001af8                sf_table
 .bss           0x0000000020001bf8       0x1c /usr/lib/gcc/arm-none-eabi/10.3.1/thumb/v6-m/nofp/crtbegin.o
 .bss           0x0000000020001c14       0x34 /usr/lib/gcc/arm-none-eabi/10.3.1/../../../arm-none-eabi/lib/thumb/v6-m/nofp/libc.a(lib_a-mallocr.o)
                0x0000000020001c14                __malloc_top_pad
                0x0000000020001c18                __malloc_current_mallinfo
                0x0000000020001c40                __malloc_max_sbrked_mem
                0x0000000020001c44                __malloc_max_total_mem
 .bss           0x0000000020001c48        0x4 /usr/lib/gcc/arm-none-eabi/10.3.1/../../../arm-none-eabi/lib/thumb/v6-m/nofp/libc.a(lib_a-reent.o)
                0x0000000020001c48                errno
 .bss._ZN12_GLOBAL__N_114emergency_poolE
                0x0000000020001c4c       0x10 /usr/lib/gcc/arm-none-eabi/10.3.1/../../../arm-none-eabi/lib/thumb/v6-m/nofp/libstdc++.a(eh_alloc.o)
 .bss._app_driver
                0x0000000020001c5c        0x4 CMakeFiles/wireless_tx.dir/home/heatherdev/pico/pico-sdk/lib/tinyusb/src/device/usbd.c.obj
 .bss._cdcd_itf
                0x0000000020001c60      0x2c8 CMakeFiles/wireless_tx.dir/home/heatherdev/pico/pico-sdk/lib/tinyusb/src/class/cdc/cdc_device.c.obj
 .bss._ctrl_xfer
                0x0000000020001f28       0x14 CMakeFiles/wireless_tx.dir/home/heatherdev/pico/pico-sdk/lib/tinyusb/src/device/usbd_control.c.obj
 .bss._ubsd_mutexdef
                0x0000000020001f3c        0x8 CMakeFiles/wireless_tx.dir/home/heatherdev/pico/pico-sdk/lib/tinyusb/src/device/usbd.c.obj
 .bss._usbd_ctrl_buf
                0x0000000020001f44       0x40 CMakeFiles/wireless_tx.dir/home/heatherdev/pico/pico-sdk/lib/tinyusb/src/device/usbd_control.c.obj
 .bss._usbd_dev
                0x0000000020001f84       0x53 CMakeFiles/wireless_tx.dir/home/heatherdev/pico/pico-sdk/lib/tinyusb/src/device/usbd.c.obj
 *fill*         0x0000000020001fd7        0x1 
 .bss._usbd_mutex
                0x0000000020001fd8        0x4 CMakeFiles/wireless_tx.dir/home/heatherdev/pico/pico-sdk/lib/tinyusb/src/device/usbd.c.obj
 .bss._usbd_q   0x0000000020001fdc        0x4 CMakeFiles/wireless_tx.dir/home/heatherdev/pico/pico-sdk/lib/tinyusb/src/device/usbd.c.obj
 .bss._usbd_qdef_buf
                0x0000000020001fe0       0xc0 CMakeFiles/wireless_tx.dir/home/heatherdev/pico/pico-sdk/lib/tinyusb/src/device/usbd.c.obj
                0x0000000020001fe0                _usbd_qdef_buf
 .bss.alarm_callbacks
                0x00000000200020a0       0x10 CMakeFiles/wireless_tx.dir/home/heatherdev/pico/pico-sdk/src/rp2_common/hardware_timer/timer.c.obj
 .bss.boot2_copyout
                0x00000000200020b0      0x100 CMakeFiles/wireless_tx.dir/home/heatherdev/pico/pico-sdk/src/rp2_common/hardware_flash/flash.c.obj
 .bss.chars_available_callback
                0x00000000200021b0        0x4 CMakeFiles/wireless_tx.dir/home/heatherdev/pico/pico-sdk/src/rp2_common/pico_stdio_usb/stdio_usb.c.obj
 .bss.chars_available_param
                0x00000000200021b4        0x4 CMakeFiles/wireless_tx.dir/home/heatherdev/pico/pico-sdk/src/rp2_common/pico_stdio_usb/stdio_usb.c.obj
 .bss.claimed   0x00000000200021b8        0x4 CMakeFiles/wireless_tx.dir/home/heatherdev/pico/pico-sdk/src/rp2_common/hardware_sync/sync.c.obj
 .bss.configured_freq
                0x00000000200021bc       0x28 CMakeFiles/wireless_tx.dir/home/heatherdev/pico/pico-sdk/src/rp2_common/hardware_clocks/clocks.c.obj
 .bss.default_alarm_pool_entry_ids_high
                0x00000000200021e4       0x10 CMakeFiles/wireless_tx.dir/home/heatherdev/pico/pico-sdk/src/common/pico_time/time.c.obj
 .bss.default_alarm_pool_heap_nodes
                0x00000000200021f4       0x30 CMakeFiles/wireless_tx.dir/home/heatherdev/pico/pico-sdk/src/common/pico_time/time.c.obj
 .bss.desc_str.0
                0x0000000020002224       0x28 CMakeFiles/wireless_tx.dir/home/heatherdev/pico/pico-sdk/src/rp2_common/pico_stdio_usb/stdio_usb_descriptors.c.obj
 .bss.drivers   0x000000002000224c        0x4 CMakeFiles/wireless_tx.dir/home/heatherdev/pico/pico-sdk/src/rp2_common/pico_stdio/stdio.c.obj
 .bss.e15_last_sof
                0x0000000020002250        0x4 CMakeFiles/wireless_tx.dir/home/heatherdev/pico/pico-sdk/lib/tinyusb/src/portable/raspberrypi/rp2040/rp2040_usb.c.obj
                0x0000000020002250                e15_last_sof
 .bss.filter    0x0000000020002254        0x4 CMakeFiles/wireless_tx.dir/home/heatherdev/pico/pico-sdk/src/rp2_common/pico_stdio/stdio.c.obj
 .bss.heap_end.0
                0x0000000020002258        0x4 CMakeFiles/wireless_tx.dir/home/heatherdev/pico/pico-sdk/src/rp2_common/pico_runtime/runtime.c.obj
 .bss.hw_endpoints
                0x000000002000225c      0x400 CMakeFiles/wireless_tx.dir/home/heatherdev/pico/pico-sdk/lib/tinyusb/src/portable/raspberrypi/rp2040/dcd_rp2040.c.obj
 .bss.lazy_vsnprintf
                0x000000002000265c        0x4 CMakeFiles/wireless_tx.dir/home/heatherdev/pico/pico-sdk/src/rp2_common/pico_printf/printf.c.obj
 .bss.load_value
                0x0000000020002660        0x4 CMakeFiles/wireless_tx.dir/home/heatherdev/pico/pico-sdk/src/rp2_common/hardware_watchdog/watchdog.c.obj
 .bss.next_buffer_ptr
                0x0000000020002664        0x4 CMakeFiles/wireless_tx.dir/home/heatherdev/pico/pico-sdk/lib/tinyusb/src/portable/raspberrypi/rp2040/dcd_rp2040.c.obj
 .bss.one_shot_timer_crit_sec
                0x0000000020002668        0x8 CMakeFiles/wireless_tx.dir/home/heatherdev/pico/pico-sdk/src/rp2_common/pico_stdio_usb/stdio_usb.c.obj
 .bss.pools     0x0000000020002670       0x10 CMakeFiles/wireless_tx.dir/home/heatherdev/pico/pico-sdk/src/common/pico_time/time.c.obj
 .bss.retrieved_id
                0x0000000020002680        0x8 CMakeFiles/wireless_tx.dir/home/heatherdev/pico/pico-sdk/src/rp2_common/pico_unique_id/unique_id.c.obj
 .bss.sf_clz_func
                0x0000000020002688        0x4 CMakeFiles/wireless_tx.dir/home/heatherdev/pico/pico-sdk/src/rp2_common/pico_double/double_init_rom.c.obj
                0x0000000020002688                sf_clz_func
 .bss.sleep_notifier
                0x000000002000268c        0x4 CMakeFiles/wireless_tx.dir/home/heatherdev/pico/pico-sdk/src/common/pico_time/time.c.obj
 .bss.stdio_usb_mutex
                0x0000000020002690        0x8 CMakeFiles/wireless_tx.dir/home/heatherdev/pico/pico-sdk/src/rp2_common/pico_stdio_usb/stdio_usb.c.obj
 .bss.target_hi
                0x0000000020002698       0x10 CMakeFiles/wireless_tx.dir/home/heatherdev/pico/pico-sdk/src/rp2_common/hardware_timer/timer.c.obj
 .bss.usbd_serial_str
                0x00000000200026a8       0x11 CMakeFiles/wireless_tx.dir/home/heatherdev/pico/pico-sdk/src/rp2_common/pico_stdio_usb/stdio_usb_descriptors.c.obj
 .bss._app_driver_count
                0x00000000200026b9        0x1 CMakeFiles/wireless_tx.dir/home/heatherdev/pico/pico-sdk/lib/tinyusb/src/device/usbd.c.obj
 .bss._sof_enable
                0x00000000200026ba        0x1 CMakeFiles/wireless_tx.dir/home/heatherdev/pico/pico-sdk/lib/tinyusb/src/portable/raspberrypi/rp2040/dcd_rp2040.c.obj
 .bss.boot2_copyout_valid
                0x00000000200026bb        0x1 CMakeFiles/wireless_tx.dir/home/heatherdev/pico/pico-sdk/src/rp2_common/hardware_flash/flash.c.obj
 .bss.claimed   0x00000000200026bc        0x1 CMakeFiles/wireless_tx.dir/home/heatherdev/pico/pico-sdk/src/rp2_common/hardware_timer/timer.c.obj
 .bss.irq_hander_chain_free_slot_head
                0x00000000200026bd        0x1 CMakeFiles/wireless_tx.dir/home/heatherdev/pico/pico-sdk/src/rp2_common/hardware_irq/irq.c.obj
 .bss.itf_num   0x00000000200026be        0x1 CMakeFiles/wireless_tx.dir/home/heatherdev/pico/pico-sdk/src/rp2_common/pico_stdio_usb/reset_interface.c.obj
 .bss.low_priority_irq_num
                0x00000000200026bf        0x1 CMakeFiles/wireless_tx.dir/home/heatherdev/pico/pico-sdk/src/rp2_common/pico_stdio_usb/stdio_usb.c.obj
 .bss.one_shot_timer_pending
                0x00000000200026c0        0x1 CMakeFiles/wireless_tx.dir/home/heatherdev/pico/pico-sdk/src/rp2_common/pico_stdio_usb/stdio_usb.c.obj
 .bss.timer_callbacks_pending
                0x00000000200026c1        0x1 CMakeFiles/wireless_tx.dir/home/heatherdev/pico/pico-sdk/src/rp2_common/hardware_timer/timer.c.obj
 .bss.user_irq_claimed
                0x00000000200026c2        0x1 CMakeFiles/wireless_tx.dir/home/heatherdev/pico/pico-sdk/src/rp2_common/hardware_irq/irq.c.obj
 *(COMMON)
                0x00000000200026c4                . = ALIGN (0x4)
 *fill*         0x00000000200026c3        0x1 
                0x00000000200026c4                __bss_end__ = .

.heap           0x00000000200026c4      0x800
                0x00000000200026c4                __end__ = .
                0x00000000200026c4                end = __end__
 *(.heap*)
 .heap          0x00000000200026c4      0x800 CMakeFiles/wireless_tx.dir/home/heatherdev/pico/pico-sdk/src/rp2_common/pico_standard_link/crt0.S.obj
                0x0000000020002ec4                __HeapLimit = .

.stack1_dummy   0x0000000020040000      0x800
 *(.stack1*)
 .stack1        0x0000000020040000      0x800 CMakeFiles/wireless_tx.dir/home/heatherdev/pico/pico-sdk/src/rp2_common/pico_multicore/multicore.c.obj

.stack_dummy    0x0000000020041000      0x800
 *(.stack*)
 .stack         0x0000000020041000      0x800 CMakeFiles/wireless_tx.dir/home/heatherdev/pico/pico-sdk/src/rp2_common/pico_standard_link/crt0.S.obj

.flash_end      0x0000000010009824        0x0
                0x0000000010009824                PROVIDE (__flash_binary_end = .)
                0x0000000020040000                __StackLimit = (ORIGIN (RAM) + LENGTH (RAM))
                0x0000000020041000                __StackOneTop = (ORIGIN (SCRATCH_X) + LENGTH (SCRATCH_X))
                0x0000000020042000                __StackTop = (ORIGIN (SCRATCH_Y) + LENGTH (SCRATCH_Y))
                0x0000000020040800                __StackOneBottom = (__StackOneTop - SIZEOF (.stack1_dummy))
                0x0000000020041800                __StackBottom = (__StackTop - SIZEOF (.stack_dummy))
                0x0000000020042000                PROVIDE (__stack = __StackTop)
                0x0000000000000001                ASSERT ((__StackLimit >= __HeapLimit), region RAM overflowed)
                0x0000000000000001                ASSERT (((__binary_info_header_end - __logical_binary_start) <= 0x100), Binary info must be in first 256 bytes of the binary)
LOAD CMakeFiles/wireless_tx.dir/src/joybus.cpp.obj
LOAD CMakeFiles/wireless_tx.dir/src/main.cpp.obj
LOAD CMakeFiles/wireless_tx.dir/home/heatherdev/pico/pico-sdk/src/rp2_common/pico_stdlib/stdlib.c.obj
LOAD CMakeFiles/wireless_tx.dir/home/heatherdev/pico/pico-sdk/src/rp2_common/hardware_gpio/gpio.c.obj
LOAD CMakeFiles/wireless_tx.dir/home/heatherdev/pico/pico-sdk/src/rp2_common/pico_platform/platform.c.obj
LOAD CMakeFiles/wireless_tx.dir/home/heatherdev/pico/pico-sdk/src/rp2_common/hardware_claim/claim.c.obj
LOAD CMakeFiles/wireless_tx.dir/home/heatherdev/pico/pico-sdk/src/rp2_common/hardware_sync/sync.c.obj
LOAD CMakeFiles/wireless_tx.dir/home/heatherdev/pico/pico-sdk/src/rp2_common/hardware_irq/irq.c.obj
LOAD CMakeFiles/wireless_tx.dir/home/heatherdev/pico/pico-sdk/src/rp2_common/hardware_irq/irq_handler_chain.S.obj
LOAD CMakeFiles/wireless_tx.dir/home/heatherdev/pico/pico-sdk/src/common/pico_sync/sem.c.obj
LOAD CMakeFiles/wireless_tx.dir/home/heatherdev/pico/pico-sdk/src/common/pico_sync/lock_core.c.obj
LOAD CMakeFiles/wireless_tx.dir/home/heatherdev/pico/pico-sdk/src/common/pico_sync/mutex.c.obj
LOAD CMakeFiles/wireless_tx.dir/home/heatherdev/pico/pico-sdk/src/common/pico_sync/critical_section.c.obj
LOAD CMakeFiles/wireless_tx.dir/home/heatherdev/pico/pico-sdk/src/common/pico_time/time.c.obj
LOAD CMakeFiles/wireless_tx.dir/home/heatherdev/pico/pico-sdk/src/common/pico_time/timeout_helper.c.obj
LOAD CMakeFiles/wireless_tx.dir/home/heatherdev/pico/pico-sdk/src/rp2_common/hardware_timer/timer.c.obj
LOAD CMakeFiles/wireless_tx.dir/home/heatherdev/pico/pico-sdk/src/common/pico_util/datetime.c.obj
LOAD CMakeFiles/wireless_tx.dir/home/heatherdev/pico/pico-sdk/src/common/pico_util/pheap.c.obj
LOAD CMakeFiles/wireless_tx.dir/home/heatherdev/pico/pico-sdk/src/common/pico_util/queue.c.obj
LOAD CMakeFiles/wireless_tx.dir/home/heatherdev/pico/pico-sdk/src/rp2_common/hardware_uart/uart.c.obj
LOAD CMakeFiles/wireless_tx.dir/home/heatherdev/pico/pico-sdk/src/rp2_common/hardware_clocks/clocks.c.obj
LOAD CMakeFiles/wireless_tx.dir/home/heatherdev/pico/pico-sdk/src/rp2_common/hardware_pll/pll.c.obj
LOAD CMakeFiles/wireless_tx.dir/home/heatherdev/pico/pico-sdk/src/rp2_common/hardware_vreg/vreg.c.obj
LOAD CMakeFiles/wireless_tx.dir/home/heatherdev/pico/pico-sdk/src/rp2_common/hardware_watchdog/watchdog.c.obj
LOAD CMakeFiles/wireless_tx.dir/home/heatherdev/pico/pico-sdk/src/rp2_common/hardware_xosc/xosc.c.obj
LOAD CMakeFiles/wireless_tx.dir/home/heatherdev/pico/pico-sdk/src/rp2_common/hardware_divider/divider.S.obj
LOAD CMakeFiles/wireless_tx.dir/home/heatherdev/pico/pico-sdk/src/rp2_common/pico_runtime/runtime.c.obj
LOAD CMakeFiles/wireless_tx.dir/home/heatherdev/pico/pico-sdk/src/rp2_common/pico_printf/printf.c.obj
LOAD CMakeFiles/wireless_tx.dir/home/heatherdev/pico/pico-sdk/src/rp2_common/pico_bit_ops/bit_ops_aeabi.S.obj
LOAD CMakeFiles/wireless_tx.dir/home/heatherdev/pico/pico-sdk/src/rp2_common/pico_bootrom/bootrom.c.obj
LOAD CMakeFiles/wireless_tx.dir/home/heatherdev/pico/pico-sdk/src/rp2_common/pico_divider/divider.S.obj
LOAD CMakeFiles/wireless_tx.dir/home/heatherdev/pico/pico-sdk/src/rp2_common/pico_double/double_aeabi.S.obj
LOAD CMakeFiles/wireless_tx.dir/home/heatherdev/pico/pico-sdk/src/rp2_common/pico_double/double_init_rom.c.obj
LOAD CMakeFiles/wireless_tx.dir/home/heatherdev/pico/pico-sdk/src/rp2_common/pico_double/double_math.c.obj
LOAD CMakeFiles/wireless_tx.dir/home/heatherdev/pico/pico-sdk/src/rp2_common/pico_double/double_v1_rom_shim.S.obj
LOAD CMakeFiles/wireless_tx.dir/home/heatherdev/pico/pico-sdk/src/rp2_common/pico_int64_ops/pico_int64_ops_aeabi.S.obj
LOAD CMakeFiles/wireless_tx.dir/home/heatherdev/pico/pico-sdk/src/rp2_common/pico_float/float_aeabi.S.obj
LOAD CMakeFiles/wireless_tx.dir/home/heatherdev/pico/pico-sdk/src/rp2_common/pico_float/float_init_rom.c.obj
LOAD CMakeFiles/wireless_tx.dir/home/heatherdev/pico/pico-sdk/src/rp2_common/pico_float/float_math.c.obj
LOAD CMakeFiles/wireless_tx.dir/home/heatherdev/pico/pico-sdk/src/rp2_common/pico_float/float_v1_rom_shim.S.obj
LOAD CMakeFiles/wireless_tx.dir/home/heatherdev/pico/pico-sdk/src/rp2_common/pico_malloc/pico_malloc.c.obj
LOAD CMakeFiles/wireless_tx.dir/home/heatherdev/pico/pico-sdk/src/rp2_common/pico_mem_ops/mem_ops_aeabi.S.obj
LOAD CMakeFiles/wireless_tx.dir/home/heatherdev/pico/pico-sdk/src/rp2_common/pico_standard_link/crt0.S.obj
LOAD CMakeFiles/wireless_tx.dir/home/heatherdev/pico/pico-sdk/src/rp2_common/pico_standard_link/new_delete.cpp.obj
LOAD CMakeFiles/wireless_tx.dir/home/heatherdev/pico/pico-sdk/src/rp2_common/pico_standard_link/binary_info.c.obj
LOAD CMakeFiles/wireless_tx.dir/home/heatherdev/pico/pico-sdk/src/rp2_common/pico_stdio/stdio.c.obj
LOAD CMakeFiles/wireless_tx.dir/home/heatherdev/pico/pico-sdk/src/rp2_common/pico_stdio_usb/reset_interface.c.obj
LOAD CMakeFiles/wireless_tx.dir/home/heatherdev/pico/pico-sdk/src/rp2_common/pico_stdio_usb/stdio_usb.c.obj
LOAD CMakeFiles/wireless_tx.dir/home/heatherdev/pico/pico-sdk/src/rp2_common/pico_stdio_usb/stdio_usb_descriptors.c.obj
LOAD CMakeFiles/wireless_tx.dir/home/heatherdev/pico/pico-sdk/src/rp2_common/pico_unique_id/unique_id.c.obj
LOAD CMakeFiles/wireless_tx.dir/home/heatherdev/pico/pico-sdk/src/rp2_common/hardware_flash/flash.c.obj
LOAD CMakeFiles/wireless_tx.dir/home/heatherdev/pico/pico-sdk/lib/tinyusb/src/portable/raspberrypi/rp2040/dcd_rp2040.c.obj
LOAD CMakeFiles/wireless_tx.dir/home/heatherdev/pico/pico-sdk/lib/tinyusb/src/portable/raspberrypi/rp2040/rp2040_usb.c.obj
LOAD CMakeFiles/wireless_tx.dir/home/heatherdev/pico/pico-sdk/lib/tinyusb/src/device/usbd.c.obj
LOAD CMakeFiles/wireless_tx.dir/home/heatherdev/pico/pico-sdk/lib/tinyusb/src/device/usbd_control.c.obj
LOAD CMakeFiles/wireless_tx.dir/home/heatherdev/pico/pico-sdk/lib/tinyusb/src/class/audio/audio_device.c.obj
LOAD CMakeFiles/wireless_tx.dir/home/heatherdev/pico/pico-sdk/lib/tinyusb/src/class/cdc/cdc_device.c.obj
LOAD CMakeFiles/wireless_tx.dir/home/heatherdev/pico/pico-sdk/lib/tinyusb/src/class/dfu/dfu_device.c.obj
LOAD CMakeFiles/wireless_tx.dir/home/heatherdev/pico/pico-sdk/lib/tinyusb/src/class/dfu/dfu_rt_device.c.obj
LOAD CMakeFiles/wireless_tx.dir/home/heatherdev/pico/pico-sdk/lib/tinyusb/src/class/hid/hid_device.c.obj
LOAD CMakeFiles/wireless_tx.dir/home/heatherdev/pico/pico-sdk/lib/tinyusb/src/class/midi/midi_device.c.obj
LOAD CMakeFiles/wireless_tx.dir/home/heatherdev/pico/pico-sdk/lib/tinyusb/src/class/msc/msc_device.c.obj
LOAD CMakeFiles/wireless_tx.dir/home/heatherdev/pico/pico-sdk/lib/tinyusb/src/class/net/ecm_rndis_device.c.obj