Archive member included to satisfy reference by file (symbol)

/usr/lib/gcc/arm-none-eabi/10.3.1/../../../arm-none-eabi/lib/thumb/v6-m/nofp/libstdc++.a(guard.o)
                              CMakeFiles/wireless_tx.dir/src/main2.cpp.obj (__cxa_guard_acquire)
/usr/lib/gcc/arm-none-eabi/10.3.1/../../../arm-none-eabi/lib/thumb/v6-m/nofp/libstdc++.a(guard_error.o)
                              /usr/lib/gcc/arm-none-eabi/10.3.1/../../../arm-none-eabi/lib/thumb/v6-m/nofp/libstdc++.a(guard.o) (__gnu_cxx::recursive_init_error::~recursive_init_error())
/usr/lib/gcc/arm-none-eabi/10.3.1/../../../arm-none-eabi/lib/thumb/v6-m/nofp/libstdc++.a(si_class_type_info.o)
                              /usr/lib/gcc/arm-none-eabi/10.3.1/../../../arm-none-eabi/lib/thumb/v6-m/nofp/libstdc++.a(guard_error.o) (vtable for __cxxabiv1::__si_class_type_info)
/usr/lib/gcc/arm-none-eabi/10.3.1/../../../arm-none-eabi/lib/thumb/v6-m/nofp/libstdc++.a(tinfo.o)
                              /usr/lib/gcc/arm-none-eabi/10.3.1/../../../arm-none-eabi/lib/thumb/v6-m/nofp/libstdc++.a(si_class_type_info.o) (std::type_info::__is_pointer_p() const)
/usr/lib/gcc/arm-none-eabi/10.3.1/../../../arm-none-eabi/lib/thumb/v6-m/nofp/libstdc++.a(functional.o)
                              CMakeFiles/wireless_tx.dir/src/joybus.cpp.obj (std::__throw_bad_function_call())
/usr/lib/gcc/arm-none-eabi/10.3.1/../../../arm-none-eabi/lib/thumb/v6-m/nofp/libstdc++.a(class_type_info.o)
                              /usr/lib/gcc/arm-none-eabi/10.3.1/../../../arm-none-eabi/lib/thumb/v6-m/nofp/libstdc++.a(si_class_type_info.o) (__cxxabiv1::__class_type_info::__do_upcast(__cxxabiv1::__class_type_info const*, void**) const)
/usr/lib/gcc/arm-none-eabi/10.3.1/../../../arm-none-eabi/lib/thumb/v6-m/nofp/libstdc++.a(eh_alloc.o)
                              /usr/lib/gcc/arm-none-eabi/10.3.1/../../../arm-none-eabi/lib/thumb/v6-m/nofp/libstdc++.a(guard.o) (__cxa_allocate_exception)
/usr/lib/gcc/arm-none-eabi/10.3.1/../../../arm-none-eabi/lib/thumb/v6-m/nofp/libstdc++.a(eh_exception.o)
                              /usr/lib/gcc/arm-none-eabi/10.3.1/../../../arm-none-eabi/lib/thumb/v6-m/nofp/libstdc++.a(guard_error.o) (std::exception::~exception())
/usr/lib/gcc/arm-none-eabi/10.3.1/../../../arm-none-eabi/lib/thumb/v6-m/nofp/libstdc++.a(eh_terminate.o)
                              /usr/lib/gcc/arm-none-eabi/10.3.1/../../../arm-none-eabi/lib/thumb/v6-m/nofp/libstdc++.a(eh_alloc.o) (std::terminate())
/usr/lib/gcc/arm-none-eabi/10.3.1/../../../arm-none-eabi/lib/thumb/v6-m/nofp/libstdc++.a(eh_throw.o)
                              /usr/lib/gcc/arm-none-eabi/10.3.1/../../../arm-none-eabi/lib/thumb/v6-m/nofp/libstdc++.a(guard.o) (__cxa_throw)
/usr/lib/gcc/arm-none-eabi/10.3.1/../../../arm-none-eabi/lib/thumb/v6-m/nofp/libstdc++.a(eh_unex_handler.o)
                              /usr/lib/gcc/arm-none-eabi/10.3.1/../../../arm-none-eabi/lib/thumb/v6-m/nofp/libstdc++.a(eh_terminate.o) (__cxxabiv1::__unexpected_handler)
/usr/lib/gcc/arm-none-eabi/10.3.1/../../../arm-none-eabi/lib/thumb/v6-m/nofp/libstdc++.a(pure.o)
                              /usr/lib/gcc/arm-none-eabi/10.3.1/../../../arm-none-eabi/lib/thumb/v6-m/nofp/libstdc++.a(eh_exception.o) (__cxa_pure_virtual)
/usr/lib/gcc/arm-none-eabi/10.3.1/../../../arm-none-eabi/lib/thumb/v6-m/nofp/libstdc++.a(eh_arm.o)
                              /usr/lib/gcc/arm-none-eabi/10.3.1/../../../arm-none-eabi/lib/thumb/v6-m/nofp/libstdc++.a(eh_terminate.o) (__cxa_end_cleanup)
/usr/lib/gcc/arm-none-eabi/10.3.1/../../../arm-none-eabi/lib/thumb/v6-m/nofp/libstdc++.a(eh_call.o)
                              /usr/lib/gcc/arm-none-eabi/10.3.1/../../../arm-none-eabi/lib/thumb/v6-m/nofp/libstdc++.a(eh_terminate.o) (__cxa_call_unexpected)
/usr/lib/gcc/arm-none-eabi/10.3.1/../../../arm-none-eabi/lib/thumb/v6-m/nofp/libstdc++.a(eh_catch.o)
                              /usr/lib/gcc/arm-none-eabi/10.3.1/../../../arm-none-eabi/lib/thumb/v6-m/nofp/libstdc++.a(eh_terminate.o) (__cxa_begin_catch)
/usr/lib/gcc/arm-none-eabi/10.3.1/../../../arm-none-eabi/lib/thumb/v6-m/nofp/libstdc++.a(eh_globals.o)
                              /usr/lib/gcc/arm-none-eabi/10.3.1/../../../arm-none-eabi/lib/thumb/v6-m/nofp/libstdc++.a(eh_call.o) (__cxa_get_globals_fast)
/usr/lib/gcc/arm-none-eabi/10.3.1/../../../arm-none-eabi/lib/thumb/v6-m/nofp/libstdc++.a(eh_personality.o)
                              /usr/lib/gcc/arm-none-eabi/10.3.1/../../../arm-none-eabi/lib/thumb/v6-m/nofp/libstdc++.a(eh_terminate.o) (__gxx_personality_v0)
/usr/lib/gcc/arm-none-eabi/10.3.1/../../../arm-none-eabi/lib/thumb/v6-m/nofp/libstdc++.a(eh_term_handler.o)
                              /usr/lib/gcc/arm-none-eabi/10.3.1/../../../arm-none-eabi/lib/thumb/v6-m/nofp/libstdc++.a(eh_terminate.o) (__cxxabiv1::__terminate_handler)
/usr/lib/gcc/arm-none-eabi/10.3.1/../../../arm-none-eabi/lib/thumb/v6-m/nofp/libm.a(lib_a-s_fmax.o)
                              CMakeFiles/wireless_tx.dir/src/main2.cpp.obj (fmax)
[...]
Memory Configuration

Name             Origin             Length             Attributes
FLASH            0x0000000010000000 0x0000000000200000 xr
RAM              0x0000000020000000 0x0000000000040000 xrw
SCRATCH_X        0x0000000020040000 0x0000000000001000 xrw
SCRATCH_Y        0x0000000020041000 0x0000000000001000 xrw
*default*        0x0000000000000000 0xffffffffffffffff

Linker script and memory map

LOAD /usr/lib/gcc/arm-none-eabi/10.3.1/thumb/v6-m/nofp/crti.o
LOAD /usr/lib/gcc/arm-none-eabi/10.3.1/thumb/v6-m/nofp/crtbegin.o
LOAD /usr/lib/gcc/arm-none-eabi/10.3.1/../../../arm-none-eabi/lib/thumb/v6-m/nofp/crt0.o

.flash_begin    0x0000000010000000        0x0
                0x0000000010000000                __flash_binary_start = .

.boot2          0x0000000010000000      0x100
                0x0000000010000000                __boot2_start__ = .
 *(.boot2)
 .boot2         0x0000000010000000      0x100 /tmp/ccGI1ogU.o
                0x0000000010000100                __boot2_end__ = .
                0x0000000000000001                ASSERT (((__boot2_end__ - __boot2_start__) == 0x100), ERROR: Pico second stage bootloader must be 256 bytes in size)

.text           0x0000000010000100    0x15ed8
                0x0000000010000100                __logical_binary_start = .
 *(.vectors)
 .vectors       0x0000000010000100       0xd4 CMakeFiles/wireless_tx.dir/home/heatherdev/pico/pico-sdk/src/rp2_common/pico_standard_link/crt0.S.obj
                0x0000000010000100                __vectors
                0x0000000010000100                __VECTOR_TABLE
                0x00000000100001c0                isr_invalid
                0x00000000100001c0                __default_isrs_start
                0x00000000100001c2                isr_nmi
                0x00000000100001c4                isr_hardfault
                0x00000000100001c6                isr_svcall
                0x00000000100001c8                isr_pendsv
                0x00000000100001ca                isr_systick
                0x00000000100001cc                isr_irq30
                0x00000000100001cc                __unhandled_user_irq
                0x00000000100001cc                isr_irq13
                0x00000000100001cc                isr_irq27
                0x00000000100001cc                isr_irq31
                0x00000000100001cc                isr_irq5
                0x00000000100001cc                isr_irq11
                0x00000000100001cc                isr_irq23
                0x00000000100001cc                isr_irq18
                0x00000000100001cc                isr_irq28
                0x00000000100001cc                isr_irq19
                0x00000000100001cc                isr_irq0
                0x00000000100001cc                isr_irq6
                0x00000000100001cc                isr_irq22
                0x00000000100001cc                isr_irq17
                0x00000000100001cc                isr_irq14
                0x00000000100001cc                isr_irq2
                0x00000000100001cc                isr_irq10
                0x00000000100001cc                isr_irq8
                0x00000000100001cc                isr_irq24
                0x00000000100001cc                isr_irq1
                0x00000000100001cc                isr_irq7
                0x00000000100001cc                isr_irq21
                0x00000000100001cc                isr_irq20
                0x00000000100001cc                isr_irq15
                0x00000000100001cc                isr_irq25
                0x00000000100001cc                isr_irq4
                0x00000000100001cc                isr_irq16
                0x00000000100001cc                isr_irq29
                0x00000000100001cc                isr_irq26
                0x00000000100001cc                __default_isrs_end
                0x00000000100001cc                isr_irq3
                0x00000000100001cc                isr_irq12
                0x00000000100001cc                isr_irq9
                0x00000000100001d2                unhandled_user_irq_num_in_r0
 *(.binary_info_header)
 .binary_info_header
                0x00000000100001d4       0x14 CMakeFiles/wireless_tx.dir/home/heatherdev/pico/pico-sdk/src/rp2_common/pico_standard_link/crt0.S.obj
                0x00000000100001e8                __binary_info_header_end = .
 *(.reset)
 .reset         0x00000000100001e8       0xa0 CMakeFiles/wireless_tx.dir/home/heatherdev/pico/pico-sdk/src/rp2_common/pico_standard_link/crt0.S.obj
                0x00000000100001e8                _entry_point
 .reset         0x0000000010000288       0x30 CMakeFiles/wireless_tx.dir/home/heatherdev/pico/pico-sdk/src/rp2_common/pico_standard_link/binary_info.c.obj
 *(.init)
 .init          0x00000000100002b8        0x4 /usr/lib/gcc/arm-none-eabi/10.3.1/thumb/v6-m/nofp/crti.o
                0x00000000100002b8                _init
 *(EXCLUDE_FILE(*libm.a: *libc.a:*lib_a-mem*.o *libgcc.a:) .text*)
 .text          0x00000000100002bc       0x98 /usr/lib/gcc/arm-none-eabi/10.3.1/thumb/v6-m/nofp/crtbegin.o
 .text._Z10notchRemapffPfS_iRK11StickParamsiRK13ControlConfig10WhichStick.constprop.0
                0x0000000010000354      0x3e0 CMakeFiles/wireless_tx.dir/src/main2.cpp.obj
 .text._Z3detPdih.constprop.0
                0x0000000010000734      0x4e8 CMakeFiles/wireless_tx.dir/src/main2.cpp.obj
 .text._Z8fitCurveiiPdS_iS_.constprop.0.isra.0
                0x0000000010000c1c      0x2f8 CMakeFiles/wireless_tx.dir/src/main2.cpp.obj
 .text._Z11setPinModesv
                0x0000000010000f14      0x270 CMakeFiles/wireless_tx.dir/src/main2.cpp.obj
                0x0000000010000f14                setPinModes()
 .text._Z11readButtonsRK4PinsR7Buttons
                0x0000000010001184      0x138 CMakeFiles/wireless_tx.dir/src/main2.cpp.obj
                0x0000000010001184                readButtons(Pins const&, Buttons&)
 .text._Z21memory_dump_to_screenv
                0x00000000100012bc       0x80 CMakeFiles/wireless_tx.dir/src/main2.cpp.obj
                0x00000000100012bc                memory_dump_to_screen()
 .text._Z13setupWirelessv
                0x000000001000133c      0x284 CMakeFiles/wireless_tx.dir/src/main2.cpp.obj
                0x000000001000133c                setupWireless()
 .text._Z28synchronousSubmitForWireless7Buttons
                0x00000000100015c0      0x11c CMakeFiles/wireless_tx.dir/src/main2.cpp.obj
                0x00000000100015c0                synchronousSubmitForWireless(Buttons)
 .text._Z14recomputeGains13ControlConfigR11FilterGainsS1_
                0x00000000100016dc      0x27c CMakeFiles/wireless_tx.dir/src/main2.cpp.obj
                0x00000000100016dc                recomputeGains(ControlConfig, FilterGains&, FilterGains&)
 .text._Z13resetDefaults9HardResetR13ControlConfigR11FilterGainsS3_R11StickParamsS5_b.constprop.0
                0x0000000010001958      0x1b8 CMakeFiles/wireless_tx.dir/src/main2.cpp.obj
 .text._Z9runKalmanRfS_ffRK13ControlConfigRK11FilterGains
                0x0000000010001b10      0x48c CMakeFiles/wireless_tx.dir/src/main2.cpp.obj
                0x0000000010001b10                runKalman(float&, float&, float, float, ControlConfig const&, FilterGains const&)
 .text._Z15aRunWaveShapingffRfS_RK13ControlConfigRK11FilterGains
                0x0000000010001f9c      0x204 CMakeFiles/wireless_tx.dir/src/main2.cpp.obj
                0x0000000010001f9c                aRunWaveShaping(float, float, float&, float&, ControlConfig const&, FilterGains const&)
 .text._Z15cRunWaveShapingffRfS_RK13ControlConfigRK11FilterGains
                0x00000000100021a0      0x204 CMakeFiles/wireless_tx.dir/src/main2.cpp.obj
                0x00000000100021a0                cRunWaveShaping(float, float, float&, float&, ControlConfig const&, FilterGains const&)
 .text._Z10readSticksiiR7ButtonsR4PinsR8RawStickRKS_RK13ControlConfigRK11FilterGainsRK11StickParamsSF_RfRi.constprop.0
                0x00000000100023a4      0xc98 CMakeFiles/wireless_tx.dir/src/main2.cpp.obj
 .text._Z18computeStickAnglesPfS_S_
                0x000000001000303c       0xf8 CMakeFiles/wireless_tx.dir/src/main2.cpp.obj
                0x000000001000303c                computeStickAngles(float*, float*, float*)
 .text._Z18transformCalPointsPKfS0_PfS1_RK11StickParamsRK13ControlConfig10WhichStick
                0x0000000010003134      0x2b0 CMakeFiles/wireless_tx.dir/src/main2.cpp.obj
                0x0000000010003134                transformCalPoints(float const*, float const*, float*, float*, StickParams const&, ControlConfig const&, WhichStick)
 .text._Z14cleanCalPointsPKfS0_S0_PfS1_S1_S1_P11NotchStatus
                0x00000000100033e4      0x414 CMakeFiles/wireless_tx.dir/src/main2.cpp.obj
                0x00000000100033e4                cleanCalPoints(float const*, float const*, float const*, float*, float*, float*, float*, NotchStatus*)
 .text._Z13legalizeNotchiPfS_P11NotchStatus
                0x00000000100037f8      0x320 CMakeFiles/wireless_tx.dir/src/main2.cpp.obj
                0x00000000100037f8                legalizeNotch(int, float*, float*, NotchStatus*)
 .text._Z12linearizeCalPKfS0_PfS1_R11StickParams
                0x0000000010003b18      0x300 CMakeFiles/wireless_tx.dir/src/main2.cpp.obj
                0x0000000010003b18                linearizeCal(float const*, float const*, float*, float*, StickParams&)
 .text._Z7inversePA3_KfRA3_A3_f
                0x0000000010003e18      0x1f0 CMakeFiles/wireless_tx.dir/src/main2.cpp.obj
                0x0000000010003e18                inverse(float const (*) [3], float (&) [3][3])
 .text._Z14notchCalibratePKfS0_S0_S0_iR11StickParams
                0x0000000010004008      0x2c4 CMakeFiles/wireless_tx.dir/src/main2.cpp.obj
                0x0000000010004008                notchCalibrate(float const*, float const*, float const*, float const*, int, StickParams&)
 .text._Z12freezeSticksiR7ButtonsS0_
                0x00000000100042cc       0x58 CMakeFiles/wireless_tx.dir/src/main2.cpp.obj
                0x00000000100042cc                freezeSticks(int, Buttons&, Buttons&)
 .text._Z12changeRumble8IncreaseR7ButtonsS1_R13ControlConfig
                0x0000000010004324       0xe0 CMakeFiles/wireless_tx.dir/src/main2.cpp.obj
                0x0000000010004324                changeRumble(Increase, Buttons&, Buttons&, ControlConfig&)
 .text._Z14adjustSnapback9WhichAxis8IncreaseR7ButtonsS2_R13ControlConfigR11FilterGainsS6_
                0x0000000010004404      0x11c CMakeFiles/wireless_tx.dir/src/main2.cpp.obj
                0x0000000010004404                adjustSnapback(WhichAxis, Increase, Buttons&, Buttons&, ControlConfig&, FilterGains&, FilterGains&)
 .text._Z17adjustWaveshaping10WhichStick9WhichAxis8IncreaseR7ButtonsS3_R13ControlConfig
                0x0000000010004520      0x19c CMakeFiles/wireless_tx.dir/src/main2.cpp.obj
                0x0000000010004520                adjustWaveshaping(WhichStick, WhichAxis, Increase, Buttons&, Buttons&, ControlConfig&)
 .text._Z15adjustSmoothing9WhichAxis8IncreaseR7ButtonsS2_R13ControlConfigR11FilterGainsS6_
                0x00000000100046bc      0x138 CMakeFiles/wireless_tx.dir/src/main2.cpp.obj
                0x00000000100046bc                adjustSmoothing(WhichAxis, Increase, Buttons&, Buttons&, ControlConfig&, FilterGains&, FilterGains&)
 .text._Z18showAstickSettingsR7ButtonsS0_RK13ControlConfigR11FilterGains
                0x00000000100047f4       0xac CMakeFiles/wireless_tx.dir/src/main2.cpp.obj
                0x00000000100047f4                showAstickSettings(Buttons&, Buttons&, ControlConfig const&, FilterGains&)
 .text._Z21adjustCstickSmoothing9WhichAxis8IncreaseR7ButtonsS2_R13ControlConfigR11FilterGainsS6_
                0x00000000100048a0      0x138 CMakeFiles/wireless_tx.dir/src/main2.cpp.obj
                0x00000000100048a0                adjustCstickSmoothing(WhichAxis, Increase, Buttons&, Buttons&, ControlConfig&, FilterGains&, FilterGains&)
 .text._Z18adjustCstickOffset9WhichAxis8IncreaseR7ButtonsS2_R13ControlConfig
                0x00000000100049d8       0xfc CMakeFiles/wireless_tx.dir/src/main2.cpp.obj
                0x00000000100049d8                adjustCstickOffset(WhichAxis, Increase, Buttons&, Buttons&, ControlConfig&)
 .text._Z18showCstickSettingsR7ButtonsS0_R13ControlConfigR11FilterGains
                0x0000000010004ad4       0xac CMakeFiles/wireless_tx.dir/src/main2.cpp.obj
                0x0000000010004ad4                showCstickSettings(Buttons&, Buttons&, ControlConfig&, FilterGains&)
 .text._Z22adjustCardinalSnapping10WhichStick8IncreaseR7ButtonsS2_R13ControlConfig
                0x0000000010004b80      0x11c CMakeFiles/wireless_tx.dir/src/main2.cpp.obj
                0x0000000010004b80                adjustCardinalSnapping(WhichStick, Increase, Buttons&, Buttons&, ControlConfig&)
 .text._Z18adjustAnalogScaler10WhichStick8IncreaseR7ButtonsS2_R13ControlConfig
                0x0000000010004c9c      0x11c CMakeFiles/wireless_tx.dir/src/main2.cpp.obj
                0x0000000010004c9c                adjustAnalogScaler(WhichStick, Increase, Buttons&, Buttons&, ControlConfig&)
 .text._Z19adjustTriggerOffset12WhichTrigger8IncreaseR7ButtonsS2_R13ControlConfig
                0x0000000010004db8      0x12c CMakeFiles/wireless_tx.dir/src/main2.cpp.obj
                0x0000000010004db8                adjustTriggerOffset(WhichTrigger, Increase, Buttons&, Buttons&, ControlConfig&)
 .text._Z13setJumpConfig10JumpConfigR13ControlConfig
                0x0000000010004ee4       0xb8 CMakeFiles/wireless_tx.dir/src/main2.cpp.obj
                0x0000000010004ee4                setJumpConfig(JumpConfig, ControlConfig&)
 .text._Z11toggleExtra10ExtrasSlotR7ButtonsS1_R13ControlConfig
                0x0000000010004f9c       0x80 CMakeFiles/wireless_tx.dir/src/main2.cpp.obj
                0x0000000010004f9c                toggleExtra(ExtrasSlot, Buttons&, Buttons&, ControlConfig&)
 .text._Z16checkAdjustExtra10ExtrasSlotR7Buttonsb
                0x000000001000501c      0x124 CMakeFiles/wireless_tx.dir/src/main2.cpp.obj
                0x000000001000501c                checkAdjustExtra(ExtrasSlot, Buttons&, bool)
 .text._Z16nextTriggerState12WhichTriggerR7ButtonsS1_R13ControlConfig
                0x0000000010005140       0xf8 CMakeFiles/wireless_tx.dir/src/main2.cpp.obj
                0x0000000010005140                nextTriggerState(WhichTrigger, Buttons&, Buttons&, ControlConfig&)
 .text._Z17initializeButtonsRK4PinsR7ButtonsRiS4_
                0x0000000010005238      0x148 CMakeFiles/wireless_tx.dir/src/main2.cpp.obj
                0x0000000010005238                initializeButtons(Pins const&, Buttons&, int&, int&)
 .text._Z18applyCalFromPoints10WhichStickPfPKfS2_P11NotchStatusS0_R11StickParamsRK13ControlConfig
                0x0000000010005380      0x214 CMakeFiles/wireless_tx.dir/src/main2.cpp.obj
                0x0000000010005380                applyCalFromPoints(WhichStick, float*, float const*, float const*, NotchStatus*, float*, StickParams&, ControlConfig const&)
 .text._Z10readEEPROMR13ControlConfigR11FilterGainsS2_R11StickParamsS4_b
                0x0000000010005594      0x640 CMakeFiles/wireless_tx.dir/src/main2.cpp.obj
                0x0000000010005594                readEEPROM(ControlConfig&, FilterGains&, FilterGains&, StickParams&, StickParams&, bool)
 .text._Z13resetDefaults9HardResetR13ControlConfigR11FilterGainsS3_R11StickParamsS5_b
                0x0000000010005bd4      0x3f4 CMakeFiles/wireless_tx.dir/src/main2.cpp.obj
                0x0000000010005bd4                resetDefaults(HardReset, ControlConfig&, FilterGains&, FilterGains&, StickParams&, StickParams&, bool)
 .text._Z15calibrationUndoRi10WhichStickP11NotchStatus
                0x0000000010005fc8       0xcc CMakeFiles/wireless_tx.dir/src/main2.cpp.obj
                0x0000000010005fc8                calibrationUndo(int&, WhichStick, NotchStatus*)
 .text._Z18calibrationAdvanceR13ControlConfigRi10WhichStickPfS3_RbS3_P11NotchStatusS3_R11StickParamsS8_
                0x0000000010006094      0x5fc CMakeFiles/wireless_tx.dir/src/main2.cpp.obj
                0x0000000010006094                calibrationAdvance(ControlConfig&, int&, WhichStick, float*, float*, bool&, float*, NotchStatus*, float*, StickParams&, StickParams&)
 .text._Z14processButtonsR4PinsR7ButtonsS2_R13ControlConfigR11FilterGainsS6_RiRbPfS9_R10WhichStickP11NotchStatusS9_S9_R11StickParamsSF_
                0x0000000010006690     0x1ef4 CMakeFiles/wireless_tx.dir/src/main2.cpp.obj
                0x0000000010006690                processButtons(Pins&, Buttons&, Buttons&, ControlConfig&, FilterGains&, FilterGains&, int&, bool&, float*, float*, WhichStick&, NotchStatus*, float*, float*, StickParams&, StickParams&)
 .text._Z11second_corev
                0x0000000010008584     0x16e4 CMakeFiles/wireless_tx.dir/src/main2.cpp.obj
                0x0000000010008584                second_core()
 .text.startup.main
                0x0000000010009c68      0x17c CMakeFiles/wireless_tx.dir/src/main2.cpp.obj
                0x0000000010009c68                main
 .text._Z14getStoragePagev.part.0
                0x0000000010009de4     0x1178 CMakeFiles/wireless_tx.dir/src/storage.cpp.obj
 .text._Z14getJumpSettingv
                0x000000001000af5c       0x20 CMakeFiles/wireless_tx.dir/src/storage.cpp.obj
                0x000000001000af5c                getJumpSetting()
 .text._Z14setJumpSetting10JumpConfig
                0x000000001000af7c       0x20 CMakeFiles/wireless_tx.dir/src/storage.cpp.obj
                0x000000001000af7c                setJumpSetting(JumpConfig)
 .text._Z11getLSettingv
                0x000000001000af9c       0x24 CMakeFiles/wireless_tx.dir/src/storage.cpp.obj
                0x000000001000af9c                getLSetting()
 .text._Z11setLSettingi
                0x000000001000afc0       0x40 CMakeFiles/wireless_tx.dir/src/storage.cpp.obj
                0x000000001000afc0                setLSetting(int)
 .text._Z11getRSettingv
                0x000000001000b000       0x24 CMakeFiles/wireless_tx.dir/src/storage.cpp.obj
                0x000000001000b000                getRSetting()
 .text._Z11setRSettingi
                0x000000001000b024       0x40 CMakeFiles/wireless_tx.dir/src/storage.cpp.obj
                0x000000001000b024                setRSetting(int)
 .text._Z17getLOffsetSettingv
                0x000000001000b064       0x24 CMakeFiles/wireless_tx.dir/src/storage.cpp.obj
                0x000000001000b064                getLOffsetSetting()
 .text._Z17setLOffsetSettingi
                0x000000001000b088       0x40 CMakeFiles/wireless_tx.dir/src/storage.cpp.obj
                0x000000001000b088                setLOffsetSetting(int)
 .text._Z17getROffsetSettingv
                0x000000001000b0c8       0x24 CMakeFiles/wireless_tx.dir/src/storage.cpp.obj
                0x000000001000b0c8                getROffsetSetting()
 .text._Z17setROffsetSettingi
                0x000000001000b0ec       0x40 CMakeFiles/wireless_tx.dir/src/storage.cpp.obj
                0x000000001000b0ec                setROffsetSetting(int)
 .text._Z18getCxOffsetSettingv
                0x000000001000b12c       0x24 CMakeFiles/wireless_tx.dir/src/storage.cpp.obj
                0x000000001000b12c                getCxOffsetSetting()
 .text._Z18setCxOffsetSettingi
                0x000000001000b150       0x40 CMakeFiles/wireless_tx.dir/src/storage.cpp.obj
                0x000000001000b150                setCxOffsetSetting(int)
 .text._Z18getCyOffsetSettingv
                0x000000001000b190       0x24 CMakeFiles/wireless_tx.dir/src/storage.cpp.obj
                0x000000001000b190                getCyOffsetSetting()
 .text._Z18setCyOffsetSettingi
                0x000000001000b1b4       0x40 CMakeFiles/wireless_tx.dir/src/storage.cpp.obj
                0x000000001000b1b4                setCyOffsetSetting(int)
 .text._Z19getXSnapbackSettingv
                0x000000001000b1f4       0x24 CMakeFiles/wireless_tx.dir/src/storage.cpp.obj
                0x000000001000b1f4                getXSnapbackSetting()
 .text._Z19setXSnapbackSettingi
                0x000000001000b218       0x40 CMakeFiles/wireless_tx.dir/src/storage.cpp.obj
                0x000000001000b218                setXSnapbackSetting(int)
 .text._Z19getYSnapbackSettingv
                0x000000001000b258       0x24 CMakeFiles/wireless_tx.dir/src/storage.cpp.obj
                0x000000001000b258                getYSnapbackSetting()
 .text._Z19setYSnapbackSettingi
                0x000000001000b27c       0x40 CMakeFiles/wireless_tx.dir/src/storage.cpp.obj
                0x000000001000b27c                setYSnapbackSetting(int)
 .text._Z20getXSmoothingSettingv
                0x000000001000b2bc       0x24 CMakeFiles/wireless_tx.dir/src/storage.cpp.obj
                0x000000001000b2bc                getXSmoothingSetting()
 .text._Z20setXSmoothingSettingi
                0x000000001000b2e0       0x40 CMakeFiles/wireless_tx.dir/src/storage.cpp.obj
                0x000000001000b2e0                setXSmoothingSetting(int)
 .text._Z20getYSmoothingSettingv
                0x000000001000b320       0x24 CMakeFiles/wireless_tx.dir/src/storage.cpp.obj
                0x000000001000b320                getYSmoothingSetting()
 .text._Z20setYSmoothingSettingi
                0x000000001000b344       0x40 CMakeFiles/wireless_tx.dir/src/storage.cpp.obj
                0x000000001000b344                setYSmoothingSetting(int)
 .text._Z21getCxSmoothingSettingv
                0x000000001000b384       0x24 CMakeFiles/wireless_tx.dir/src/storage.cpp.obj
                0x000000001000b384                getCxSmoothingSetting()
 .text._Z21setCxSmoothingSettingi
                0x000000001000b3a8       0x40 CMakeFiles/wireless_tx.dir/src/storage.cpp.obj
                0x000000001000b3a8                setCxSmoothingSetting(int)
 .text._Z21getCySmoothingSettingv
                0x000000001000b3e8       0x24 CMakeFiles/wireless_tx.dir/src/storage.cpp.obj
                0x000000001000b3e8                getCySmoothingSetting()
 .text._Z21setCySmoothingSettingi
                0x000000001000b40c       0x40 CMakeFiles/wireless_tx.dir/src/storage.cpp.obj
                0x000000001000b40c                setCySmoothingSetting(int)
 .text._Z16getRumbleSettingv
                0x000000001000b44c       0x24 CMakeFiles/wireless_tx.dir/src/storage.cpp.obj
                0x000000001000b44c                getRumbleSetting()
 .text._Z16setRumbleSettingi
                0x000000001000b470       0x40 CMakeFiles/wireless_tx.dir/src/storage.cpp.obj
                0x000000001000b470                setRumbleSetting(int)
 .text._Z18getAutoInitSettingv
                0x000000001000b4b0       0x24 CMakeFiles/wireless_tx.dir/src/storage.cpp.obj
                0x000000001000b4b0                getAutoInitSetting()
 .text._Z18setAutoInitSettingi
                0x000000001000b4d4       0x40 CMakeFiles/wireless_tx.dir/src/storage.cpp.obj
                0x000000001000b4d4                setAutoInitSetting(int)
 .text._Z21getWaveshapingSetting10WhichStick9WhichAxis
                0x000000001000b514       0x58 CMakeFiles/wireless_tx.dir/src/storage.cpp.obj
                0x000000001000b514                getWaveshapingSetting(WhichStick, WhichAxis)
 .text._Z21setWaveshapingSettingi10WhichStick9WhichAxis
                0x000000001000b56c       0x5c CMakeFiles/wireless_tx.dir/src/storage.cpp.obj
                0x000000001000b56c                setWaveshapingSetting(int, WhichStick, WhichAxis)
 .text._Z16getPointsSettingPf10WhichStick9WhichAxis
                0x000000001000b5c8       0xa4 CMakeFiles/wireless_tx.dir/src/storage.cpp.obj
                0x000000001000b5c8                getPointsSetting(float*, WhichStick, WhichAxis)
 .text._Z16setPointsSettingPKf10WhichStick9WhichAxis
                0x000000001000b66c      0x118 CMakeFiles/wireless_tx.dir/src/storage.cpp.obj
                0x000000001000b66c                setPointsSetting(float const*, WhichStick, WhichAxis)
 .text._Z21getNotchAnglesSettingPf10WhichStick
                0x000000001000b784      0x1ec CMakeFiles/wireless_tx.dir/src/storage.cpp.obj
                0x000000001000b784                getNotchAnglesSetting(float*, WhichStick)
 .text._Z21setNotchAnglesSettingPKf10WhichStick
                0x000000001000b970      0x520 CMakeFiles/wireless_tx.dir/src/storage.cpp.obj
                0x000000001000b970                setNotchAnglesSetting(float const*, WhichStick)
 .text._Z19getExtrasSettingInt10ExtrasSloti
                0x000000001000be90       0x5c CMakeFiles/wireless_tx.dir/src/storage.cpp.obj
                0x000000001000be90                getExtrasSettingInt(ExtrasSlot, int)
 .text._Z19setExtrasSettingInt10ExtrasSlotii
                0x000000001000beec       0x6c CMakeFiles/wireless_tx.dir/src/storage.cpp.obj
                0x000000001000beec                setExtrasSettingInt(ExtrasSlot, int, int)
 .text._Z16getSchemaSettingv
                0x000000001000bf58       0x2c CMakeFiles/wireless_tx.dir/src/storage.cpp.obj
                0x000000001000bf58                getSchemaSetting()
 .text._Z16setSchemaSettingi
                0x000000001000bf84       0x48 CMakeFiles/wireless_tx.dir/src/storage.cpp.obj
                0x000000001000bf84                setSchemaSetting(int)
 .text._Z26getCardinalSnappingSetting10WhichStick
                0x000000001000bfcc       0x48 CMakeFiles/wireless_tx.dir/src/storage.cpp.obj
                0x000000001000bfcc                getCardinalSnappingSetting(WhichStick)
 .text._Z26setCardinalSnappingSettingi10WhichStick
                0x000000001000c014       0x68 CMakeFiles/wireless_tx.dir/src/storage.cpp.obj
                0x000000001000c014                setCardinalSnappingSetting(int, WhichStick)
 .text._Z22getAnalogScalerSetting10WhichStick
                0x000000001000c07c       0x48 CMakeFiles/wireless_tx.dir/src/storage.cpp.obj
                0x000000001000c07c                getAnalogScalerSetting(WhichStick)
 .text._Z22setAnalogScalerSettingi10WhichStick
                0x000000001000c0c4       0x68 CMakeFiles/wireless_tx.dir/src/storage.cpp.obj
                0x000000001000c0c4                setAnalogScalerSetting(int, WhichStick)
 .text._Z25getInterlaceOffsetSettingv
                0x000000001000c12c       0x2c CMakeFiles/wireless_tx.dir/src/storage.cpp.obj
                0x000000001000c12c                getInterlaceOffsetSetting()
 .text._Z25setInterlaceOffsetSettingi
                0x000000001000c158       0x48 CMakeFiles/wireless_tx.dir/src/storage.cpp.obj
                0x000000001000c158                setInterlaceOffsetSetting(int)
 .text._Z26getTournamentToggleSettingv
                0x000000001000c1a0       0x2c CMakeFiles/wireless_tx.dir/src/storage.cpp.obj
                0x000000001000c1a0                getTournamentToggleSetting()
 .text._Z26setTournamentToggleSettingi
                0x000000001000c1cc       0x48 CMakeFiles/wireless_tx.dir/src/storage.cpp.obj
                0x000000001000c1cc                setTournamentToggleSetting(int)
 .text._ZN11Persistence9commitPtrIVNS_5Pages7StorageEEEvPKT_b
                0x000000001000c214       0x5c CMakeFiles/wireless_tx.dir/src/storage.cpp.obj
                0x000000001000c214                void Persistence::commitPtr<Persistence::Pages::Storage volatile>(Persistence::Pages::Storage volatile const*, bool)
 .text._Z14commitSettingsb
                0x000000001000c270       0x10 CMakeFiles/wireless_tx.dir/src/storage.cpp.obj
                0x000000001000c270                commitSettings(bool)
 .text.gpio_set_function
                0x000000001000c280       0x30 CMakeFiles/wireless_tx.dir/home/heatherdev/pico/pico-sdk/src/rp2_common/hardware_gpio/gpio.c.obj
                0x000000001000c280                gpio_set_function
 .text.gpio_set_pulls
                0x000000001000c2b0       0x30 CMakeFiles/wireless_tx.dir/home/heatherdev/pico/pico-sdk/src/rp2_common/hardware_gpio/gpio.c.obj
                0x000000001000c2b0                gpio_set_pulls
 .text.gpio_set_input_enabled
                0x000000001000c2e0       0x28 CMakeFiles/wireless_tx.dir/home/heatherdev/pico/pico-sdk/src/rp2_common/hardware_gpio/gpio.c.obj
                0x000000001000c2e0                gpio_set_input_enabled
 .text.gpio_init
                0x000000001000c308       0x3c CMakeFiles/wireless_tx.dir/home/heatherdev/pico/pico-sdk/src/rp2_common/hardware_gpio/gpio.c.obj
                0x000000001000c308                gpio_init
 .text.running_on_fpga
                0x000000001000c344       0x10 CMakeFiles/wireless_tx.dir/home/heatherdev/pico/pico-sdk/src/rp2_common/pico_platform/platform.c.obj
                0x000000001000c344                running_on_fpga
 .text.hw_claim_lock
                0x000000001000c354       0x18 CMakeFiles/wireless_tx.dir/home/heatherdev/pico/pico-sdk/src/rp2_common/hardware_claim/claim.c.obj
                0x000000001000c354                hw_claim_lock
 .text.hw_claim_unlock
                0x000000001000c36c       0x14 CMakeFiles/wireless_tx.dir/home/heatherdev/pico/pico-sdk/src/rp2_common/hardware_claim/claim.c.obj
                0x000000001000c36c                hw_claim_unlock
 .text.hw_claim_or_assert
                0x000000001000c380       0x44 CMakeFiles/wireless_tx.dir/home/heatherdev/pico/pico-sdk/src/rp2_common/hardware_claim/claim.c.obj
                0x000000001000c380                hw_claim_or_assert
 .text.hw_claim_unused_from_range
                0x000000001000c3c4       0x9c CMakeFiles/wireless_tx.dir/home/heatherdev/pico/pico-sdk/src/rp2_common/hardware_claim/claim.c.obj
                0x000000001000c3c4                hw_claim_unused_from_range
 .text.spin_locks_reset
                0x000000001000c460       0x1c CMakeFiles/wireless_tx.dir/home/heatherdev/pico/pico-sdk/src/rp2_common/hardware_sync/sync.c.obj
                0x000000001000c460                spin_locks_reset
 .text.next_striped_spin_lock_num
                0x000000001000c47c       0x18 CMakeFiles/wireless_tx.dir/home/heatherdev/pico/pico-sdk/src/rp2_common/hardware_sync/sync.c.obj
                0x000000001000c47c                next_striped_spin_lock_num
 .text.spin_lock_claim_unused
                0x000000001000c494       0x20 CMakeFiles/wireless_tx.dir/home/heatherdev/pico/pico-sdk/src/rp2_common/hardware_sync/sync.c.obj
                0x000000001000c494                spin_lock_claim_unused
 .text.irq_set_enabled
                0x000000001000c4b4       0x24 CMakeFiles/wireless_tx.dir/home/heatherdev/pico/pico-sdk/src/rp2_common/hardware_irq/irq.c.obj
                0x000000001000c4b4                irq_set_enabled
 .text.irq_is_enabled
                0x000000001000c4d8       0x18 CMakeFiles/wireless_tx.dir/home/heatherdev/pico/pico-sdk/src/rp2_common/hardware_irq/irq.c.obj
                0x000000001000c4d8                irq_is_enabled
 .text.irq_set_pending
                0x000000001000c4f0       0x10 CMakeFiles/wireless_tx.dir/home/heatherdev/pico/pico-sdk/src/rp2_common/hardware_irq/irq.c.obj
                0x000000001000c4f0                irq_set_pending
 .text.irq_has_shared_handler
                0x000000001000c500       0x2c CMakeFiles/wireless_tx.dir/home/heatherdev/pico/pico-sdk/src/rp2_common/hardware_irq/irq.c.obj
                0x000000001000c500                irq_has_shared_handler
 .text.irq_get_vtable_handler
                0x000000001000c52c       0x10 CMakeFiles/wireless_tx.dir/home/heatherdev/pico/pico-sdk/src/rp2_common/hardware_irq/irq.c.obj
                0x000000001000c52c                irq_get_vtable_handler
 .text.irq_set_exclusive_handler
                0x000000001000c53c       0x54 CMakeFiles/wireless_tx.dir/home/heatherdev/pico/pico-sdk/src/rp2_common/hardware_irq/irq.c.obj
                0x000000001000c53c                irq_set_exclusive_handler
 .text.irq_add_shared_handler
                0x000000001000c590      0x1e8 CMakeFiles/wireless_tx.dir/home/heatherdev/pico/pico-sdk/src/rp2_common/hardware_irq/irq.c.obj
                0x000000001000c590                irq_add_shared_handler
 .text.irq_remove_handler
                0x000000001000c778      0x1b0 CMakeFiles/wireless_tx.dir/home/heatherdev/pico/pico-sdk/src/rp2_common/hardware_irq/irq.c.obj
                0x000000001000c778                irq_remove_handler
 .text.irq_add_tail_to_free_list
                0x000000001000c928       0xb4 CMakeFiles/wireless_tx.dir/home/heatherdev/pico/pico-sdk/src/rp2_common/hardware_irq/irq.c.obj
                0x000000001000c928                irq_add_tail_to_free_list
 .text.irq_init_priorities
                0x000000001000c9dc       0x24 CMakeFiles/wireless_tx.dir/home/heatherdev/pico/pico-sdk/src/rp2_common/hardware_irq/irq.c.obj
                0x000000001000c9dc                irq_init_priorities
 .text.user_irq_claim_unused
                0x000000001000ca00       0x28 CMakeFiles/wireless_tx.dir/home/heatherdev/pico/pico-sdk/src/rp2_common/hardware_irq/irq.c.obj
                0x000000001000ca00                user_irq_claim_unused
 .text.lock_init
                0x000000001000ca28       0x10 CMakeFiles/wireless_tx.dir/home/heatherdev/pico/pico-sdk/src/common/pico_sync/lock_core.c.obj
                0x000000001000ca28                lock_init
 .text.mutex_init
                0x000000001000ca38       0x1c CMakeFiles/wireless_tx.dir/home/heatherdev/pico/pico-sdk/src/common/pico_sync/mutex.c.obj
                0x000000001000ca38                mutex_init
 .text.recursive_mutex_init
                0x000000001000ca54       0x1c CMakeFiles/wireless_tx.dir/home/heatherdev/pico/pico-sdk/src/common/pico_sync/mutex.c.obj
                0x000000001000ca54                recursive_mutex_init
 .text.critical_section_init
                0x000000001000ca70       0x20 CMakeFiles/wireless_tx.dir/home/heatherdev/pico/pico-sdk/src/common/pico_sync/critical_section.c.obj
                0x000000001000ca70                critical_section_init
 .text.critical_section_init_with_lock_num
                0x000000001000ca90       0x14 CMakeFiles/wireless_tx.dir/home/heatherdev/pico/pico-sdk/src/common/pico_sync/critical_section.c.obj
                0x000000001000ca90                critical_section_init_with_lock_num
 .text.timer_pool_entry_comparator
                0x000000001000caa4       0x34 CMakeFiles/wireless_tx.dir/home/heatherdev/pico/pico-sdk/src/common/pico_time/time.c.obj
                0x000000001000caa4                timer_pool_entry_comparator
 .text.sleep_until_callback
                0x000000001000cad8       0x30 CMakeFiles/wireless_tx.dir/home/heatherdev/pico/pico-sdk/src/common/pico_time/time.c.obj
 .text.add_alarm_under_lock.isra.0
                0x000000001000cb08      0x100 CMakeFiles/wireless_tx.dir/home/heatherdev/pico/pico-sdk/src/common/pico_time/time.c.obj
 .text.alarm_pool_alarm_callback
                0x000000001000cc08      0x1bc CMakeFiles/wireless_tx.dir/home/heatherdev/pico/pico-sdk/src/common/pico_time/time.c.obj
 .text.alarm_pool_init_default
                0x000000001000cdc4       0x6c CMakeFiles/wireless_tx.dir/home/heatherdev/pico/pico-sdk/src/common/pico_time/time.c.obj
                0x000000001000cdc4                alarm_pool_init_default
 .text.alarm_pool_get_default
                0x000000001000ce30        0x8 CMakeFiles/wireless_tx.dir/home/heatherdev/pico/pico-sdk/src/common/pico_time/time.c.obj
                0x000000001000ce30                alarm_pool_get_default
 .text.alarm_pool_add_alarm_at
                0x000000001000ce38      0x178 CMakeFiles/wireless_tx.dir/home/heatherdev/pico/pico-sdk/src/common/pico_time/time.c.obj
                0x000000001000ce38                alarm_pool_add_alarm_at
 .text.alarm_pool_core_num
                0x000000001000cfb0        0x4 CMakeFiles/wireless_tx.dir/home/heatherdev/pico/pico-sdk/src/common/pico_time/time.c.obj
                0x000000001000cfb0                alarm_pool_core_num
 .text.sleep_until
                0x000000001000cfb4       0xc4 CMakeFiles/wireless_tx.dir/home/heatherdev/pico/pico-sdk/src/common/pico_time/time.c.obj
                0x000000001000cfb4                sleep_until
 .text.sleep_us
                0x000000001000d078       0x24 CMakeFiles/wireless_tx.dir/home/heatherdev/pico/pico-sdk/src/common/pico_time/time.c.obj
                0x000000001000d078                sleep_us
 .text.sleep_ms
                0x000000001000d09c       0x34 CMakeFiles/wireless_tx.dir/home/heatherdev/pico/pico-sdk/src/common/pico_time/time.c.obj
                0x000000001000d09c                sleep_ms
 .text.best_effort_wfe_or_timeout
                0x000000001000d0d0       0xd4 CMakeFiles/wireless_tx.dir/home/heatherdev/pico/pico-sdk/src/common/pico_time/time.c.obj
                0x000000001000d0d0                best_effort_wfe_or_timeout
 .text.hardware_alarm_irq_handler
                0x000000001000d1a4       0xbc CMakeFiles/wireless_tx.dir/home/heatherdev/pico/pico-sdk/src/rp2_common/hardware_timer/timer.c.obj
 .text.hardware_alarm_claim
                0x000000001000d260       0x18 CMakeFiles/wireless_tx.dir/home/heatherdev/pico/pico-sdk/src/rp2_common/hardware_timer/timer.c.obj
                0x000000001000d260                hardware_alarm_claim
 .text.time_us_64
                0x000000001000d278       0x14 CMakeFiles/wireless_tx.dir/home/heatherdev/pico/pico-sdk/src/rp2_common/hardware_timer/timer.c.obj
                0x000000001000d278                time_us_64
 .text.busy_wait_until
                0x000000001000d28c       0x20 CMakeFiles/wireless_tx.dir/home/heatherdev/pico/pico-sdk/src/rp2_common/hardware_timer/timer.c.obj
                0x000000001000d28c                busy_wait_until
 .text.hardware_alarm_set_callback
                0x000000001000d2ac       0x8c CMakeFiles/wireless_tx.dir/home/heatherdev/pico/pico-sdk/src/rp2_common/hardware_timer/timer.c.obj
                0x000000001000d2ac                hardware_alarm_set_callback
 .text.hardware_alarm_set_target
                0x000000001000d338       0xd4 CMakeFiles/wireless_tx.dir/home/heatherdev/pico/pico-sdk/src/rp2_common/hardware_timer/timer.c.obj
                0x000000001000d338                hardware_alarm_set_target
 .text.hardware_alarm_cancel
                0x000000001000d40c       0x3c CMakeFiles/wireless_tx.dir/home/heatherdev/pico/pico-sdk/src/rp2_common/hardware_timer/timer.c.obj
                0x000000001000d40c                hardware_alarm_cancel
 .text.ph_merge_nodes
                0x000000001000d448       0x68 CMakeFiles/wireless_tx.dir/home/heatherdev/pico/pico-sdk/src/common/pico_util/pheap.c.obj
 .text.ph_post_alloc_init
                0x000000001000d4b0       0x3c CMakeFiles/wireless_tx.dir/home/heatherdev/pico/pico-sdk/src/common/pico_util/pheap.c.obj
                0x000000001000d4b0                ph_post_alloc_init
 .text.ph_merge_two_pass
                0x000000001000d4ec       0x90 CMakeFiles/wireless_tx.dir/home/heatherdev/pico/pico-sdk/src/common/pico_util/pheap.c.obj
                0x000000001000d4ec                ph_merge_two_pass
 .text.ph_remove_any_head
                0x000000001000d57c      0x100 CMakeFiles/wireless_tx.dir/home/heatherdev/pico/pico-sdk/src/common/pico_util/pheap.c.obj
 .text.ph_remove_head
                0x000000001000d67c      0x104 CMakeFiles/wireless_tx.dir/home/heatherdev/pico/pico-sdk/src/common/pico_util/pheap.c.obj
                0x000000001000d67c                ph_remove_head
 .text.ph_remove_and_free_node
                0x000000001000d780       0x7c CMakeFiles/wireless_tx.dir/home/heatherdev/pico/pico-sdk/src/common/pico_util/pheap.c.obj
                0x000000001000d780                ph_remove_and_free_node
 .text.clocks_init
                0x000000001000d7fc      0x2d0 CMakeFiles/wireless_tx.dir/home/heatherdev/pico/pico-sdk/src/rp2_common/hardware_clocks/clocks.c.obj
                0x000000001000d7fc                clocks_init
 .text.clock_get_hz
                0x000000001000dacc        0xc CMakeFiles/wireless_tx.dir/home/heatherdev/pico/pico-sdk/src/rp2_common/hardware_clocks/clocks.c.obj
                0x000000001000dacc                clock_get_hz
 .text.pll_init
                0x000000001000dad8       0xa0 CMakeFiles/wireless_tx.dir/home/heatherdev/pico/pico-sdk/src/rp2_common/hardware_pll/pll.c.obj
                0x000000001000dad8                pll_init
 .text.watchdog_start_tick
                0x000000001000db78       0x10 CMakeFiles/wireless_tx.dir/home/heatherdev/pico/pico-sdk/src/rp2_common/hardware_watchdog/watchdog.c.obj
                0x000000001000db78                watchdog_start_tick
 .text.watchdog_reboot
                0x000000001000db88       0x98 CMakeFiles/wireless_tx.dir/home/heatherdev/pico/pico-sdk/src/rp2_common/hardware_watchdog/watchdog.c.obj
                0x000000001000db88                watchdog_reboot
 .text.xosc_init
                0x000000001000dc20       0x28 CMakeFiles/wireless_tx.dir/home/heatherdev/pico/pico-sdk/src/rp2_common/hardware_xosc/xosc.c.obj
                0x000000001000dc20                xosc_init
 .text.runtime_init
                0x000000001000dc48       0xf0 CMakeFiles/wireless_tx.dir/home/heatherdev/pico/pico-sdk/src/rp2_common/pico_runtime/runtime.c.obj
                0x000000001000dc48                runtime_init
 .text._exit    0x000000001000dd38        0x4 CMakeFiles/wireless_tx.dir/home/heatherdev/pico/pico-sdk/src/rp2_common/pico_runtime/runtime.c.obj
                0x000000001000dd38                _exit
 .text._sbrk    0x000000001000dd3c       0x34 CMakeFiles/wireless_tx.dir/home/heatherdev/pico/pico-sdk/src/rp2_common/pico_runtime/runtime.c.obj
                0x000000001000dd3c                _sbrk
 .text._getpid  0x000000001000dd70        0x4 CMakeFiles/wireless_tx.dir/home/heatherdev/pico/pico-sdk/src/rp2_common/pico_runtime/runtime.c.obj
                0x000000001000dd70                _getpid
 .text._kill    0x000000001000dd74        0x8 CMakeFiles/wireless_tx.dir/home/heatherdev/pico/pico-sdk/src/rp2_common/pico_runtime/runtime.c.obj
                0x000000001000dd74                _kill
 .text.exit     0x000000001000dd7c        0x8 CMakeFiles/wireless_tx.dir/home/heatherdev/pico/pico-sdk/src/rp2_common/pico_runtime/runtime.c.obj
                0x000000001000dd7c                exit
 .text.panic    0x000000001000dd84       0x30 CMakeFiles/wireless_tx.dir/home/heatherdev/pico/pico-sdk/src/rp2_common/pico_runtime/runtime.c.obj
                0x000000001000dd84                panic
 .text.hard_assertion_failure
                0x000000001000ddb4        0xc CMakeFiles/wireless_tx.dir/home/heatherdev/pico/pico-sdk/src/rp2_common/pico_runtime/runtime.c.obj
                0x000000001000ddb4                hard_assertion_failure
 .text._out_null
                0x000000001000ddc0        0x4 CMakeFiles/wireless_tx.dir/home/heatherdev/pico/pico-sdk/src/rp2_common/pico_printf/printf.c.obj
 .text._out_rev
                0x000000001000ddc4       0x9c CMakeFiles/wireless_tx.dir/home/heatherdev/pico/pico-sdk/src/rp2_common/pico_printf/printf.c.obj
 .text._ntoa_format
                0x000000001000de60      0x1cc CMakeFiles/wireless_tx.dir/home/heatherdev/pico/pico-sdk/src/rp2_common/pico_printf/printf.c.obj
 .text._out_char
                0x000000001000e02c       0x10 CMakeFiles/wireless_tx.dir/home/heatherdev/pico/pico-sdk/src/rp2_common/pico_printf/printf.c.obj
 .text._out_fct
                0x000000001000e03c       0x10 CMakeFiles/wireless_tx.dir/home/heatherdev/pico/pico-sdk/src/rp2_common/pico_printf/printf.c.obj
 .text._etoa    0x000000001000e04c      0x44c CMakeFiles/wireless_tx.dir/home/heatherdev/pico/pico-sdk/src/rp2_common/pico_printf/printf.c.obj
 .text._ftoa    0x000000001000e498      0x398 CMakeFiles/wireless_tx.dir/home/heatherdev/pico/pico-sdk/src/rp2_common/pico_printf/printf.c.obj
 .text._vsnprintf
                0x000000001000e830      0xb04 CMakeFiles/wireless_tx.dir/home/heatherdev/pico/pico-sdk/src/rp2_common/pico_printf/printf.c.obj
 .text.vfctprintf
                0x000000001000f334       0x20 CMakeFiles/wireless_tx.dir/home/heatherdev/pico/pico-sdk/src/rp2_common/pico_printf/printf.c.obj
                0x000000001000f334                vfctprintf
 .text.weak_raw_vprintf
                0x000000001000f354       0x30 CMakeFiles/wireless_tx.dir/home/heatherdev/pico/pico-sdk/src/rp2_common/pico_printf/printf.c.obj
                0x000000001000f354                weak_raw_vprintf
 .text          0x000000001000f384       0x10 CMakeFiles/wireless_tx.dir/home/heatherdev/pico/pico-sdk/src/rp2_common/pico_bit_ops/bit_ops_aeabi.S.obj
 .text.rom_func_lookup
                0x000000001000f394       0x10 CMakeFiles/wireless_tx.dir/home/heatherdev/pico/pico-sdk/src/rp2_common/pico_bootrom/bootrom.c.obj
                0x000000001000f394                rom_func_lookup
 .text.rom_data_lookup
                0x000000001000f3a4       0x10 CMakeFiles/wireless_tx.dir/home/heatherdev/pico/pico-sdk/src/rp2_common/pico_bootrom/bootrom.c.obj
                0x000000001000f3a4                rom_data_lookup
 .text.rom_funcs_lookup
                0x000000001000f3b4       0x44 CMakeFiles/wireless_tx.dir/home/heatherdev/pico/pico-sdk/src/rp2_common/pico_bootrom/bootrom.c.obj
                0x000000001000f3b4                rom_funcs_lookup
 .text.__wrap___aeabi_idiv
                0x000000001000f3f8       0x50 CMakeFiles/wireless_tx.dir/home/heatherdev/pico/pico-sdk/src/rp2_common/pico_divider/divider.S.obj
                0x000000001000f3f8                __wrap___aeabi_idivmod
                0x000000001000f3f8                divmod_s32s32
                0x000000001000f3f8                div_s32s32
                0x000000001000f3f8                __wrap___aeabi_idiv
                0x000000001000f400                divmod_s32s32_unsafe
                0x000000001000f42c                divmod_s32s32_savestate
 .text.__wrap___aeabi_uidiv
                0x000000001000f448       0x4c CMakeFiles/wireless_tx.dir/home/heatherdev/pico/pico-sdk/src/rp2_common/pico_divider/divider.S.obj
                0x000000001000f448                __wrap___aeabi_uidiv
                0x000000001000f448                __wrap___aeabi_uidivmod
                0x000000001000f448                div_u32u32
                0x000000001000f448                divmod_u32u32
                0x000000001000f450                divmod_u32u32_unsafe
                0x000000001000f478                divmod_u32u32_savestate
 .text.__wrap___aeabi_ldiv
                0x000000001000f494      0x424 CMakeFiles/wireless_tx.dir/home/heatherdev/pico/pico-sdk/src/rp2_common/pico_divider/divider.S.obj
                0x000000001000f494                div_s64s64
                0x000000001000f494                divmod_s64s64
                0x000000001000f494                __wrap___aeabi_ldivmod
                0x000000001000f4c4                div_u64u64
                0x000000001000f4c4                divmod_u64u64
                0x000000001000f4c4                __wrap___aeabi_uldivmod
                0x000000001000f4d4                divmod_u64u64_savestate
                0x000000001000f4f4                divmod_s64s64_unsafe
                0x000000001000f57c                divmod_u64u64_unsafe
 .text.__wrap___aeabi_darithmetic
                0x000000001000f8b8       0x80 CMakeFiles/wireless_tx.dir/home/heatherdev/pico/pico-sdk/src/rp2_common/pico_double/double_aeabi.S.obj
                0x000000001000f8b8                __wrap___aeabi_drsub
                0x000000001000f8be                __wrap___aeabi_dsub
                0x000000001000f8d0                __wrap___aeabi_dadd
                0x000000001000f8e2                __wrap___aeabi_ddiv
                0x000000001000f91e                __wrap___aeabi_dmul
 .text.__wrap___aeabi_cdcmple
                0x000000001000f938       0x6c CMakeFiles/wireless_tx.dir/home/heatherdev/pico/pico-sdk/src/rp2_common/pico_double/double_aeabi.S.obj
                0x000000001000f938                __wrap___aeabi_cdrcmple
                0x000000001000f948                __wrap___aeabi_cdcmple
                0x000000001000f948                __wrap___aeabi_cdcmpeq
 .text.__wrap___aeabi_dcmpeq
                0x000000001000f9a4       0x10 CMakeFiles/wireless_tx.dir/home/heatherdev/pico/pico-sdk/src/rp2_common/pico_double/double_aeabi.S.obj
                0x000000001000f9a4                __wrap___aeabi_dcmpeq
 .text.__wrap___aeabi_dcmplt
                0x000000001000f9b4        0xc CMakeFiles/wireless_tx.dir/home/heatherdev/pico/pico-sdk/src/rp2_common/pico_double/double_aeabi.S.obj
                0x000000001000f9b4                __wrap___aeabi_dcmplt
 .text.__wrap___aeabi_dcmple
                0x000000001000f9c0       0x10 CMakeFiles/wireless_tx.dir/home/heatherdev/pico/pico-sdk/src/rp2_common/pico_double/double_aeabi.S.obj
                0x000000001000f9c0                __wrap___aeabi_dcmple
 .text.__wrap___aeabi_dcmpge
                0x000000001000f9d0       0x10 CMakeFiles/wireless_tx.dir/home/heatherdev/pico/pico-sdk/src/rp2_common/pico_double/double_aeabi.S.obj
                0x000000001000f9d0                __wrap___aeabi_dcmpge
 .text.__wrap___aeabi_dcmpgt
                0x000000001000f9e0        0xa CMakeFiles/wireless_tx.dir/home/heatherdev/pico/pico-sdk/src/rp2_common/pico_double/double_aeabi.S.obj
                0x000000001000f9e0                __wrap___aeabi_dcmpgt
 .text.__wrap___aeabi_dcmpun
                0x000000001000f9ea       0x1c CMakeFiles/wireless_tx.dir/home/heatherdev/pico/pico-sdk/src/rp2_common/pico_double/double_aeabi.S.obj
                0x000000001000f9ea                __wrap___aeabi_dcmpun
 *fill*         0x000000001000fa06        0x2 
 .text.__wrap___aeabi_i2d
                0x000000001000fa08       0x38 CMakeFiles/wireless_tx.dir/home/heatherdev/pico/pico-sdk/src/rp2_common/pico_double/double_aeabi.S.obj
                0x000000001000fa08                __wrap___aeabi_ui2d
                0x000000001000fa10                __wrap___aeabi_i2d
 .text.__wrap___aeabi_d2iz
                0x000000001000fa40       0x48 CMakeFiles/wireless_tx.dir/home/heatherdev/pico/pico-sdk/src/rp2_common/pico_double/double_aeabi.S.obj
                0x000000001000fa40                __wrap___aeabi_d2iz
                0x000000001000fa40                double2int_z
 .text.__wrap___aeabi_d2uiz
                0x000000001000fa88       0x18 CMakeFiles/wireless_tx.dir/home/heatherdev/pico/pico-sdk/src/rp2_common/pico_double/double_aeabi.S.obj
                0x000000001000fa88                double2uint
                0x000000001000fa88                __wrap___aeabi_d2uiz
 .text.__wrap___aeabi_d2f
                0x000000001000faa0       0x18 CMakeFiles/wireless_tx.dir/home/heatherdev/pico/pico-sdk/src/rp2_common/pico_double/double_aeabi.S.obj
                0x000000001000faa0                __wrap___aeabi_d2f
 .text.__wrap_srqt
                0x000000001000fab8       0x18 CMakeFiles/wireless_tx.dir/home/heatherdev/pico/pico-sdk/src/rp2_common/pico_double/double_aeabi.S.obj
                0x000000001000fab8                __wrap_sqrt
 .text.__wrap_exp
                0x000000001000fad0       0x18 CMakeFiles/wireless_tx.dir/home/heatherdev/pico/pico-sdk/src/rp2_common/pico_double/double_aeabi.S.obj
                0x000000001000fad0                __wrap_exp
 .text.__wrap_log
                0x000000001000fae8       0x18 CMakeFiles/wireless_tx.dir/home/heatherdev/pico/pico-sdk/src/rp2_common/pico_double/double_aeabi.S.obj
                0x000000001000fae8                __wrap_log
 .text.__aeabi_double_init
                0x000000001000fb00       0x94 CMakeFiles/wireless_tx.dir/home/heatherdev/pico/pico-sdk/src/rp2_common/pico_double/double_init_rom.c.obj
                0x000000001000fb00                __aeabi_double_init
 .text.dpow_1   0x000000001000fb94      0x274 CMakeFiles/wireless_tx.dir/home/heatherdev/pico/pico-sdk/src/rp2_common/pico_double/double_math.c.obj
 .text.dpow_int2
                0x000000001000fe08       0xf8 CMakeFiles/wireless_tx.dir/home/heatherdev/pico/pico-sdk/src/rp2_common/pico_double/double_math.c.obj
 .text.dpow_0   0x000000001000ff00      0x1cc CMakeFiles/wireless_tx.dir/home/heatherdev/pico/pico-sdk/src/rp2_common/pico_double/double_math.c.obj
 .text.__wrap_ldexp
                0x00000000100100cc       0x4c CMakeFiles/wireless_tx.dir/home/heatherdev/pico/pico-sdk/src/rp2_common/pico_double/double_math.c.obj
                0x00000000100100cc                __wrap_ldexp
 .text.__wrap_round
                0x0000000010010118       0xa0 CMakeFiles/wireless_tx.dir/home/heatherdev/pico/pico-sdk/src/rp2_common/pico_double/double_math.c.obj
                0x0000000010010118                __wrap_round
 .text.__wrap_exp2
                0x00000000100101b8       0xbc CMakeFiles/wireless_tx.dir/home/heatherdev/pico/pico-sdk/src/rp2_common/pico_double/double_math.c.obj
                0x00000000100101b8                __wrap_exp2
 .text.__wrap_pow
                0x0000000010010274      0x314 CMakeFiles/wireless_tx.dir/home/heatherdev/pico/pico-sdk/src/rp2_common/pico_double/double_math.c.obj
                0x0000000010010274                __wrap_pow
 .text.double_table_shim_on_use_helper
                0x0000000010010588       0x2c CMakeFiles/wireless_tx.dir/home/heatherdev/pico/pico-sdk/src/rp2_common/pico_double/double_v1_rom_shim.S.obj
                0x0000000010010588                double_table_shim_on_use_helper
 .text.__wrap___aeabi_dsub
                0x00000000100105b4       0x10 CMakeFiles/wireless_tx.dir/home/heatherdev/pico/pico-sdk/src/rp2_common/pico_double/double_v1_rom_shim.S.obj
                0x00000000100105b4                drsub_shim
                0x00000000100105ba                dsub_shim
 .text.dadd_shim
                0x00000000100105c4      0x15c CMakeFiles/wireless_tx.dir/home/heatherdev/pico/pico-sdk/src/rp2_common/pico_double/double_v1_rom_shim.S.obj
                0x00000000100105c4                dadd_shim
 .text.dmul_shim
                0x0000000010010720      0x15c CMakeFiles/wireless_tx.dir/home/heatherdev/pico/pico-sdk/src/rp2_common/pico_double/double_v1_rom_shim.S.obj
                0x0000000010010720                dmul_shim
 .text.ddiv_shim
                0x000000001001087c      0x1b0 CMakeFiles/wireless_tx.dir/home/heatherdev/pico/pico-sdk/src/rp2_common/pico_double/double_v1_rom_shim.S.obj
                0x000000001001087c                ddiv_shim
 .text.dsqrt_shim
                0x0000000010010a2c      0x1a8 CMakeFiles/wireless_tx.dir/home/heatherdev/pico/pico-sdk/src/rp2_common/pico_double/double_v1_rom_shim.S.obj
                0x0000000010010a48                dsqrt_shim
 .text.double2uint_shim
                0x0000000010010bd4        0xe CMakeFiles/wireless_tx.dir/home/heatherdev/pico/pico-sdk/src/rp2_common/pico_double/double_v1_rom_shim.S.obj
                0x0000000010010bd4                double2uint_shim
                0x0000000010010bd6                double2ufix_shim
 *fill*         0x0000000010010be2        0x2 
 .text.double2uint64_shim
                0x0000000010010be4       0x70 CMakeFiles/wireless_tx.dir/home/heatherdev/pico/pico-sdk/src/rp2_common/pico_double/double_v1_rom_shim.S.obj
                0x0000000010010be4                double2uint64_shim
                0x0000000010010be6                double2ufix64_shim
                0x0000000010010c06                d2fix_a
 .text.double2float_shim
                0x0000000010010c54       0x5c CMakeFiles/wireless_tx.dir/home/heatherdev/pico/pico-sdk/src/rp2_common/pico_double/double_v1_rom_shim.S.obj
                0x0000000010010c54                double2float_shim
 .text.x2double_shims
                0x0000000010010cb0       0x90 CMakeFiles/wireless_tx.dir/home/heatherdev/pico/pico-sdk/src/rp2_common/pico_double/double_v1_rom_shim.S.obj
                0x0000000010010cb0                uint2double_shim
                0x0000000010010cb2                ufix2double_shim
                0x0000000010010cb8                int2double_shim
                0x0000000010010cba                fix2double_shim
                0x0000000010010cc0                uint642double_shim
                0x0000000010010cc2                ufix642double_shim
                0x0000000010010cc8                int642double_shim
                0x0000000010010cca                fix642double_shim
 .text.dunpacks
                0x0000000010010d40       0x3c CMakeFiles/wireless_tx.dir/home/heatherdev/pico/pico-sdk/src/rp2_common/pico_double/double_v1_rom_shim.S.obj
                0x0000000010010d40                dunpacks
 .text.dreduce  0x0000000010010d7c       0x82 CMakeFiles/wireless_tx.dir/home/heatherdev/pico/pico-sdk/src/rp2_common/pico_double/double_v1_rom_shim.S.obj
                0x0000000010010d7c                dreduce
 *fill*         0x0000000010010dfe        0x2 
 .text.dexp_guts
                0x0000000010010e00      0x268 CMakeFiles/wireless_tx.dir/home/heatherdev/pico/pico-sdk/src/rp2_common/pico_double/double_v1_rom_shim.S.obj
                0x0000000010010e00                dexp_shim
                0x0000000010010e9c                dln_shim
 .text.__aeabi_lmul
                0x0000000010011068       0x32 CMakeFiles/wireless_tx.dir/home/heatherdev/pico/pico-sdk/src/rp2_common/pico_int64_ops/pico_int64_ops_aeabi.S.obj
                0x0000000010011068                __wrap___aeabi_lmul
 *fill*         0x000000001001109a        0x2 
 .text.__wrap___aeabi_farithmetic
                0x000000001001109c       0x48 CMakeFiles/wireless_tx.dir/home/heatherdev/pico/pico-sdk/src/rp2_common/pico_float/float_aeabi.S.obj
                0x000000001001109c                __wrap___aeabi_frsub
                0x00000000100110a2                __wrap___aeabi_fsub
                0x00000000100110a8                __wrap___aeabi_fadd
                0x00000000100110ae                __wrap___aeabi_fdiv
                0x00000000100110d6                __wrap___aeabi_fmul
 .text.__wrap___aeabi_cfcmple
                0x00000000100110e4       0x50 CMakeFiles/wireless_tx.dir/home/heatherdev/pico/pico-sdk/src/rp2_common/pico_float/float_aeabi.S.obj
                0x00000000100110e4                __wrap___aeabi_cfrcmple
                0x00000000100110f0                __wrap___aeabi_cfcmpeq
                0x00000000100110f0                __wrap___aeabi_cfcmple
 .text.__wrap___aeabi_fcmplt
                0x0000000010011134        0xc CMakeFiles/wireless_tx.dir/home/heatherdev/pico/pico-sdk/src/rp2_common/pico_float/float_aeabi.S.obj
                0x0000000010011134                __wrap___aeabi_fcmplt
 .text.__wrap___aeabi_fcmpge
                0x0000000010011140       0x10 CMakeFiles/wireless_tx.dir/home/heatherdev/pico/pico-sdk/src/rp2_common/pico_float/float_aeabi.S.obj
                0x0000000010011140                __wrap___aeabi_fcmpge
 .text.__wrap___aeabi_fcmpgt
                0x0000000010011150        0xa CMakeFiles/wireless_tx.dir/home/heatherdev/pico/pico-sdk/src/rp2_common/pico_float/float_aeabi.S.obj
                0x0000000010011150                __wrap___aeabi_fcmpgt
 .text.__wrap___aeabi_ui2f
                0x000000001001115a        0xa CMakeFiles/wireless_tx.dir/home/heatherdev/pico/pico-sdk/src/rp2_common/pico_float/float_aeabi.S.obj
                0x000000001001115a                __wrap___aeabi_ui2f
 .text.__wrap___aeabi_i2f
                0x0000000010011164       0x44 CMakeFiles/wireless_tx.dir/home/heatherdev/pico/pico-sdk/src/rp2_common/pico_float/float_aeabi.S.obj
                0x0000000010011164                __wrap___aeabi_i2f
 .text.__wrap___aeabi_f2iz
                0x00000000100111a8       0x4e CMakeFiles/wireless_tx.dir/home/heatherdev/pico/pico-sdk/src/rp2_common/pico_float/float_aeabi.S.obj
                0x00000000100111a8                __wrap___aeabi_f2iz
                0x00000000100111a8                float2int_z
 *fill*         0x00000000100111f6        0x2 
 .text.float2int
                0x00000000100111f8       0x14 CMakeFiles/wireless_tx.dir/home/heatherdev/pico/pico-sdk/src/rp2_common/pico_float/float_aeabi.S.obj
                0x00000000100111f8                float2int
 .text.__wrap___aeabi_f2uiz
                0x000000001001120c        0xc CMakeFiles/wireless_tx.dir/home/heatherdev/pico/pico-sdk/src/rp2_common/pico_float/float_aeabi.S.obj
                0x000000001001120c                __wrap___aeabi_f2uiz
 .text.fix2float
                0x0000000010011218        0xc CMakeFiles/wireless_tx.dir/home/heatherdev/pico/pico-sdk/src/rp2_common/pico_float/float_aeabi.S.obj
                0x0000000010011218                fix2float
 .text.__wrap___aeabi_f2d
                0x0000000010011224       0x14 CMakeFiles/wireless_tx.dir/home/heatherdev/pico/pico-sdk/src/rp2_common/pico_float/float_aeabi.S.obj
                0x0000000010011224                __wrap___aeabi_f2d
 .text.__wrap_cosf
                0x0000000010011238       0x24 CMakeFiles/wireless_tx.dir/home/heatherdev/pico/pico-sdk/src/rp2_common/pico_float/float_aeabi.S.obj
                0x0000000010011238                __wrap_cosf
 .text.__wrap_sinf
                0x000000001001125c       0x24 CMakeFiles/wireless_tx.dir/home/heatherdev/pico/pico-sdk/src/rp2_common/pico_float/float_aeabi.S.obj
                0x000000001001125c                __wrap_sinf
 .text.__wrap_atan2f
                0x0000000010011280       0x14 CMakeFiles/wireless_tx.dir/home/heatherdev/pico/pico-sdk/src/rp2_common/pico_float/float_aeabi.S.obj
                0x0000000010011280                __wrap_atan2f
 .text.__aeabi_float_init
                0x0000000010011294       0x64 CMakeFiles/wireless_tx.dir/home/heatherdev/pico/pico-sdk/src/rp2_common/pico_float/float_init_rom.c.obj
                0x0000000010011294                __aeabi_float_init
 .text.__wrap_remquof
                0x00000000100112f8      0x14c CMakeFiles/wireless_tx.dir/home/heatherdev/pico/pico-sdk/src/rp2_common/pico_float/float_math.c.obj
                0x00000000100112f8                __wrap_remquof
 .text.__wrap_remainderf
                0x0000000010011444        0xc CMakeFiles/wireless_tx.dir/home/heatherdev/pico/pico-sdk/src/rp2_common/pico_float/float_math.c.obj
                0x0000000010011444                __wrap_remainderf
 .text.float_table_shim_on_use_helper
                0x0000000010011450       0x2c CMakeFiles/wireless_tx.dir/home/heatherdev/pico/pico-sdk/src/rp2_common/pico_float/float_v1_rom_shim.S.obj
                0x0000000010011450                float_table_shim_on_use_helper
 .text.fatan2_shim
                0x000000001001147c       0x88 CMakeFiles/wireless_tx.dir/home/heatherdev/pico/pico-sdk/src/rp2_common/pico_float/float_v1_rom_shim.S.obj
                0x000000001001147c                fatan2_shim
 .text.float232_shims
                0x0000000010011504       0x18 CMakeFiles/wireless_tx.dir/home/heatherdev/pico/pico-sdk/src/rp2_common/pico_float/float_v1_rom_shim.S.obj
                0x0000000010011504                float2int_shim
                0x0000000010011506                float2fix_shim
 .text.float2double_shim
                0x000000001001151c       0x30 CMakeFiles/wireless_tx.dir/home/heatherdev/pico/pico-sdk/src/rp2_common/pico_float/float_v1_rom_shim.S.obj
                0x000000001001151c                float2double_shim
 .text.__wrap_malloc
                0x000000001001154c       0x3c CMakeFiles/wireless_tx.dir/home/heatherdev/pico/pico-sdk/src/rp2_common/pico_malloc/pico_malloc.c.obj
                0x000000001001154c                __wrap_malloc
 .text.__wrap_free
                0x0000000010011588       0x20 CMakeFiles/wireless_tx.dir/home/heatherdev/pico/pico-sdk/src/rp2_common/pico_malloc/pico_malloc.c.obj
                0x0000000010011588                __wrap_free
 .text          0x00000000100115a8       0x10 CMakeFiles/wireless_tx.dir/home/heatherdev/pico/pico-sdk/src/rp2_common/pico_mem_ops/mem_ops_aeabi.S.obj
                0x00000000100115a8                __aeabi_mem_init
 .text.memset   0x00000000100115b8        0xc CMakeFiles/wireless_tx.dir/home/heatherdev/pico/pico-sdk/src/rp2_common/pico_mem_ops/mem_ops_aeabi.S.obj
                0x00000000100115b8                __wrap_memset
 .text.memcpy   0x00000000100115c4        0xc CMakeFiles/wireless_tx.dir/home/heatherdev/pico/pico-sdk/src/rp2_common/pico_mem_ops/mem_ops_aeabi.S.obj
                0x00000000100115c4                __wrap___aeabi_memcpy
                0x00000000100115c4                __wrap_memcpy
 .text._ZdlPvj  0x00000000100115d0        0x8 CMakeFiles/wireless_tx.dir/home/heatherdev/pico/pico-sdk/src/rp2_common/pico_standard_link/new_delete.cpp.obj
                0x00000000100115d0                operator delete(void*, unsigned int)
 .text.stdio_out_chars_no_crlf
                0x00000000100115d8       0x10 CMakeFiles/wireless_tx.dir/home/heatherdev/pico/pico-sdk/src/rp2_common/pico_stdio/stdio.c.obj
 .text.stdio_out_chars_crlf
                0x00000000100115e8       0xb4 CMakeFiles/wireless_tx.dir/home/heatherdev/pico/pico-sdk/src/rp2_common/pico_stdio/stdio.c.obj
 .text.stdio_buffered_printer
                0x000000001001169c       0x64 CMakeFiles/wireless_tx.dir/home/heatherdev/pico/pico-sdk/src/rp2_common/pico_stdio/stdio.c.obj
 .text.stdio_put_string.isra.0
                0x0000000010011700       0xfc CMakeFiles/wireless_tx.dir/home/heatherdev/pico/pico-sdk/src/rp2_common/pico_stdio/stdio.c.obj
 .text.__wrap_putchar
                0x00000000100117fc       0x98 CMakeFiles/wireless_tx.dir/home/heatherdev/pico/pico-sdk/src/rp2_common/pico_stdio/stdio.c.obj
                0x00000000100117fc                __wrap_putchar
 .text.__wrap_puts
                0x0000000010011894       0x3c CMakeFiles/wireless_tx.dir/home/heatherdev/pico/pico-sdk/src/rp2_common/pico_stdio/stdio.c.obj
                0x0000000010011894                __wrap_puts
 .text.stdio_set_driver_enabled
                0x00000000100118d0       0x30 CMakeFiles/wireless_tx.dir/home/heatherdev/pico/pico-sdk/src/rp2_common/pico_stdio/stdio.c.obj
                0x00000000100118d0                stdio_set_driver_enabled
 .text.__wrap_vprintf
                0x0000000010011900       0xd8 CMakeFiles/wireless_tx.dir/home/heatherdev/pico/pico-sdk/src/rp2_common/pico_stdio/stdio.c.obj
                0x0000000010011900                __wrap_vprintf
 .text.__wrap_printf
                0x00000000100119d8       0x18 CMakeFiles/wireless_tx.dir/home/heatherdev/pico/pico-sdk/src/rp2_common/pico_stdio/stdio.c.obj
                0x00000000100119d8                __wrap_printf
 .text.stdio_init_all
                0x00000000100119f0        0x8 CMakeFiles/wireless_tx.dir/home/heatherdev/pico/pico-sdk/src/rp2_common/pico_stdio/stdio.c.obj
                0x00000000100119f0                stdio_init_all
 .text.resetd_init
                0x00000000100119f8        0x4 CMakeFiles/wireless_tx.dir/home/heatherdev/pico/pico-sdk/src/rp2_common/pico_stdio_usb/reset_interface.c.obj
 .text.resetd_reset
                0x00000000100119fc        0xc CMakeFiles/wireless_tx.dir/home/heatherdev/pico/pico-sdk/src/rp2_common/pico_stdio_usb/reset_interface.c.obj
 .text.resetd_open
                0x0000000010011a08       0x28 CMakeFiles/wireless_tx.dir/home/heatherdev/pico/pico-sdk/src/rp2_common/pico_stdio_usb/reset_interface.c.obj
 .text.resetd_xfer_cb
                0x0000000010011a30        0x4 CMakeFiles/wireless_tx.dir/home/heatherdev/pico/pico-sdk/src/rp2_common/pico_stdio_usb/reset_interface.c.obj
 .text.resetd_control_xfer_cb
                0x0000000010011a34       0x64 CMakeFiles/wireless_tx.dir/home/heatherdev/pico/pico-sdk/src/rp2_common/pico_stdio_usb/reset_interface.c.obj
 .text.usbd_app_driver_get_cb
                0x0000000010011a98        0xc CMakeFiles/wireless_tx.dir/home/heatherdev/pico/pico-sdk/src/rp2_common/pico_stdio_usb/reset_interface.c.obj
                0x0000000010011a98                usbd_app_driver_get_cb
 .text.tud_cdc_line_coding_cb
                0x0000000010011aa4       0x34 CMakeFiles/wireless_tx.dir/home/heatherdev/pico/pico-sdk/src/rp2_common/pico_stdio_usb/reset_interface.c.obj
                0x0000000010011aa4                tud_cdc_line_coding_cb
 .text.stdio_usb_set_chars_available_callback
                0x0000000010011ad8       0x14 CMakeFiles/wireless_tx.dir/home/heatherdev/pico/pico-sdk/src/rp2_common/pico_stdio_usb/stdio_usb.c.obj
                0x0000000010011ad8                stdio_usb_set_chars_available_callback
 .text.usb_irq  0x0000000010011aec       0x10 CMakeFiles/wireless_tx.dir/home/heatherdev/pico/pico-sdk/src/rp2_common/pico_stdio_usb/stdio_usb.c.obj
 .text.timer_task
                0x0000000010011afc       0x54 CMakeFiles/wireless_tx.dir/home/heatherdev/pico/pico-sdk/src/rp2_common/pico_stdio_usb/stdio_usb.c.obj
 .text.stdio_usb_in_chars
                0x0000000010011b50       0x90 CMakeFiles/wireless_tx.dir/home/heatherdev/pico/pico-sdk/src/rp2_common/pico_stdio_usb/stdio_usb.c.obj
                0x0000000010011b50                stdio_usb_in_chars
 .text.stdio_usb_out_chars
                0x0000000010011be0      0x100 CMakeFiles/wireless_tx.dir/home/heatherdev/pico/pico-sdk/src/rp2_common/pico_stdio_usb/stdio_usb.c.obj
 .text.low_priority_worker_irq
                0x0000000010011ce0       0xa8 CMakeFiles/wireless_tx.dir/home/heatherdev/pico/pico-sdk/src/rp2_common/pico_stdio_usb/stdio_usb.c.obj
 .text.tud_cdc_rx_cb
                0x0000000010011d88       0x20 CMakeFiles/wireless_tx.dir/home/heatherdev/pico/pico-sdk/src/rp2_common/pico_stdio_usb/stdio_usb.c.obj
                0x0000000010011d88                tud_cdc_rx_cb
 .text.stdio_usb_init
                0x0000000010011da8       0xdc CMakeFiles/wireless_tx.dir/home/heatherdev/pico/pico-sdk/src/rp2_common/pico_stdio_usb/stdio_usb.c.obj
                0x0000000010011da8                stdio_usb_init
 .text.tud_descriptor_device_cb
                0x0000000010011e84        0x8 CMakeFiles/wireless_tx.dir/home/heatherdev/pico/pico-sdk/src/rp2_common/pico_stdio_usb/stdio_usb_descriptors.c.obj
                0x0000000010011e84                tud_descriptor_device_cb
 .text.tud_descriptor_configuration_cb
                0x0000000010011e8c        0x8 CMakeFiles/wireless_tx.dir/home/heatherdev/pico/pico-sdk/src/rp2_common/pico_stdio_usb/stdio_usb_descriptors.c.obj
                0x0000000010011e8c                tud_descriptor_configuration_cb
 .text.tud_descriptor_string_cb
                0x0000000010011e94       0x74 CMakeFiles/wireless_tx.dir/home/heatherdev/pico/pico-sdk/src/rp2_common/pico_stdio_usb/stdio_usb_descriptors.c.obj
                0x0000000010011e94                tud_descriptor_string_cb
 .text.startup._retrieve_unique_id_on_boot
                0x0000000010011f08       0x10 CMakeFiles/wireless_tx.dir/home/heatherdev/pico/pico-sdk/src/rp2_common/pico_unique_id/unique_id.c.obj
 .text.pico_get_unique_board_id_string
                0x0000000010011f18      0x1a8 CMakeFiles/wireless_tx.dir/home/heatherdev/pico/pico-sdk/src/rp2_common/pico_unique_id/unique_id.c.obj
                0x0000000010011f18                pico_get_unique_board_id_string
 .text.flash_get_unique_id
                0x00000000100120c0       0x40 CMakeFiles/wireless_tx.dir/home/heatherdev/pico/pico-sdk/src/rp2_common/hardware_flash/flash.c.obj
                0x00000000100120c0                flash_get_unique_id
 .text.dcd_int_enable
                0x0000000010012100        0xc CMakeFiles/wireless_tx.dir/home/heatherdev/pico/pico-sdk/lib/tinyusb/src/portable/raspberrypi/rp2040/dcd_rp2040.c.obj
                0x0000000010012100                dcd_int_enable
 .text.dcd_set_address
                0x000000001001210c       0x14 CMakeFiles/wireless_tx.dir/home/heatherdev/pico/pico-sdk/lib/tinyusb/src/portable/raspberrypi/rp2040/dcd_rp2040.c.obj
                0x000000001001210c                dcd_set_address
 .text.dcd_connect
                0x0000000010012120       0x10 CMakeFiles/wireless_tx.dir/home/heatherdev/pico/pico-sdk/lib/tinyusb/src/portable/raspberrypi/rp2040/dcd_rp2040.c.obj
                0x0000000010012120                dcd_connect
 .text.dcd_init
                0x0000000010012130       0x98 CMakeFiles/wireless_tx.dir/home/heatherdev/pico/pico-sdk/lib/tinyusb/src/portable/raspberrypi/rp2040/dcd_rp2040.c.obj
                0x0000000010012130                dcd_init
 .text.dcd_edpt0_status_complete
                0x00000000100121c8       0x1c CMakeFiles/wireless_tx.dir/home/heatherdev/pico/pico-sdk/lib/tinyusb/src/portable/raspberrypi/rp2040/dcd_rp2040.c.obj
                0x00000000100121c8                dcd_edpt0_status_complete
 .text.dcd_edpt_open
                0x00000000100121e4      0x108 CMakeFiles/wireless_tx.dir/home/heatherdev/pico/pico-sdk/lib/tinyusb/src/portable/raspberrypi/rp2040/dcd_rp2040.c.obj
                0x00000000100121e4                dcd_edpt_open
 .text.dcd_edpt_close_all
                0x00000000100122ec        0x8 CMakeFiles/wireless_tx.dir/home/heatherdev/pico/pico-sdk/lib/tinyusb/src/portable/raspberrypi/rp2040/dcd_rp2040.c.obj
                0x00000000100122ec                dcd_edpt_close_all
 .text.dcd_edpt_xfer
                0x00000000100122f4       0x24 CMakeFiles/wireless_tx.dir/home/heatherdev/pico/pico-sdk/lib/tinyusb/src/portable/raspberrypi/rp2040/dcd_rp2040.c.obj
                0x00000000100122f4                dcd_edpt_xfer
 .text.dcd_edpt_stall
                0x0000000010012318       0x38 CMakeFiles/wireless_tx.dir/home/heatherdev/pico/pico-sdk/lib/tinyusb/src/portable/raspberrypi/rp2040/dcd_rp2040.c.obj
                0x0000000010012318                dcd_edpt_stall
 .text.dcd_edpt_clear_stall
                0x0000000010012350       0x30 CMakeFiles/wireless_tx.dir/home/heatherdev/pico/pico-sdk/lib/tinyusb/src/portable/raspberrypi/rp2040/dcd_rp2040.c.obj
                0x0000000010012350                dcd_edpt_clear_stall
 .text.rp2040_usb_init
                0x0000000010012380       0x4c CMakeFiles/wireless_tx.dir/home/heatherdev/pico/pico-sdk/lib/tinyusb/src/portable/raspberrypi/rp2040/rp2040_usb.c.obj
                0x0000000010012380                rp2040_usb_init
 .text.hw_endpoint_xfer_start
                0x00000000100123cc       0x50 CMakeFiles/wireless_tx.dir/home/heatherdev/pico/pico-sdk/lib/tinyusb/src/portable/raspberrypi/rp2040/rp2040_usb.c.obj
                0x00000000100123cc                hw_endpoint_xfer_start
 .text.tud_mounted
                0x000000001001241c       0x10 CMakeFiles/wireless_tx.dir/home/heatherdev/pico/pico-sdk/lib/tinyusb/src/device/usbd.c.obj
                0x000000001001241c                tud_mounted
 .text.tud_suspended
                0x000000001001242c       0x10 CMakeFiles/wireless_tx.dir/home/heatherdev/pico/pico-sdk/lib/tinyusb/src/device/usbd.c.obj
                0x000000001001242c                tud_suspended
 .text.tud_inited
                0x000000001001243c       0x14 CMakeFiles/wireless_tx.dir/home/heatherdev/pico/pico-sdk/lib/tinyusb/src/device/usbd.c.obj
                0x000000001001243c                tud_inited
 .text.tud_init
                0x0000000010012450       0xe4 CMakeFiles/wireless_tx.dir/home/heatherdev/pico/pico-sdk/lib/tinyusb/src/device/usbd.c.obj
                0x0000000010012450                tud_init
 .text.tud_task_ext
                0x0000000010012534      0x854 CMakeFiles/wireless_tx.dir/home/heatherdev/pico/pico-sdk/lib/tinyusb/src/device/usbd.c.obj
                0x0000000010012534                tud_task_ext
 .text.usbd_open_edpt_pair
                0x0000000010012d88       0x9c CMakeFiles/wireless_tx.dir/home/heatherdev/pico/pico-sdk/lib/tinyusb/src/device/usbd.c.obj
                0x0000000010012d88                usbd_open_edpt_pair
 .text.usbd_defer_func
                0x0000000010012e24       0x48 CMakeFiles/wireless_tx.dir/home/heatherdev/pico/pico-sdk/lib/tinyusb/src/device/usbd.c.obj
                0x0000000010012e24                usbd_defer_func
 .text.usbd_edpt_open
                0x0000000010012e6c       0x34 CMakeFiles/wireless_tx.dir/home/heatherdev/pico/pico-sdk/lib/tinyusb/src/device/usbd.c.obj
                0x0000000010012e6c                usbd_edpt_open
 .text.usbd_edpt_claim
                0x0000000010012ea0       0x28 CMakeFiles/wireless_tx.dir/home/heatherdev/pico/pico-sdk/lib/tinyusb/src/device/usbd.c.obj
                0x0000000010012ea0                usbd_edpt_claim
 .text.usbd_edpt_release
                0x0000000010012ec8       0x28 CMakeFiles/wireless_tx.dir/home/heatherdev/pico/pico-sdk/lib/tinyusb/src/device/usbd.c.obj
                0x0000000010012ec8                usbd_edpt_release
 .text.usbd_edpt_xfer
                0x0000000010012ef0       0x4c CMakeFiles/wireless_tx.dir/home/heatherdev/pico/pico-sdk/lib/tinyusb/src/device/usbd.c.obj
                0x0000000010012ef0                usbd_edpt_xfer
 .text.tud_control_status
                0x0000000010012f3c       0x30 CMakeFiles/wireless_tx.dir/home/heatherdev/pico/pico-sdk/lib/tinyusb/src/device/usbd_control.c.obj
                0x0000000010012f3c                tud_control_status
 .text.tud_control_xfer
                0x0000000010012f6c       0xbc CMakeFiles/wireless_tx.dir/home/heatherdev/pico/pico-sdk/lib/tinyusb/src/device/usbd_control.c.obj
                0x0000000010012f6c                tud_control_xfer
 .text.usbd_control_reset
                0x0000000010013028       0x14 CMakeFiles/wireless_tx.dir/home/heatherdev/pico/pico-sdk/lib/tinyusb/src/device/usbd_control.c.obj
                0x0000000010013028                usbd_control_reset
 .text.usbd_control_set_complete_callback
                0x000000001001303c        0xc CMakeFiles/wireless_tx.dir/home/heatherdev/pico/pico-sdk/lib/tinyusb/src/device/usbd_control.c.obj
                0x000000001001303c                usbd_control_set_complete_callback
 .text.usbd_control_set_request
                0x0000000010013048       0x1c CMakeFiles/wireless_tx.dir/home/heatherdev/pico/pico-sdk/lib/tinyusb/src/device/usbd_control.c.obj
                0x0000000010013048                usbd_control_set_request
 .text.usbd_control_xfer_cb
                0x0000000010013064       0xfc CMakeFiles/wireless_tx.dir/home/heatherdev/pico/pico-sdk/lib/tinyusb/src/device/usbd_control.c.obj
                0x0000000010013064                usbd_control_xfer_cb
 .text.tud_cdc_n_connected
                0x0000000010013160       0x30 CMakeFiles/wireless_tx.dir/home/heatherdev/pico/pico-sdk/lib/tinyusb/src/class/cdc/cdc_device.c.obj
                0x0000000010013160                tud_cdc_n_connected
 .text.tud_cdc_n_available
                0x0000000010013190       0x18 CMakeFiles/wireless_tx.dir/home/heatherdev/pico/pico-sdk/lib/tinyusb/src/class/cdc/cdc_device.c.obj
                0x0000000010013190                tud_cdc_n_available
 .text.tud_cdc_n_read
                0x00000000100131a8       0x70 CMakeFiles/wireless_tx.dir/home/heatherdev/pico/pico-sdk/lib/tinyusb/src/class/cdc/cdc_device.c.obj
                0x00000000100131a8                tud_cdc_n_read
 .text.tud_cdc_n_write_flush
                0x0000000010013218       0x78 CMakeFiles/wireless_tx.dir/home/heatherdev/pico/pico-sdk/lib/tinyusb/src/class/cdc/cdc_device.c.obj
                0x0000000010013218                tud_cdc_n_write_flush
 .text.tud_cdc_n_write
                0x0000000010013290       0x34 CMakeFiles/wireless_tx.dir/home/heatherdev/pico/pico-sdk/lib/tinyusb/src/class/cdc/cdc_device.c.obj
                0x0000000010013290                tud_cdc_n_write
 .text.tud_cdc_n_write_available
                0x00000000100132c4       0x18 CMakeFiles/wireless_tx.dir/home/heatherdev/pico/pico-sdk/lib/tinyusb/src/class/cdc/cdc_device.c.obj
                0x00000000100132c4                tud_cdc_n_write_available
 .text.cdcd_init
                0x00000000100132dc       0x7c CMakeFiles/wireless_tx.dir/home/heatherdev/pico/pico-sdk/lib/tinyusb/src/class/cdc/cdc_device.c.obj
                0x00000000100132dc                cdcd_init
 .text.cdcd_reset
                0x0000000010013358       0x2c CMakeFiles/wireless_tx.dir/home/heatherdev/pico/pico-sdk/lib/tinyusb/src/class/cdc/cdc_device.c.obj
                0x0000000010013358                cdcd_reset
 .text.cdcd_open
                0x0000000010013384       0xe8 CMakeFiles/wireless_tx.dir/home/heatherdev/pico/pico-sdk/lib/tinyusb/src/class/cdc/cdc_device.c.obj
                0x0000000010013384                cdcd_open
 .text.cdcd_control_xfer_cb
                0x000000001001346c       0xe4 CMakeFiles/wireless_tx.dir/home/heatherdev/pico/pico-sdk/lib/tinyusb/src/class/cdc/cdc_device.c.obj
                0x000000001001346c                cdcd_control_xfer_cb
 .text.cdcd_xfer_cb
                0x0000000010013550      0x148 CMakeFiles/wireless_tx.dir/home/heatherdev/pico/pico-sdk/lib/tinyusb/src/class/cdc/cdc_device.c.obj
                0x0000000010013550                cdcd_xfer_cb
 .text.tusb_init
                0x0000000010013698        0xc CMakeFiles/wireless_tx.dir/home/heatherdev/pico/pico-sdk/lib/tinyusb/src/tusb.c.obj
                0x0000000010013698                tusb_init
 .text.tusb_inited
                0x00000000100136a4        0x8 CMakeFiles/wireless_tx.dir/home/heatherdev/pico/pico-sdk/lib/tinyusb/src/tusb.c.obj
                0x00000000100136a4                tusb_inited
 .text.tu_edpt_claim
                0x00000000100136ac       0x50 CMakeFiles/wireless_tx.dir/home/heatherdev/pico/pico-sdk/lib/tinyusb/src/tusb.c.obj
                0x00000000100136ac                tu_edpt_claim
 .text.tu_edpt_release
                0x00000000100136fc       0x38 CMakeFiles/wireless_tx.dir/home/heatherdev/pico/pico-sdk/lib/tinyusb/src/tusb.c.obj
                0x00000000100136fc                tu_edpt_release
 .text.tu_edpt_validate
                0x0000000010013734       0x78 CMakeFiles/wireless_tx.dir/home/heatherdev/pico/pico-sdk/lib/tinyusb/src/tusb.c.obj
                0x0000000010013734                tu_edpt_validate
 .text.tu_edpt_bind_driver
                0x00000000100137ac       0x34 CMakeFiles/wireless_tx.dir/home/heatherdev/pico/pico-sdk/lib/tinyusb/src/tusb.c.obj
                0x00000000100137ac                tu_edpt_bind_driver
 .text.tu_fifo_config
                0x00000000100137e0       0x70 CMakeFiles/wireless_tx.dir/home/heatherdev/pico/pico-sdk/lib/tinyusb/src/common/tusb_fifo.c.obj
                0x00000000100137e0                tu_fifo_config
 .text.tu_fifo_count
                0x0000000010013850       0x2c CMakeFiles/wireless_tx.dir/home/heatherdev/pico/pico-sdk/lib/tinyusb/src/common/tusb_fifo.c.obj
                0x0000000010013850                tu_fifo_count
 .text.tu_fifo_empty
                0x000000001001387c       0x10 CMakeFiles/wireless_tx.dir/home/heatherdev/pico/pico-sdk/lib/tinyusb/src/common/tusb_fifo.c.obj
                0x000000001001387c                tu_fifo_empty
 .text.tu_fifo_remaining
                0x000000001001388c       0x2c CMakeFiles/wireless_tx.dir/home/heatherdev/pico/pico-sdk/lib/tinyusb/src/common/tusb_fifo.c.obj
                0x000000001001388c                tu_fifo_remaining
 .text.tu_fifo_read
                0x00000000100138b8       0xa0 CMakeFiles/wireless_tx.dir/home/heatherdev/pico/pico-sdk/lib/tinyusb/src/common/tusb_fifo.c.obj
                0x00000000100138b8                tu_fifo_read
 .text.tu_fifo_read_n
                0x0000000010013958       0xec CMakeFiles/wireless_tx.dir/home/heatherdev/pico/pico-sdk/lib/tinyusb/src/common/tusb_fifo.c.obj
                0x0000000010013958                tu_fifo_read_n
 .text.tu_fifo_write
                0x0000000010013a44       0x88 CMakeFiles/wireless_tx.dir/home/heatherdev/pico/pico-sdk/lib/tinyusb/src/common/tusb_fifo.c.obj
                0x0000000010013a44                tu_fifo_write
 .text.tu_fifo_write_n
                0x0000000010013acc      0x168 CMakeFiles/wireless_tx.dir/home/heatherdev/pico/pico-sdk/lib/tinyusb/src/common/tusb_fifo.c.obj
                0x0000000010013acc                tu_fifo_write_n
 .text.tu_fifo_clear
                0x0000000010013c34       0x40 CMakeFiles/wireless_tx.dir/home/heatherdev/pico/pico-sdk/lib/tinyusb/src/common/tusb_fifo.c.obj
                0x0000000010013c34                tu_fifo_clear
 .text.tu_fifo_set_overwritable
                0x0000000010013c74       0x48 CMakeFiles/wireless_tx.dir/home/heatherdev/pico/pico-sdk/lib/tinyusb/src/common/tusb_fifo.c.obj
                0x0000000010013c74                tu_fifo_set_overwritable
 .text.core1_trampoline
                0x0000000010013cbc        0x4 CMakeFiles/wireless_tx.dir/home/heatherdev/pico/pico-sdk/src/rp2_common/pico_multicore/multicore.c.obj
 .text.core1_wrapper
                0x0000000010013cc0        0xc CMakeFiles/wireless_tx.dir/home/heatherdev/pico/pico-sdk/src/rp2_common/pico_multicore/multicore.c.obj
                0x0000000010013cc0                core1_wrapper
 .text.multicore_lockout_handshake
                0x0000000010013ccc      0x104 CMakeFiles/wireless_tx.dir/home/heatherdev/pico/pico-sdk/src/rp2_common/pico_multicore/multicore.c.obj
 .text.multicore_launch_core1_raw
                0x0000000010013dd0       0x84 CMakeFiles/wireless_tx.dir/home/heatherdev/pico/pico-sdk/src/rp2_common/pico_multicore/multicore.c.obj
                0x0000000010013dd0                multicore_launch_core1_raw
 .text.multicore_launch_core1
                0x0000000010013e54       0x4c CMakeFiles/wireless_tx.dir/home/heatherdev/pico/pico-sdk/src/rp2_common/pico_multicore/multicore.c.obj
                0x0000000010013e54                multicore_launch_core1
 .text.multicore_lockout_victim_init
                0x0000000010013ea0       0x4c CMakeFiles/wireless_tx.dir/home/heatherdev/pico/pico-sdk/src/rp2_common/pico_multicore/multicore.c.obj
                0x0000000010013ea0                multicore_lockout_victim_init
 .text.multicore_lockout_start_blocking
                0x0000000010013eec       0x6c CMakeFiles/wireless_tx.dir/home/heatherdev/pico/pico-sdk/src/rp2_common/pico_multicore/multicore.c.obj
                0x0000000010013eec                multicore_lockout_start_blocking
 .text.multicore_lockout_end_blocking
                0x0000000010013f58       0x50 CMakeFiles/wireless_tx.dir/home/heatherdev/pico/pico-sdk/src/rp2_common/pico_multicore/multicore.c.obj
                0x0000000010013f58                multicore_lockout_end_blocking
 .text.adc_init
                0x0000000010013fa8       0x38 CMakeFiles/wireless_tx.dir/home/heatherdev/pico/pico-sdk/src/rp2_common/hardware_adc/adc.c.obj
                0x0000000010013fa8                adc_init
 .text.spi_init
                0x0000000010013fe0      0x138 CMakeFiles/wireless_tx.dir/home/heatherdev/pico/pico-sdk/src/rp2_common/hardware_spi/spi.c.obj
                0x0000000010013fe0                spi_init
 .text.__cxa_guard_acquire
                0x0000000010014118       0x38 /usr/lib/gcc/arm-none-eabi/10.3.1/../../../arm-none-eabi/lib/thumb/v6-m/nofp/libstdc++.a(guard.o)
                0x0000000010014118                __cxa_guard_acquire
 .text.__cxa_guard_release
                0x0000000010014150        0x8 /usr/lib/gcc/arm-none-eabi/10.3.1/../../../arm-none-eabi/lib/thumb/v6-m/nofp/libstdc++.a(guard.o)
                0x0000000010014150                __cxa_guard_release
 .text._ZN9__gnu_cxx20recursive_init_errorD2Ev
                0x0000000010014158       0x18 /usr/lib/gcc/arm-none-eabi/10.3.1/../../../arm-none-eabi/lib/thumb/v6-m/nofp/libstdc++.a(guard_error.o)
                0x0000000010014158                __gnu_cxx::recursive_init_error::~recursive_init_error()
                0x0000000010014158                __gnu_cxx::recursive_init_error::~recursive_init_error()
 .text._ZN9__gnu_cxx20recursive_init_errorD0Ev
                0x0000000010014170       0x20 /usr/lib/gcc/arm-none-eabi/10.3.1/../../../arm-none-eabi/lib/thumb/v6-m/nofp/libstdc++.a(guard_error.o)
                0x0000000010014170                __gnu_cxx::recursive_init_error::~recursive_init_error()
 .text._ZN9__gnu_cxx20recursive_init_errorC2Ev
                0x0000000010014190        0xc /usr/lib/gcc/arm-none-eabi/10.3.1/../../../arm-none-eabi/lib/thumb/v6-m/nofp/libstdc++.a(guard_error.o)
                0x0000000010014190                __gnu_cxx::recursive_init_error::recursive_init_error()
                0x0000000010014190                __gnu_cxx::recursive_init_error::recursive_init_error()
 .text._ZN10__cxxabiv120__si_class_type_infoD2Ev
                0x000000001001419c       0x18 /usr/lib/gcc/arm-none-eabi/10.3.1/../../../arm-none-eabi/lib/thumb/v6-m/nofp/libstdc++.a(si_class_type_info.o)
                0x000000001001419c                __cxxabiv1::__si_class_type_info::~__si_class_type_info()
                0x000000001001419c                __cxxabiv1::__si_class_type_info::~__si_class_type_info()
 .text._ZN10__cxxabiv120__si_class_type_infoD0Ev
                0x00000000100141b4       0x20 /usr/lib/gcc/arm-none-eabi/10.3.1/../../../arm-none-eabi/lib/thumb/v6-m/nofp/libstdc++.a(si_class_type_info.o)
                0x00000000100141b4                __cxxabiv1::__si_class_type_info::~__si_class_type_info()
 .text._ZNK10__cxxabiv120__si_class_type_info20__do_find_public_srcEiPKvPKNS_17__class_type_infoES2_
                0x00000000100141d4       0x38 /usr/lib/gcc/arm-none-eabi/10.3.1/../../../arm-none-eabi/lib/thumb/v6-m/nofp/libstdc++.a(si_class_type_info.o)
                0x00000000100141d4                __cxxabiv1::__si_class_type_info::__do_find_public_src(int, void const*, __cxxabiv1::__class_type_info const*, void const*) const
 .text._ZNK10__cxxabiv120__si_class_type_info12__do_dyncastEiNS_17__class_type_info10__sub_kindEPKS1_PKvS4_S6_RNS1_16__dyncast_resultE
                0x000000001001420c       0x9c /usr/lib/gcc/arm-none-eabi/10.3.1/../../../arm-none-eabi/lib/thumb/v6-m/nofp/libstdc++.a(si_class_type_info.o)
                0x000000001001420c                __cxxabiv1::__si_class_type_info::__do_dyncast(int, __cxxabiv1::__class_type_info::__sub_kind, __cxxabiv1::__class_type_info const*, void const*, __cxxabiv1::__class_type_info const*, void const*, __cxxabiv1::__class_type_info::__dyncast_result&) const
 .text._ZNK10__cxxabiv120__si_class_type_info11__do_upcastEPKNS_17__class_type_infoEPKvRNS1_15__upcast_resultE
                0x00000000100142a8       0x24 /usr/lib/gcc/arm-none-eabi/10.3.1/../../../arm-none-eabi/lib/thumb/v6-m/nofp/libstdc++.a(si_class_type_info.o)
                0x00000000100142a8                __cxxabiv1::__si_class_type_info::__do_upcast(__cxxabiv1::__class_type_info const*, void const*, __cxxabiv1::__class_type_info::__upcast_result&) const
 .text._ZNSt9type_infoD2Ev
                0x00000000100142cc        0x4 /usr/lib/gcc/arm-none-eabi/10.3.1/../../../arm-none-eabi/lib/thumb/v6-m/nofp/libstdc++.a(tinfo.o)
                0x00000000100142cc                std::type_info::~type_info()
                0x00000000100142cc                std::type_info::~type_info()
 .text._ZNKSt9type_info14__is_pointer_pEv
                0x00000000100142d0        0x4 /usr/lib/gcc/arm-none-eabi/10.3.1/../../../arm-none-eabi/lib/thumb/v6-m/nofp/libstdc++.a(tinfo.o)
                0x00000000100142d0                std::type_info::__is_function_p() const
                0x00000000100142d0                std::type_info::__is_pointer_p() const
 .text._ZNKSt9type_infoeqERKS_
                0x00000000100142d4       0x30 /usr/lib/gcc/arm-none-eabi/10.3.1/../../../arm-none-eabi/lib/thumb/v6-m/nofp/libstdc++.a(tinfo.o)
                0x00000000100142d4                std::type_info::operator==(std::type_info const&) const
 .text._ZNK10__cxxabiv117__class_type_info11__do_upcastEPKS0_PPv
                0x0000000010014304       0x34 /usr/lib/gcc/arm-none-eabi/10.3.1/../../../arm-none-eabi/lib/thumb/v6-m/nofp/libstdc++.a(class_type_info.o)
                0x0000000010014304                __cxxabiv1::__class_type_info::__do_upcast(__cxxabiv1::__class_type_info const*, void**) const
 .text._ZNK10__cxxabiv117__class_type_info20__do_find_public_srcEiPKvPKS0_S2_
                0x0000000010014338       0x14 /usr/lib/gcc/arm-none-eabi/10.3.1/../../../arm-none-eabi/lib/thumb/v6-m/nofp/libstdc++.a(class_type_info.o)
                0x0000000010014338                __cxxabiv1::__class_type_info::__do_find_public_src(int, void const*, __cxxabiv1::__class_type_info const*, void const*) const
 .text._ZN10__cxxabiv117__class_type_infoD2Ev
                0x000000001001434c       0x18 /usr/lib/gcc/arm-none-eabi/10.3.1/../../../arm-none-eabi/lib/thumb/v6-m/nofp/libstdc++.a(class_type_info.o)
                0x000000001001434c                __cxxabiv1::__class_type_info::~__class_type_info()
                0x000000001001434c                __cxxabiv1::__class_type_info::~__class_type_info()
 .text._ZN10__cxxabiv117__class_type_infoD0Ev
                0x0000000010014364       0x20 /usr/lib/gcc/arm-none-eabi/10.3.1/../../../arm-none-eabi/lib/thumb/v6-m/nofp/libstdc++.a(class_type_info.o)
                0x0000000010014364                __cxxabiv1::__class_type_info::~__class_type_info()
 .text._ZNK10__cxxabiv117__class_type_info12__do_dyncastEiNS0_10__sub_kindEPKS0_PKvS3_S5_RNS0_16__dyncast_resultE
                0x0000000010014384       0x40 /usr/lib/gcc/arm-none-eabi/10.3.1/../../../arm-none-eabi/lib/thumb/v6-m/nofp/libstdc++.a(class_type_info.o)
                0x0000000010014384                __cxxabiv1::__class_type_info::__do_dyncast(int, __cxxabiv1::__class_type_info::__sub_kind, __cxxabiv1::__class_type_info const*, void const*, __cxxabiv1::__class_type_info const*, void const*, __cxxabiv1::__class_type_info::__dyncast_result&) const
 .text._ZNK10__cxxabiv117__class_type_info11__do_upcastEPKS0_PKvRNS0_15__upcast_resultE
                0x00000000100143c4       0x1c /usr/lib/gcc/arm-none-eabi/10.3.1/../../../arm-none-eabi/lib/thumb/v6-m/nofp/libstdc++.a(class_type_info.o)
                0x00000000100143c4                __cxxabiv1::__class_type_info::__do_upcast(__cxxabiv1::__class_type_info const*, void const*, __cxxabiv1::__class_type_info::__upcast_result&) const
 .text._ZNK10__cxxabiv117__class_type_info10__do_catchEPKSt9type_infoPPvj
                0x00000000100143e0       0x24 /usr/lib/gcc/arm-none-eabi/10.3.1/../../../arm-none-eabi/lib/thumb/v6-m/nofp/libstdc++.a(class_type_info.o)